(tensorflow) C:\Tensorflow\workspace\training_demo>python model_main_tf2.py --model_dir=models/my_ssd_resnet50_v1_fpn --pipeline_config_path=models/my_ssd_resnet50_v1_fpn/pipeline.config
2020-07-29 08:42:44.420101: I tensorflow/stream_executor/platform/default/dso_loader.cc:44] Successfully opened dynamic library cudart64_101.dll
2020-07-29 08:42:47.497944: I tensorflow/stream_executor/platform/default/dso_loader.cc:44] Successfully opened dynamic library nvcuda.dll
2020-07-29 08:42:47.528214: I tensorflow/core/common_runtime/gpu/gpu_device.cc:1561] Found device 0 with properties:
pciBusID: 0000:07:00.0 name: GeForce GTX 1060 3GB computeCapability: 6.1
coreClock: 1.7845GHz coreCount: 9 deviceMemorySize: 3.00GiB deviceMemoryBandwidth: 178.99GiB/s
2020-07-29 08:42:47.534221: I tensorflow/stream_executor/platform/default/dso_loader.cc:44] Successfully opened dynamic library cudart64_101.dll
2020-07-29 08:42:47.544470: I tensorflow/stream_executor/platform/default/dso_loader.cc:44] Successfully opened dynamic library cublas64_10.dll
2020-07-29 08:42:47.554110: I tensorflow/stream_executor/platform/default/dso_loader.cc:44] Successfully opened dynamic library cufft64_10.dll
2020-07-29 08:42:47.559356: I tensorflow/stream_executor/platform/default/dso_loader.cc:44] Successfully opened dynamic library curand64_10.dll
2020-07-29 08:42:47.569876: I tensorflow/stream_executor/platform/default/dso_loader.cc:44] Successfully opened dynamic library cusolver64_10.dll
2020-07-29 08:42:47.576618: I tensorflow/stream_executor/platform/default/dso_loader.cc:44] Successfully opened dynamic library cusparse64_10.dll
2020-07-29 08:42:47.594930: I tensorflow/stream_executor/platform/default/dso_loader.cc:44] Successfully opened dynamic library cudnn64_7.dll
2020-07-29 08:42:47.599344: I tensorflow/core/common_runtime/gpu/gpu_device.cc:1703] Adding visible gpu devices: 0
2020-07-29 08:42:47.601820: I tensorflow/core/platform/cpu_feature_guard.cc:143] Your CPU supports instructions that this TensorFlow binary was not compiled to use: AVX2
2020-07-29 08:42:47.615142: I tensorflow/compiler/xla/service/service.cc:168] XLA service 0x24620593300 initialized for platform Host (this does not guarantee that XLA will be used). Devices:
2020-07-29 08:42:47.618932: I tensorflow/compiler/xla/service/service.cc:176]   StreamExecutor device (0): Host, Default Version
2020-07-29 08:42:47.623394: I tensorflow/core/common_runtime/gpu/gpu_device.cc:1561] Found device 0 with properties:
pciBusID: 0000:07:00.0 name: GeForce GTX 1060 3GB computeCapability: 6.1
coreClock: 1.7845GHz coreCount: 9 deviceMemorySize: 3.00GiB deviceMemoryBandwidth: 178.99GiB/s
2020-07-29 08:42:47.629187: I tensorflow/stream_executor/platform/default/dso_loader.cc:44] Successfully opened dynamic library cudart64_101.dll
2020-07-29 08:42:47.633442: I tensorflow/stream_executor/platform/default/dso_loader.cc:44] Successfully opened dynamic library cublas64_10.dll
2020-07-29 08:42:47.636655: I tensorflow/stream_executor/platform/default/dso_loader.cc:44] Successfully opened dynamic library cufft64_10.dll
2020-07-29 08:42:47.639896: I tensorflow/stream_executor/platform/default/dso_loader.cc:44] Successfully opened dynamic library curand64_10.dll
2020-07-29 08:42:47.644529: I tensorflow/stream_executor/platform/default/dso_loader.cc:44] Successfully opened dynamic library cusolver64_10.dll
2020-07-29 08:42:47.647839: I tensorflow/stream_executor/platform/default/dso_loader.cc:44] Successfully opened dynamic library cusparse64_10.dll
2020-07-29 08:42:47.652228: I tensorflow/stream_executor/platform/default/dso_loader.cc:44] Successfully opened dynamic library cudnn64_7.dll
2020-07-29 08:42:47.656275: I tensorflow/core/common_runtime/gpu/gpu_device.cc:1703] Adding visible gpu devices: 0
2020-07-29 08:42:48.582095: I tensorflow/core/common_runtime/gpu/gpu_device.cc:1102] Device interconnect StreamExecutor with strength 1 edge matrix:
2020-07-29 08:42:48.585247: I tensorflow/core/common_runtime/gpu/gpu_device.cc:1108]      0
2020-07-29 08:42:48.587208: I tensorflow/core/common_runtime/gpu/gpu_device.cc:1121] 0:   N
2020-07-29 08:42:48.590169: I tensorflow/core/common_runtime/gpu/gpu_device.cc:1247] Created TensorFlow device (/job:localhost/replica:0/task:0/device:GPU:0 with 2100 MB memory) -> physical GPU (device: 0, name: GeForce GTX 1060 3GB, pci bus id: 0000:07:00.0, compute capability: 6.1)
2020-07-29 08:42:48.599669: I tensorflow/compiler/xla/service/service.cc:168] XLA service 0x246366d8460 initialized for platform CUDA (this does not guarantee that XLA will be used). Devices:
2020-07-29 08:42:48.604122: I tensorflow/compiler/xla/service/service.cc:176]   StreamExecutor device (0): GeForce GTX 1060 3GB, Compute Capability 6.1
INFO:tensorflow:Using MirroredStrategy with devices ('/job:localhost/replica:0/task:0/device:GPU:0',)
I0729 08:42:48.609771 19972 mirrored_strategy.py:500] Using MirroredStrategy with devices ('/job:localhost/replica:0/task:0/device:GPU:0',)
INFO:tensorflow:Maybe overwriting train_steps: None
I0729 08:42:48.614766 19972 config_util.py:552] Maybe overwriting train_steps: None
INFO:tensorflow:Maybe overwriting use_bfloat16: False
I0729 08:42:48.615765 19972 config_util.py:552] Maybe overwriting use_bfloat16: False
WARNING:tensorflow:num_readers has been reduced to 1 to match input file shards.
W0729 08:42:48.768609 19972 dataset_builder.py:82] num_readers has been reduced to 1 to match input file shards.
WARNING:tensorflow:From C:\Users\CAE\Anaconda3\envs\tensorflow\lib\site-packages\object_detection\builders\dataset_builder.py:96: parallel_interleave (from tensorflow.python.data.experimental.ops.interleave_ops) is deprecated and will be removed in a future version.
Instructions for updating:
Use `tf.data.Dataset.interleave(map_func, cycle_length, block_length, num_parallel_calls=tf.data.experimental.AUTOTUNE)` instead. If sloppy execution is desired, use `tf.data.Options.experimental_deterministic`.
W0729 08:42:48.771606 19972 deprecation.py:317] From C:\Users\CAE\Anaconda3\envs\tensorflow\lib\site-packages\object_detection\builders\dataset_builder.py:96: parallel_interleave (from tensorflow.python.data.experimental.ops.interleave_ops) is deprecated and will be removed in a future version.
Instructions for updating:
Use `tf.data.Dataset.interleave(map_func, cycle_length, block_length, num_parallel_calls=tf.data.experimental.AUTOTUNE)` instead. If sloppy execution is desired, use `tf.data.Options.experimental_deterministic`.
WARNING:tensorflow:From C:\Users\CAE\Anaconda3\envs\tensorflow\lib\site-packages\object_detection\builders\dataset_builder.py:174: DatasetV1.map_with_legacy_function (from tensorflow.python.data.ops.dataset_ops) is deprecated and will be removed in a future version.
Instructions for updating:
Use `tf.data.Dataset.map()
W0729 08:42:48.792584 19972 deprecation.py:317] From C:\Users\CAE\Anaconda3\envs\tensorflow\lib\site-packages\object_detection\builders\dataset_builder.py:174: DatasetV1.map_with_legacy_function (from tensorflow.python.data.ops.dataset_ops) is deprecated and will be removed in a future version.
Instructions for updating:
Use `tf.data.Dataset.map()
WARNING:tensorflow:From C:\Users\CAE\Anaconda3\envs\tensorflow\lib\site-packages\object_detection\inputs.py:79: sparse_to_dense (from tensorflow.python.ops.sparse_ops) is deprecated and will be removed in a future version.
Instructions for updating:
Create a `tf.sparse.SparseTensor` and use `tf.sparse.to_dense` instead.
W0729 08:42:58.975186 19972 deprecation.py:317] From C:\Users\CAE\Anaconda3\envs\tensorflow\lib\site-packages\object_detection\inputs.py:79: sparse_to_dense (from tensorflow.python.ops.sparse_ops) is deprecated and will be removed in a future version.
Instructions for updating:
Create a `tf.sparse.SparseTensor` and use `tf.sparse.to_dense` instead.
WARNING:tensorflow:From C:\Users\CAE\Anaconda3\envs\tensorflow\lib\site-packages\object_detection\core\preprocessor.py:199: sample_distorted_bounding_box (from tensorflow.python.ops.image_ops_impl) is deprecated and will be removed in a future version.
Instructions for updating:
`seed2` arg is deprecated.Use sample_distorted_bounding_box_v2 instead.
W0729 08:43:03.789270 19972 deprecation.py:317] From C:\Users\CAE\Anaconda3\envs\tensorflow\lib\site-packages\object_detection\core\preprocessor.py:199: sample_distorted_bounding_box (from tensorflow.python.ops.image_ops_impl) is deprecated and will be removed in a future version.
Instructions for updating:
`seed2` arg is deprecated.Use sample_distorted_bounding_box_v2 instead.
WARNING:tensorflow:From C:\Users\CAE\Anaconda3\envs\tensorflow\lib\site-packages\object_detection\inputs.py:259: to_float (from tensorflow.python.ops.math_ops) is deprecated and will be removed in a future version.
Instructions for updating:
Use `tf.cast` instead.
W0729 08:43:06.350655 19972 deprecation.py:317] From C:\Users\CAE\Anaconda3\envs\tensorflow\lib\site-packages\object_detection\inputs.py:259: to_float (from tensorflow.python.ops.math_ops) is deprecated and will be removed in a future version.
Instructions for updating:
Use `tf.cast` instead.
2020-07-29 08:43:41.675481: I tensorflow/stream_executor/platform/default/dso_loader.cc:44] Successfully opened dynamic library cublas64_10.dll
2020-07-29 08:43:42.049165: I tensorflow/stream_executor/platform/default/dso_loader.cc:44] Successfully opened dynamic library cudnn64_7.dll
2020-07-29 08:43:43.355390: W tensorflow/stream_executor/gpu/redzone_allocator.cc:314] Internal: Invoking GPU asm compilation is supported on Cuda non-Windows platforms only
Relying on driver to perform ptx compilation.
Modify $PATH to customize ptxas location.
This message will be only logged once.
2020-07-29 08:43:43.675379: W tensorflow/core/common_runtime/bfc_allocator.cc:245] Allocator (GPU_0_bfc) ran out of memory trying to allocate 2.28GiB with freed_by_count=0. The caller indicates that this is not a failure, but may mean that there could be performance gains if more memory were available.
2020-07-29 08:43:43.727638: W tensorflow/core/common_runtime/bfc_allocator.cc:245] Allocator (GPU_0_bfc) ran out of memory trying to allocate 2.28GiB with freed_by_count=0. The caller indicates that this is not a failure, but may mean that there could be performance gains if more memory were available.
2020-07-29 08:43:44.036616: W tensorflow/core/common_runtime/bfc_allocator.cc:245] Allocator (GPU_0_bfc) ran out of memory trying to allocate 2.17GiB with freed_by_count=0. The caller indicates that this is not a failure, but may mean that there could be performance gains if more memory were available.
2020-07-29 08:43:44.263829: W tensorflow/core/common_runtime/bfc_allocator.cc:245] Allocator (GPU_0_bfc) ran out of memory trying to allocate 2.14GiB with freed_by_count=0. The caller indicates that this is not a failure, but may mean that there could be performance gains if more memory were available.
2020-07-29 08:43:44.463439: W tensorflow/core/common_runtime/bfc_allocator.cc:245] Allocator (GPU_0_bfc) ran out of memory trying to allocate 2.18GiB with freed_by_count=0. The caller indicates that this is not a failure, but may mean that there could be performance gains if more memory were available.
INFO:tensorflow:Reduce to /job:localhost/replica:0/task:0/device:CPU:0 then broadcast to ('/job:localhost/replica:0/task:0/device:CPU:0',).
I0729 08:43:46.590563 19972 cross_device_ops.py:438] Reduce to /job:localhost/replica:0/task:0/device:CPU:0 then broadcast to ('/job:localhost/replica:0/task:0/device:CPU:0',).
INFO:tensorflow:Reduce to /job:localhost/replica:0/task:0/device:CPU:0 then broadcast to ('/job:localhost/replica:0/task:0/device:CPU:0',).
I0729 08:43:46.593561 19972 cross_device_ops.py:438] Reduce to /job:localhost/replica:0/task:0/device:CPU:0 then broadcast to ('/job:localhost/replica:0/task:0/device:CPU:0',).
INFO:tensorflow:Reduce to /job:localhost/replica:0/task:0/device:CPU:0 then broadcast to ('/job:localhost/replica:0/task:0/device:CPU:0',).
I0729 08:43:46.594559 19972 cross_device_ops.py:438] Reduce to /job:localhost/replica:0/task:0/device:CPU:0 then broadcast to ('/job:localhost/replica:0/task:0/device:CPU:0',).
INFO:tensorflow:Reduce to /job:localhost/replica:0/task:0/device:CPU:0 then broadcast to ('/job:localhost/replica:0/task:0/device:CPU:0',).
I0729 08:43:46.595559 19972 cross_device_ops.py:438] Reduce to /job:localhost/replica:0/task:0/device:CPU:0 then broadcast to ('/job:localhost/replica:0/task:0/device:CPU:0',).
INFO:tensorflow:Reduce to /job:localhost/replica:0/task:0/device:CPU:0 then broadcast to ('/job:localhost/replica:0/task:0/device:CPU:0',).
I0729 08:43:46.596558 19972 cross_device_ops.py:438] Reduce to /job:localhost/replica:0/task:0/device:CPU:0 then broadcast to ('/job:localhost/replica:0/task:0/device:CPU:0',).
INFO:tensorflow:Reduce to /job:localhost/replica:0/task:0/device:CPU:0 then broadcast to ('/job:localhost/replica:0/task:0/device:CPU:0',).
I0729 08:43:46.597557 19972 cross_device_ops.py:438] Reduce to /job:localhost/replica:0/task:0/device:CPU:0 then broadcast to ('/job:localhost/replica:0/task:0/device:CPU:0',).
INFO:tensorflow:Reduce to /job:localhost/replica:0/task:0/device:CPU:0 then broadcast to ('/job:localhost/replica:0/task:0/device:CPU:0',).
I0729 08:43:46.599555 19972 cross_device_ops.py:438] Reduce to /job:localhost/replica:0/task:0/device:CPU:0 then broadcast to ('/job:localhost/replica:0/task:0/device:CPU:0',).
INFO:tensorflow:Reduce to /job:localhost/replica:0/task:0/device:CPU:0 then broadcast to ('/job:localhost/replica:0/task:0/device:CPU:0',).
I0729 08:43:46.600553 19972 cross_device_ops.py:438] Reduce to /job:localhost/replica:0/task:0/device:CPU:0 then broadcast to ('/job:localhost/replica:0/task:0/device:CPU:0',).
INFO:tensorflow:Reduce to /job:localhost/replica:0/task:0/device:CPU:0 then broadcast to ('/job:localhost/replica:0/task:0/device:CPU:0',).
I0729 08:43:46.605548 19972 cross_device_ops.py:438] Reduce to /job:localhost/replica:0/task:0/device:CPU:0 then broadcast to ('/job:localhost/replica:0/task:0/device:CPU:0',).
INFO:tensorflow:Reduce to /job:localhost/replica:0/task:0/device:CPU:0 then broadcast to ('/job:localhost/replica:0/task:0/device:CPU:0',).
I0729 08:43:46.606548 19972 cross_device_ops.py:438] Reduce to /job:localhost/replica:0/task:0/device:CPU:0 then broadcast to ('/job:localhost/replica:0/task:0/device:CPU:0',).
WARNING:tensorflow:Unresolved object in checkpoint: (root).model._groundtruth_lists
W0729 08:43:46.821328 19972 util.py:143] Unresolved object in checkpoint: (root).model._groundtruth_lists
WARNING:tensorflow:Unresolved object in checkpoint: (root).model._box_predictor
W0729 08:43:46.823326 19972 util.py:143] Unresolved object in checkpoint: (root).model._box_predictor
WARNING:tensorflow:Unresolved object in checkpoint: (root).model._batched_prediction_tensor_names
W0729 08:43:46.823326 19972 util.py:143] Unresolved object in checkpoint: (root).model._batched_prediction_tensor_names
WARNING:tensorflow:Unresolved object in checkpoint: (root).model._box_predictor._box_prediction_head
W0729 08:43:46.824325 19972 util.py:143] Unresolved object in checkpoint: (root).model._box_predictor._box_prediction_head
WARNING:tensorflow:Unresolved object in checkpoint: (root).model._box_predictor._prediction_heads
W0729 08:43:46.825324 19972 util.py:143] Unresolved object in checkpoint: (root).model._box_predictor._prediction_heads
WARNING:tensorflow:Unresolved object in checkpoint: (root).model._box_predictor._sorted_head_names
W0729 08:43:46.826324 19972 util.py:143] Unresolved object in checkpoint: (root).model._box_predictor._sorted_head_names
WARNING:tensorflow:Unresolved object in checkpoint: (root).model._box_predictor._additional_projection_layers
W0729 08:43:46.827322 19972 util.py:143] Unresolved object in checkpoint: (root).model._box_predictor._additional_projection_layers
WARNING:tensorflow:Unresolved object in checkpoint: (root).model._box_predictor._base_tower_layers_for_heads
W0729 08:43:46.828321 19972 util.py:143] Unresolved object in checkpoint: (root).model._box_predictor._base_tower_layers_for_heads
WARNING:tensorflow:Unresolved object in checkpoint: (root).model._box_predictor._head_scope_conv_layers
W0729 08:43:46.829320 19972 util.py:143] Unresolved object in checkpoint: (root).model._box_predictor._head_scope_conv_layers
WARNING:tensorflow:Unresolved object in checkpoint: (root).model._box_predictor._box_prediction_head._box_encoder_layers
W0729 08:43:46.830319 19972 util.py:143] Unresolved object in checkpoint: (root).model._box_predictor._box_prediction_head._box_encoder_layers
WARNING:tensorflow:Unresolved object in checkpoint: (root).model._box_predictor._prediction_heads.class_predictions_with_background
W0729 08:43:46.830319 19972 util.py:143] Unresolved object in checkpoint: (root).model._box_predictor._prediction_heads.class_predictions_with_background
WARNING:tensorflow:Unresolved object in checkpoint: (root).model._box_predictor._additional_projection_layers.0
W0729 08:43:46.835314 19972 util.py:143] Unresolved object in checkpoint: (root).model._box_predictor._additional_projection_layers.0
WARNING:tensorflow:Unresolved object in checkpoint: (root).model._box_predictor._additional_projection_layers.1
W0729 08:43:46.836313 19972 util.py:143] Unresolved object in checkpoint: (root).model._box_predictor._additional_projection_layers.1
WARNING:tensorflow:Unresolved object in checkpoint: (root).model._box_predictor._additional_projection_layers.2
W0729 08:43:46.837312 19972 util.py:143] Unresolved object in checkpoint: (root).model._box_predictor._additional_projection_layers.2
WARNING:tensorflow:Unresolved object in checkpoint: (root).model._box_predictor._additional_projection_layers.3
W0729 08:43:46.838311 19972 util.py:143] Unresolved object in checkpoint: (root).model._box_predictor._additional_projection_layers.3
WARNING:tensorflow:Unresolved object in checkpoint: (root).model._box_predictor._additional_projection_layers.4
W0729 08:43:46.839310 19972 util.py:143] Unresolved object in checkpoint: (root).model._box_predictor._additional_projection_layers.4
WARNING:tensorflow:Unresolved object in checkpoint: (root).model._box_predictor._base_tower_layers_for_heads.box_encodings
W0729 08:43:46.839310 19972 util.py:143] Unresolved object in checkpoint: (root).model._box_predictor._base_tower_layers_for_heads.box_encodings
WARNING:tensorflow:Unresolved object in checkpoint: (root).model._box_predictor._base_tower_layers_for_heads.class_predictions_with_background
W0729 08:43:46.840309 19972 util.py:143] Unresolved object in checkpoint: (root).model._box_predictor._base_tower_layers_for_heads.class_predictions_with_background
WARNING:tensorflow:Unresolved object in checkpoint: (root).model._box_predictor._head_scope_conv_layers.BoxPredictionTower
W0729 08:43:46.841308 19972 util.py:143] Unresolved object in checkpoint: (root).model._box_predictor._head_scope_conv_layers.BoxPredictionTower
WARNING:tensorflow:Unresolved object in checkpoint: (root).model._box_predictor._head_scope_conv_layers.ClassPredictionTower
W0729 08:43:46.842307 19972 util.py:143] Unresolved object in checkpoint: (root).model._box_predictor._head_scope_conv_layers.ClassPredictionTower
WARNING:tensorflow:Unresolved object in checkpoint: (root).model._box_predictor._box_prediction_head._box_encoder_layers.0
W0729 08:43:46.843306 19972 util.py:143] Unresolved object in checkpoint: (root).model._box_predictor._box_prediction_head._box_encoder_layers.0
WARNING:tensorflow:Unresolved object in checkpoint: (root).model._box_predictor._prediction_heads.class_predictions_with_background._class_predictor_layers
W0729 08:43:46.848302 19972 util.py:143] Unresolved object in checkpoint: (root).model._box_predictor._prediction_heads.class_predictions_with_background._class_predictor_layers
WARNING:tensorflow:Unresolved object in checkpoint: (root).model._box_predictor._base_tower_layers_for_heads.box_encodings.0
W0729 08:43:46.862287 19972 util.py:143] Unresolved object in checkpoint: (root).model._box_predictor._base_tower_layers_for_heads.box_encodings.0
WARNING:tensorflow:Unresolved object in checkpoint: (root).model._box_predictor._base_tower_layers_for_heads.box_encodings.1
W0729 08:43:46.862287 19972 util.py:143] Unresolved object in checkpoint: (root).model._box_predictor._base_tower_layers_for_heads.box_encodings.1
WARNING:tensorflow:Unresolved object in checkpoint: (root).model._box_predictor._base_tower_layers_for_heads.box_encodings.2
W0729 08:43:46.863285 19972 util.py:143] Unresolved object in checkpoint: (root).model._box_predictor._base_tower_layers_for_heads.box_encodings.2
WARNING:tensorflow:Unresolved object in checkpoint: (root).model._box_predictor._base_tower_layers_for_heads.box_encodings.3
W0729 08:43:46.864284 19972 util.py:143] Unresolved object in checkpoint: (root).model._box_predictor._base_tower_layers_for_heads.box_encodings.3
WARNING:tensorflow:Unresolved object in checkpoint: (root).model._box_predictor._base_tower_layers_for_heads.box_encodings.4
W0729 08:43:46.865284 19972 util.py:143] Unresolved object in checkpoint: (root).model._box_predictor._base_tower_layers_for_heads.box_encodings.4
WARNING:tensorflow:Unresolved object in checkpoint: (root).model._box_predictor._base_tower_layers_for_heads.class_predictions_with_background.0
W0729 08:43:46.866282 19972 util.py:143] Unresolved object in checkpoint: (root).model._box_predictor._base_tower_layers_for_heads.class_predictions_with_background.0
WARNING:tensorflow:Unresolved object in checkpoint: (root).model._box_predictor._base_tower_layers_for_heads.class_predictions_with_background.1
W0729 08:43:46.866282 19972 util.py:143] Unresolved object in checkpoint: (root).model._box_predictor._base_tower_layers_for_heads.class_predictions_with_background.1
WARNING:tensorflow:Unresolved object in checkpoint: (root).model._box_predictor._base_tower_layers_for_heads.class_predictions_with_background.2
W0729 08:43:46.867284 19972 util.py:143] Unresolved object in checkpoint: (root).model._box_predictor._base_tower_layers_for_heads.class_predictions_with_background.2
WARNING:tensorflow:Unresolved object in checkpoint: (root).model._box_predictor._base_tower_layers_for_heads.class_predictions_with_background.3
W0729 08:43:46.868280 19972 util.py:143] Unresolved object in checkpoint: (root).model._box_predictor._base_tower_layers_for_heads.class_predictions_with_background.3
WARNING:tensorflow:Unresolved object in checkpoint: (root).model._box_predictor._base_tower_layers_for_heads.class_predictions_with_background.4
W0729 08:43:46.869279 19972 util.py:143] Unresolved object in checkpoint: (root).model._box_predictor._base_tower_layers_for_heads.class_predictions_with_background.4
WARNING:tensorflow:Unresolved object in checkpoint: (root).model._box_predictor._head_scope_conv_layers.BoxPredictionTower.0
W0729 08:43:46.870278 19972 util.py:143] Unresolved object in checkpoint: (root).model._box_predictor._head_scope_conv_layers.BoxPredictionTower.0
WARNING:tensorflow:Unresolved object in checkpoint: (root).model._box_predictor._head_scope_conv_layers.BoxPredictionTower.1
W0729 08:43:46.875273 19972 util.py:143] Unresolved object in checkpoint: (root).model._box_predictor._head_scope_conv_layers.BoxPredictionTower.1
WARNING:tensorflow:Unresolved object in checkpoint: (root).model._box_predictor._head_scope_conv_layers.BoxPredictionTower.2
W0729 08:43:46.876272 19972 util.py:143] Unresolved object in checkpoint: (root).model._box_predictor._head_scope_conv_layers.BoxPredictionTower.2
WARNING:tensorflow:Unresolved object in checkpoint: (root).model._box_predictor._head_scope_conv_layers.BoxPredictionTower.3
W0729 08:43:46.876272 19972 util.py:143] Unresolved object in checkpoint: (root).model._box_predictor._head_scope_conv_layers.BoxPredictionTower.3
WARNING:tensorflow:Unresolved object in checkpoint: (root).model._box_predictor._head_scope_conv_layers.ClassPredictionTower.0
W0729 08:43:46.877272 19972 util.py:143] Unresolved object in checkpoint: (root).model._box_predictor._head_scope_conv_layers.ClassPredictionTower.0
WARNING:tensorflow:Unresolved object in checkpoint: (root).model._box_predictor._head_scope_conv_layers.ClassPredictionTower.1
W0729 08:43:46.878270 19972 util.py:143] Unresolved object in checkpoint: (root).model._box_predictor._head_scope_conv_layers.ClassPredictionTower.1
WARNING:tensorflow:Unresolved object in checkpoint: (root).model._box_predictor._head_scope_conv_layers.ClassPredictionTower.2
W0729 08:43:46.879269 19972 util.py:143] Unresolved object in checkpoint: (root).model._box_predictor._head_scope_conv_layers.ClassPredictionTower.2
WARNING:tensorflow:Unresolved object in checkpoint: (root).model._box_predictor._head_scope_conv_layers.ClassPredictionTower.3
W0729 08:43:46.880268 19972 util.py:143] Unresolved object in checkpoint: (root).model._box_predictor._head_scope_conv_layers.ClassPredictionTower.3
WARNING:tensorflow:Unresolved object in checkpoint: (root).model._box_predictor._box_prediction_head._box_encoder_layers.0.kernel
W0729 08:43:46.881267 19972 util.py:143] Unresolved object in checkpoint: (root).model._box_predictor._box_prediction_head._box_encoder_layers.0.kernel
WARNING:tensorflow:Unresolved object in checkpoint: (root).model._box_predictor._box_prediction_head._box_encoder_layers.0.bias
W0729 08:43:46.881267 19972 util.py:143] Unresolved object in checkpoint: (root).model._box_predictor._box_prediction_head._box_encoder_layers.0.bias
WARNING:tensorflow:Unresolved object in checkpoint: (root).model._box_predictor._prediction_heads.class_predictions_with_background._class_predictor_layers.0
W0729 08:43:46.882266 19972 util.py:143] Unresolved object in checkpoint: (root).model._box_predictor._prediction_heads.class_predictions_with_background._class_predictor_layers.0
WARNING:tensorflow:Unresolved object in checkpoint: (root).model._box_predictor._base_tower_layers_for_heads.box_encodings.0.1
W0729 08:43:46.887261 19972 util.py:143] Unresolved object in checkpoint: (root).model._box_predictor._base_tower_layers_for_heads.box_encodings.0.1
WARNING:tensorflow:Unresolved object in checkpoint: (root).model._box_predictor._base_tower_layers_for_heads.box_encodings.0.2
W0729 08:43:46.888260 19972 util.py:143] Unresolved object in checkpoint: (root).model._box_predictor._base_tower_layers_for_heads.box_encodings.0.2
WARNING:tensorflow:Unresolved object in checkpoint: (root).model._box_predictor._base_tower_layers_for_heads.box_encodings.0.4
W0729 08:43:46.889259 19972 util.py:143] Unresolved object in checkpoint: (root).model._box_predictor._base_tower_layers_for_heads.box_encodings.0.4
WARNING:tensorflow:Unresolved object in checkpoint: (root).model._box_predictor._base_tower_layers_for_heads.box_encodings.0.5
W0729 08:43:46.890258 19972 util.py:143] Unresolved object in checkpoint: (root).model._box_predictor._base_tower_layers_for_heads.box_encodings.0.5
WARNING:tensorflow:Unresolved object in checkpoint: (root).model._box_predictor._base_tower_layers_for_heads.box_encodings.0.7
W0729 08:43:46.891257 19972 util.py:143] Unresolved object in checkpoint: (root).model._box_predictor._base_tower_layers_for_heads.box_encodings.0.7
WARNING:tensorflow:Unresolved object in checkpoint: (root).model._box_predictor._base_tower_layers_for_heads.box_encodings.0.8
W0729 08:43:46.891257 19972 util.py:143] Unresolved object in checkpoint: (root).model._box_predictor._base_tower_layers_for_heads.box_encodings.0.8
WARNING:tensorflow:Unresolved object in checkpoint: (root).model._box_predictor._base_tower_layers_for_heads.box_encodings.0.10
W0729 08:43:46.892256 19972 util.py:143] Unresolved object in checkpoint: (root).model._box_predictor._base_tower_layers_for_heads.box_encodings.0.10
WARNING:tensorflow:Unresolved object in checkpoint: (root).model._box_predictor._base_tower_layers_for_heads.box_encodings.0.11
W0729 08:43:46.893255 19972 util.py:143] Unresolved object in checkpoint: (root).model._box_predictor._base_tower_layers_for_heads.box_encodings.0.11
WARNING:tensorflow:Unresolved object in checkpoint: (root).model._box_predictor._base_tower_layers_for_heads.box_encodings.1.1
W0729 08:43:46.894253 19972 util.py:143] Unresolved object in checkpoint: (root).model._box_predictor._base_tower_layers_for_heads.box_encodings.1.1
WARNING:tensorflow:Unresolved object in checkpoint: (root).model._box_predictor._base_tower_layers_for_heads.box_encodings.1.2
W0729 08:43:46.895252 19972 util.py:143] Unresolved object in checkpoint: (root).model._box_predictor._base_tower_layers_for_heads.box_encodings.1.2
WARNING:tensorflow:Unresolved object in checkpoint: (root).model._box_predictor._base_tower_layers_for_heads.box_encodings.1.4
W0729 08:43:46.896251 19972 util.py:143] Unresolved object in checkpoint: (root).model._box_predictor._base_tower_layers_for_heads.box_encodings.1.4
WARNING:tensorflow:Unresolved object in checkpoint: (root).model._box_predictor._base_tower_layers_for_heads.box_encodings.1.5
W0729 08:43:46.911237 19972 util.py:143] Unresolved object in checkpoint: (root).model._box_predictor._base_tower_layers_for_heads.box_encodings.1.5
WARNING:tensorflow:Unresolved object in checkpoint: (root).model._box_predictor._base_tower_layers_for_heads.box_encodings.1.7
W0729 08:43:46.913234 19972 util.py:143] Unresolved object in checkpoint: (root).model._box_predictor._base_tower_layers_for_heads.box_encodings.1.7
WARNING:tensorflow:Unresolved object in checkpoint: (root).model._box_predictor._base_tower_layers_for_heads.box_encodings.1.8
W0729 08:43:46.914233 19972 util.py:143] Unresolved object in checkpoint: (root).model._box_predictor._base_tower_layers_for_heads.box_encodings.1.8
WARNING:tensorflow:Unresolved object in checkpoint: (root).model._box_predictor._base_tower_layers_for_heads.box_encodings.1.10
W0729 08:43:46.914233 19972 util.py:143] Unresolved object in checkpoint: (root).model._box_predictor._base_tower_layers_for_heads.box_encodings.1.10
WARNING:tensorflow:Unresolved object in checkpoint: (root).model._box_predictor._base_tower_layers_for_heads.box_encodings.1.11
W0729 08:43:46.915233 19972 util.py:143] Unresolved object in checkpoint: (root).model._box_predictor._base_tower_layers_for_heads.box_encodings.1.11
WARNING:tensorflow:Unresolved object in checkpoint: (root).model._box_predictor._base_tower_layers_for_heads.box_encodings.2.1
W0729 08:43:46.916231 19972 util.py:143] Unresolved object in checkpoint: (root).model._box_predictor._base_tower_layers_for_heads.box_encodings.2.1
WARNING:tensorflow:Unresolved object in checkpoint: (root).model._box_predictor._base_tower_layers_for_heads.box_encodings.2.2
W0729 08:43:46.917231 19972 util.py:143] Unresolved object in checkpoint: (root).model._box_predictor._base_tower_layers_for_heads.box_encodings.2.2
WARNING:tensorflow:Unresolved object in checkpoint: (root).model._box_predictor._base_tower_layers_for_heads.box_encodings.2.4
W0729 08:43:46.918229 19972 util.py:143] Unresolved object in checkpoint: (root).model._box_predictor._base_tower_layers_for_heads.box_encodings.2.4
WARNING:tensorflow:Unresolved object in checkpoint: (root).model._box_predictor._base_tower_layers_for_heads.box_encodings.2.5
W0729 08:43:46.919228 19972 util.py:143] Unresolved object in checkpoint: (root).model._box_predictor._base_tower_layers_for_heads.box_encodings.2.5
WARNING:tensorflow:Unresolved object in checkpoint: (root).model._box_predictor._base_tower_layers_for_heads.box_encodings.2.7
W0729 08:43:46.919228 19972 util.py:143] Unresolved object in checkpoint: (root).model._box_predictor._base_tower_layers_for_heads.box_encodings.2.7
WARNING:tensorflow:Unresolved object in checkpoint: (root).model._box_predictor._base_tower_layers_for_heads.box_encodings.2.8
W0729 08:43:46.920227 19972 util.py:143] Unresolved object in checkpoint: (root).model._box_predictor._base_tower_layers_for_heads.box_encodings.2.8
WARNING:tensorflow:Unresolved object in checkpoint: (root).model._box_predictor._base_tower_layers_for_heads.box_encodings.2.10
W0729 08:43:46.925223 19972 util.py:143] Unresolved object in checkpoint: (root).model._box_predictor._base_tower_layers_for_heads.box_encodings.2.10
WARNING:tensorflow:Unresolved object in checkpoint: (root).model._box_predictor._base_tower_layers_for_heads.box_encodings.2.11
W0729 08:43:46.926221 19972 util.py:143] Unresolved object in checkpoint: (root).model._box_predictor._base_tower_layers_for_heads.box_encodings.2.11
WARNING:tensorflow:Unresolved object in checkpoint: (root).model._box_predictor._base_tower_layers_for_heads.box_encodings.3.1
W0729 08:43:46.927221 19972 util.py:143] Unresolved object in checkpoint: (root).model._box_predictor._base_tower_layers_for_heads.box_encodings.3.1
WARNING:tensorflow:Unresolved object in checkpoint: (root).model._box_predictor._base_tower_layers_for_heads.box_encodings.3.2
W0729 08:43:46.928219 19972 util.py:143] Unresolved object in checkpoint: (root).model._box_predictor._base_tower_layers_for_heads.box_encodings.3.2
WARNING:tensorflow:Unresolved object in checkpoint: (root).model._box_predictor._base_tower_layers_for_heads.box_encodings.3.4
W0729 08:43:46.929218 19972 util.py:143] Unresolved object in checkpoint: (root).model._box_predictor._base_tower_layers_for_heads.box_encodings.3.4
WARNING:tensorflow:Unresolved object in checkpoint: (root).model._box_predictor._base_tower_layers_for_heads.box_encodings.3.5
W0729 08:43:46.929218 19972 util.py:143] Unresolved object in checkpoint: (root).model._box_predictor._base_tower_layers_for_heads.box_encodings.3.5
WARNING:tensorflow:Unresolved object in checkpoint: (root).model._box_predictor._base_tower_layers_for_heads.box_encodings.3.7
W0729 08:43:46.930217 19972 util.py:143] Unresolved object in checkpoint: (root).model._box_predictor._base_tower_layers_for_heads.box_encodings.3.7
WARNING:tensorflow:Unresolved object in checkpoint: (root).model._box_predictor._base_tower_layers_for_heads.box_encodings.3.8
W0729 08:43:46.931216 19972 util.py:143] Unresolved object in checkpoint: (root).model._box_predictor._base_tower_layers_for_heads.box_encodings.3.8
WARNING:tensorflow:Unresolved object in checkpoint: (root).model._box_predictor._base_tower_layers_for_heads.box_encodings.3.10
W0729 08:43:46.932215 19972 util.py:143] Unresolved object in checkpoint: (root).model._box_predictor._base_tower_layers_for_heads.box_encodings.3.10
WARNING:tensorflow:Unresolved object in checkpoint: (root).model._box_predictor._base_tower_layers_for_heads.box_encodings.3.11
W0729 08:43:46.933214 19972 util.py:143] Unresolved object in checkpoint: (root).model._box_predictor._base_tower_layers_for_heads.box_encodings.3.11
WARNING:tensorflow:Unresolved object in checkpoint: (root).model._box_predictor._base_tower_layers_for_heads.box_encodings.4.1
W0729 08:43:46.933214 19972 util.py:143] Unresolved object in checkpoint: (root).model._box_predictor._base_tower_layers_for_heads.box_encodings.4.1
WARNING:tensorflow:Unresolved object in checkpoint: (root).model._box_predictor._base_tower_layers_for_heads.box_encodings.4.2
W0729 08:43:46.938209 19972 util.py:143] Unresolved object in checkpoint: (root).model._box_predictor._base_tower_layers_for_heads.box_encodings.4.2
WARNING:tensorflow:Unresolved object in checkpoint: (root).model._box_predictor._base_tower_layers_for_heads.box_encodings.4.4
W0729 08:43:46.939208 19972 util.py:143] Unresolved object in checkpoint: (root).model._box_predictor._base_tower_layers_for_heads.box_encodings.4.4
WARNING:tensorflow:Unresolved object in checkpoint: (root).model._box_predictor._base_tower_layers_for_heads.box_encodings.4.5
W0729 08:43:46.940207 19972 util.py:143] Unresolved object in checkpoint: (root).model._box_predictor._base_tower_layers_for_heads.box_encodings.4.5
WARNING:tensorflow:Unresolved object in checkpoint: (root).model._box_predictor._base_tower_layers_for_heads.box_encodings.4.7
W0729 08:43:46.941205 19972 util.py:143] Unresolved object in checkpoint: (root).model._box_predictor._base_tower_layers_for_heads.box_encodings.4.7
WARNING:tensorflow:Unresolved object in checkpoint: (root).model._box_predictor._base_tower_layers_for_heads.box_encodings.4.8
W0729 08:43:46.942205 19972 util.py:143] Unresolved object in checkpoint: (root).model._box_predictor._base_tower_layers_for_heads.box_encodings.4.8
WARNING:tensorflow:Unresolved object in checkpoint: (root).model._box_predictor._base_tower_layers_for_heads.box_encodings.4.10
W0729 08:43:46.943204 19972 util.py:143] Unresolved object in checkpoint: (root).model._box_predictor._base_tower_layers_for_heads.box_encodings.4.10
WARNING:tensorflow:Unresolved object in checkpoint: (root).model._box_predictor._base_tower_layers_for_heads.box_encodings.4.11
W0729 08:43:46.943204 19972 util.py:143] Unresolved object in checkpoint: (root).model._box_predictor._base_tower_layers_for_heads.box_encodings.4.11
WARNING:tensorflow:Unresolved object in checkpoint: (root).model._box_predictor._base_tower_layers_for_heads.class_predictions_with_background.0.1
W0729 08:43:46.944203 19972 util.py:143] Unresolved object in checkpoint: (root).model._box_predictor._base_tower_layers_for_heads.class_predictions_with_background.0.1
WARNING:tensorflow:Unresolved object in checkpoint: (root).model._box_predictor._base_tower_layers_for_heads.class_predictions_with_background.0.2
W0729 08:43:46.945201 19972 util.py:143] Unresolved object in checkpoint: (root).model._box_predictor._base_tower_layers_for_heads.class_predictions_with_background.0.2
WARNING:tensorflow:Unresolved object in checkpoint: (root).model._box_predictor._base_tower_layers_for_heads.class_predictions_with_background.0.4
W0729 08:43:46.946201 19972 util.py:143] Unresolved object in checkpoint: (root).model._box_predictor._base_tower_layers_for_heads.class_predictions_with_background.0.4
WARNING:tensorflow:Unresolved object in checkpoint: (root).model._box_predictor._base_tower_layers_for_heads.class_predictions_with_background.0.5
W0729 08:43:46.947200 19972 util.py:143] Unresolved object in checkpoint: (root).model._box_predictor._base_tower_layers_for_heads.class_predictions_with_background.0.5
WARNING:tensorflow:Unresolved object in checkpoint: (root).model._box_predictor._base_tower_layers_for_heads.class_predictions_with_background.0.7
W0729 08:43:46.962184 19972 util.py:143] Unresolved object in checkpoint: (root).model._box_predictor._base_tower_layers_for_heads.class_predictions_with_background.0.7
WARNING:tensorflow:Unresolved object in checkpoint: (root).model._box_predictor._base_tower_layers_for_heads.class_predictions_with_background.0.8
W0729 08:43:46.963184 19972 util.py:143] Unresolved object in checkpoint: (root).model._box_predictor._base_tower_layers_for_heads.class_predictions_with_background.0.8
WARNING:tensorflow:Unresolved object in checkpoint: (root).model._box_predictor._base_tower_layers_for_heads.class_predictions_with_background.0.10
W0729 08:43:46.964183 19972 util.py:143] Unresolved object in checkpoint: (root).model._box_predictor._base_tower_layers_for_heads.class_predictions_with_background.0.10
WARNING:tensorflow:Unresolved object in checkpoint: (root).model._box_predictor._base_tower_layers_for_heads.class_predictions_with_background.0.11
W0729 08:43:46.965181 19972 util.py:143] Unresolved object in checkpoint: (root).model._box_predictor._base_tower_layers_for_heads.class_predictions_with_background.0.11
WARNING:tensorflow:Unresolved object in checkpoint: (root).model._box_predictor._base_tower_layers_for_heads.class_predictions_with_background.1.1
W0729 08:43:46.966180 19972 util.py:143] Unresolved object in checkpoint: (root).model._box_predictor._base_tower_layers_for_heads.class_predictions_with_background.1.1
WARNING:tensorflow:Unresolved object in checkpoint: (root).model._box_predictor._base_tower_layers_for_heads.class_predictions_with_background.1.2
W0729 08:43:46.967179 19972 util.py:143] Unresolved object in checkpoint: (root).model._box_predictor._base_tower_layers_for_heads.class_predictions_with_background.1.2
WARNING:tensorflow:Unresolved object in checkpoint: (root).model._box_predictor._base_tower_layers_for_heads.class_predictions_with_background.1.4
W0729 08:43:46.968178 19972 util.py:143] Unresolved object in checkpoint: (root).model._box_predictor._base_tower_layers_for_heads.class_predictions_with_background.1.4
WARNING:tensorflow:Unresolved object in checkpoint: (root).model._box_predictor._base_tower_layers_for_heads.class_predictions_with_background.1.5
W0729 08:43:46.968178 19972 util.py:143] Unresolved object in checkpoint: (root).model._box_predictor._base_tower_layers_for_heads.class_predictions_with_background.1.5
WARNING:tensorflow:Unresolved object in checkpoint: (root).model._box_predictor._base_tower_layers_for_heads.class_predictions_with_background.1.7
W0729 08:43:46.969177 19972 util.py:143] Unresolved object in checkpoint: (root).model._box_predictor._base_tower_layers_for_heads.class_predictions_with_background.1.7
WARNING:tensorflow:Unresolved object in checkpoint: (root).model._box_predictor._base_tower_layers_for_heads.class_predictions_with_background.1.8
W0729 08:43:46.970176 19972 util.py:143] Unresolved object in checkpoint: (root).model._box_predictor._base_tower_layers_for_heads.class_predictions_with_background.1.8
WARNING:tensorflow:Unresolved object in checkpoint: (root).model._box_predictor._base_tower_layers_for_heads.class_predictions_with_background.1.10
W0729 08:43:46.971175 19972 util.py:143] Unresolved object in checkpoint: (root).model._box_predictor._base_tower_layers_for_heads.class_predictions_with_background.1.10
WARNING:tensorflow:Unresolved object in checkpoint: (root).model._box_predictor._base_tower_layers_for_heads.class_predictions_with_background.1.11
W0729 08:43:46.972174 19972 util.py:143] Unresolved object in checkpoint: (root).model._box_predictor._base_tower_layers_for_heads.class_predictions_with_background.1.11
WARNING:tensorflow:Unresolved object in checkpoint: (root).model._box_predictor._base_tower_layers_for_heads.class_predictions_with_background.2.1
W0729 08:43:46.977169 19972 util.py:143] Unresolved object in checkpoint: (root).model._box_predictor._base_tower_layers_for_heads.class_predictions_with_background.2.1
WARNING:tensorflow:Unresolved object in checkpoint: (root).model._box_predictor._base_tower_layers_for_heads.class_predictions_with_background.2.2
W0729 08:43:46.978168 19972 util.py:143] Unresolved object in checkpoint: (root).model._box_predictor._base_tower_layers_for_heads.class_predictions_with_background.2.2
WARNING:tensorflow:Unresolved object in checkpoint: (root).model._box_predictor._base_tower_layers_for_heads.class_predictions_with_background.2.4
W0729 08:43:46.978168 19972 util.py:143] Unresolved object in checkpoint: (root).model._box_predictor._base_tower_layers_for_heads.class_predictions_with_background.2.4
WARNING:tensorflow:Unresolved object in checkpoint: (root).model._box_predictor._base_tower_layers_for_heads.class_predictions_with_background.2.5
W0729 08:43:46.979167 19972 util.py:143] Unresolved object in checkpoint: (root).model._box_predictor._base_tower_layers_for_heads.class_predictions_with_background.2.5
WARNING:tensorflow:Unresolved object in checkpoint: (root).model._box_predictor._base_tower_layers_for_heads.class_predictions_with_background.2.7
W0729 08:43:46.980166 19972 util.py:143] Unresolved object in checkpoint: (root).model._box_predictor._base_tower_layers_for_heads.class_predictions_with_background.2.7
WARNING:tensorflow:Unresolved object in checkpoint: (root).model._box_predictor._base_tower_layers_for_heads.class_predictions_with_background.2.8
W0729 08:43:46.981165 19972 util.py:143] Unresolved object in checkpoint: (root).model._box_predictor._base_tower_layers_for_heads.class_predictions_with_background.2.8
WARNING:tensorflow:Unresolved object in checkpoint: (root).model._box_predictor._base_tower_layers_for_heads.class_predictions_with_background.2.10
W0729 08:43:46.982163 19972 util.py:143] Unresolved object in checkpoint: (root).model._box_predictor._base_tower_layers_for_heads.class_predictions_with_background.2.10
WARNING:tensorflow:Unresolved object in checkpoint: (root).model._box_predictor._base_tower_layers_for_heads.class_predictions_with_background.2.11
W0729 08:43:46.983163 19972 util.py:143] Unresolved object in checkpoint: (root).model._box_predictor._base_tower_layers_for_heads.class_predictions_with_background.2.11
WARNING:tensorflow:Unresolved object in checkpoint: (root).model._box_predictor._base_tower_layers_for_heads.class_predictions_with_background.3.1
W0729 08:43:46.984162 19972 util.py:143] Unresolved object in checkpoint: (root).model._box_predictor._base_tower_layers_for_heads.class_predictions_with_background.3.1
WARNING:tensorflow:Unresolved object in checkpoint: (root).model._box_predictor._base_tower_layers_for_heads.class_predictions_with_background.3.2
W0729 08:43:46.984162 19972 util.py:143] Unresolved object in checkpoint: (root).model._box_predictor._base_tower_layers_for_heads.class_predictions_with_background.3.2
WARNING:tensorflow:Unresolved object in checkpoint: (root).model._box_predictor._base_tower_layers_for_heads.class_predictions_with_background.3.4
W0729 08:43:46.989157 19972 util.py:143] Unresolved object in checkpoint: (root).model._box_predictor._base_tower_layers_for_heads.class_predictions_with_background.3.4
WARNING:tensorflow:Unresolved object in checkpoint: (root).model._box_predictor._base_tower_layers_for_heads.class_predictions_with_background.3.5
W0729 08:43:46.990156 19972 util.py:143] Unresolved object in checkpoint: (root).model._box_predictor._base_tower_layers_for_heads.class_predictions_with_background.3.5
WARNING:tensorflow:Unresolved object in checkpoint: (root).model._box_predictor._base_tower_layers_for_heads.class_predictions_with_background.3.7
W0729 08:43:46.991155 19972 util.py:143] Unresolved object in checkpoint: (root).model._box_predictor._base_tower_layers_for_heads.class_predictions_with_background.3.7
WARNING:tensorflow:Unresolved object in checkpoint: (root).model._box_predictor._base_tower_layers_for_heads.class_predictions_with_background.3.8
W0729 08:43:46.992154 19972 util.py:143] Unresolved object in checkpoint: (root).model._box_predictor._base_tower_layers_for_heads.class_predictions_with_background.3.8
WARNING:tensorflow:Unresolved object in checkpoint: (root).model._box_predictor._base_tower_layers_for_heads.class_predictions_with_background.3.10
W0729 08:43:46.993153 19972 util.py:143] Unresolved object in checkpoint: (root).model._box_predictor._base_tower_layers_for_heads.class_predictions_with_background.3.10
WARNING:tensorflow:Unresolved object in checkpoint: (root).model._box_predictor._base_tower_layers_for_heads.class_predictions_with_background.3.11
W0729 08:43:46.994152 19972 util.py:143] Unresolved object in checkpoint: (root).model._box_predictor._base_tower_layers_for_heads.class_predictions_with_background.3.11
WARNING:tensorflow:Unresolved object in checkpoint: (root).model._box_predictor._base_tower_layers_for_heads.class_predictions_with_background.4.1
W0729 08:43:46.994152 19972 util.py:143] Unresolved object in checkpoint: (root).model._box_predictor._base_tower_layers_for_heads.class_predictions_with_background.4.1
WARNING:tensorflow:Unresolved object in checkpoint: (root).model._box_predictor._base_tower_layers_for_heads.class_predictions_with_background.4.2
W0729 08:43:46.995151 19972 util.py:143] Unresolved object in checkpoint: (root).model._box_predictor._base_tower_layers_for_heads.class_predictions_with_background.4.2
WARNING:tensorflow:Unresolved object in checkpoint: (root).model._box_predictor._base_tower_layers_for_heads.class_predictions_with_background.4.4
W0729 08:43:46.996150 19972 util.py:143] Unresolved object in checkpoint: (root).model._box_predictor._base_tower_layers_for_heads.class_predictions_with_background.4.4
WARNING:tensorflow:Unresolved object in checkpoint: (root).model._box_predictor._base_tower_layers_for_heads.class_predictions_with_background.4.5
W0729 08:43:46.997149 19972 util.py:143] Unresolved object in checkpoint: (root).model._box_predictor._base_tower_layers_for_heads.class_predictions_with_background.4.5
WARNING:tensorflow:Unresolved object in checkpoint: (root).model._box_predictor._base_tower_layers_for_heads.class_predictions_with_background.4.7
W0729 08:43:46.998148 19972 util.py:143] Unresolved object in checkpoint: (root).model._box_predictor._base_tower_layers_for_heads.class_predictions_with_background.4.7
WARNING:tensorflow:Unresolved object in checkpoint: (root).model._box_predictor._base_tower_layers_for_heads.class_predictions_with_background.4.8
W0729 08:43:47.012133 19972 util.py:143] Unresolved object in checkpoint: (root).model._box_predictor._base_tower_layers_for_heads.class_predictions_with_background.4.8
WARNING:tensorflow:Unresolved object in checkpoint: (root).model._box_predictor._base_tower_layers_for_heads.class_predictions_with_background.4.10
W0729 08:43:47.014131 19972 util.py:143] Unresolved object in checkpoint: (root).model._box_predictor._base_tower_layers_for_heads.class_predictions_with_background.4.10
WARNING:tensorflow:Unresolved object in checkpoint: (root).model._box_predictor._base_tower_layers_for_heads.class_predictions_with_background.4.11
W0729 08:43:47.015130 19972 util.py:143] Unresolved object in checkpoint: (root).model._box_predictor._base_tower_layers_for_heads.class_predictions_with_background.4.11
WARNING:tensorflow:Unresolved object in checkpoint: (root).model._box_predictor._head_scope_conv_layers.BoxPredictionTower.0.kernel
W0729 08:43:47.015130 19972 util.py:143] Unresolved object in checkpoint: (root).model._box_predictor._head_scope_conv_layers.BoxPredictionTower.0.kernel
WARNING:tensorflow:Unresolved object in checkpoint: (root).model._box_predictor._head_scope_conv_layers.BoxPredictionTower.1.kernel
W0729 08:43:47.016129 19972 util.py:143] Unresolved object in checkpoint: (root).model._box_predictor._head_scope_conv_layers.BoxPredictionTower.1.kernel
WARNING:tensorflow:Unresolved object in checkpoint: (root).model._box_predictor._head_scope_conv_layers.BoxPredictionTower.2.kernel
W0729 08:43:47.017128 19972 util.py:143] Unresolved object in checkpoint: (root).model._box_predictor._head_scope_conv_layers.BoxPredictionTower.2.kernel
WARNING:tensorflow:Unresolved object in checkpoint: (root).model._box_predictor._head_scope_conv_layers.BoxPredictionTower.3.kernel
W0729 08:43:47.018127 19972 util.py:143] Unresolved object in checkpoint: (root).model._box_predictor._head_scope_conv_layers.BoxPredictionTower.3.kernel
WARNING:tensorflow:Unresolved object in checkpoint: (root).model._box_predictor._head_scope_conv_layers.ClassPredictionTower.0.kernel
W0729 08:43:47.019126 19972 util.py:143] Unresolved object in checkpoint: (root).model._box_predictor._head_scope_conv_layers.ClassPredictionTower.0.kernel
WARNING:tensorflow:Unresolved object in checkpoint: (root).model._box_predictor._head_scope_conv_layers.ClassPredictionTower.1.kernel
W0729 08:43:47.020125 19972 util.py:143] Unresolved object in checkpoint: (root).model._box_predictor._head_scope_conv_layers.ClassPredictionTower.1.kernel
WARNING:tensorflow:Unresolved object in checkpoint: (root).model._box_predictor._head_scope_conv_layers.ClassPredictionTower.2.kernel
W0729 08:43:47.020125 19972 util.py:143] Unresolved object in checkpoint: (root).model._box_predictor._head_scope_conv_layers.ClassPredictionTower.2.kernel
WARNING:tensorflow:Unresolved object in checkpoint: (root).model._box_predictor._head_scope_conv_layers.ClassPredictionTower.3.kernel
W0729 08:43:47.021124 19972 util.py:143] Unresolved object in checkpoint: (root).model._box_predictor._head_scope_conv_layers.ClassPredictionTower.3.kernel
WARNING:tensorflow:Unresolved object in checkpoint: (root).model._box_predictor._prediction_heads.class_predictions_with_background._class_predictor_layers.0.kernel
W0729 08:43:47.026120 19972 util.py:143] Unresolved object in checkpoint: (root).model._box_predictor._prediction_heads.class_predictions_with_background._class_predictor_layers.0.kernel
WARNING:tensorflow:Unresolved object in checkpoint: (root).model._box_predictor._prediction_heads.class_predictions_with_background._class_predictor_layers.0.bias
W0729 08:43:47.027118 19972 util.py:143] Unresolved object in checkpoint: (root).model._box_predictor._prediction_heads.class_predictions_with_background._class_predictor_layers.0.bias
WARNING:tensorflow:Unresolved object in checkpoint: (root).model._box_predictor._base_tower_layers_for_heads.box_encodings.0.1.axis
W0729 08:43:47.028119 19972 util.py:143] Unresolved object in checkpoint: (root).model._box_predictor._base_tower_layers_for_heads.box_encodings.0.1.axis
WARNING:tensorflow:Unresolved object in checkpoint: (root).model._box_predictor._base_tower_layers_for_heads.box_encodings.0.1.gamma
W0729 08:43:47.029116 19972 util.py:143] Unresolved object in checkpoint: (root).model._box_predictor._base_tower_layers_for_heads.box_encodings.0.1.gamma
WARNING:tensorflow:Unresolved object in checkpoint: (root).model._box_predictor._base_tower_layers_for_heads.box_encodings.0.1.beta
W0729 08:43:47.030115 19972 util.py:143] Unresolved object in checkpoint: (root).model._box_predictor._base_tower_layers_for_heads.box_encodings.0.1.beta
WARNING:tensorflow:Unresolved object in checkpoint: (root).model._box_predictor._base_tower_layers_for_heads.box_encodings.0.1.moving_mean
W0729 08:43:47.030115 19972 util.py:143] Unresolved object in checkpoint: (root).model._box_predictor._base_tower_layers_for_heads.box_encodings.0.1.moving_mean
WARNING:tensorflow:Unresolved object in checkpoint: (root).model._box_predictor._base_tower_layers_for_heads.box_encodings.0.1.moving_variance
W0729 08:43:47.031114 19972 util.py:143] Unresolved object in checkpoint: (root).model._box_predictor._base_tower_layers_for_heads.box_encodings.0.1.moving_variance
WARNING:tensorflow:Unresolved object in checkpoint: (root).model._box_predictor._base_tower_layers_for_heads.box_encodings.0.4.axis
W0729 08:43:47.032113 19972 util.py:143] Unresolved object in checkpoint: (root).model._box_predictor._base_tower_layers_for_heads.box_encodings.0.4.axis
WARNING:tensorflow:Unresolved object in checkpoint: (root).model._box_predictor._base_tower_layers_for_heads.box_encodings.0.4.gamma
W0729 08:43:47.033112 19972 util.py:143] Unresolved object in checkpoint: (root).model._box_predictor._base_tower_layers_for_heads.box_encodings.0.4.gamma
WARNING:tensorflow:Unresolved object in checkpoint: (root).model._box_predictor._base_tower_layers_for_heads.box_encodings.0.4.beta
W0729 08:43:47.034111 19972 util.py:143] Unresolved object in checkpoint: (root).model._box_predictor._base_tower_layers_for_heads.box_encodings.0.4.beta
WARNING:tensorflow:Unresolved object in checkpoint: (root).model._box_predictor._base_tower_layers_for_heads.box_encodings.0.4.moving_mean
W0729 08:43:47.035110 19972 util.py:143] Unresolved object in checkpoint: (root).model._box_predictor._base_tower_layers_for_heads.box_encodings.0.4.moving_mean
WARNING:tensorflow:Unresolved object in checkpoint: (root).model._box_predictor._base_tower_layers_for_heads.box_encodings.0.4.moving_variance
W0729 08:43:47.040105 19972 util.py:143] Unresolved object in checkpoint: (root).model._box_predictor._base_tower_layers_for_heads.box_encodings.0.4.moving_variance
WARNING:tensorflow:Unresolved object in checkpoint: (root).model._box_predictor._base_tower_layers_for_heads.box_encodings.0.7.axis
W0729 08:43:47.040105 19972 util.py:143] Unresolved object in checkpoint: (root).model._box_predictor._base_tower_layers_for_heads.box_encodings.0.7.axis
WARNING:tensorflow:Unresolved object in checkpoint: (root).model._box_predictor._base_tower_layers_for_heads.box_encodings.0.7.gamma
W0729 08:43:47.041104 19972 util.py:143] Unresolved object in checkpoint: (root).model._box_predictor._base_tower_layers_for_heads.box_encodings.0.7.gamma
WARNING:tensorflow:Unresolved object in checkpoint: (root).model._box_predictor._base_tower_layers_for_heads.box_encodings.0.7.beta
W0729 08:43:47.042103 19972 util.py:143] Unresolved object in checkpoint: (root).model._box_predictor._base_tower_layers_for_heads.box_encodings.0.7.beta
WARNING:tensorflow:Unresolved object in checkpoint: (root).model._box_predictor._base_tower_layers_for_heads.box_encodings.0.7.moving_mean
W0729 08:43:47.043102 19972 util.py:143] Unresolved object in checkpoint: (root).model._box_predictor._base_tower_layers_for_heads.box_encodings.0.7.moving_mean
WARNING:tensorflow:Unresolved object in checkpoint: (root).model._box_predictor._base_tower_layers_for_heads.box_encodings.0.7.moving_variance
W0729 08:43:47.044101 19972 util.py:143] Unresolved object in checkpoint: (root).model._box_predictor._base_tower_layers_for_heads.box_encodings.0.7.moving_variance
WARNING:tensorflow:Unresolved object in checkpoint: (root).model._box_predictor._base_tower_layers_for_heads.box_encodings.0.10.axis
W0729 08:43:47.045099 19972 util.py:143] Unresolved object in checkpoint: (root).model._box_predictor._base_tower_layers_for_heads.box_encodings.0.10.axis
WARNING:tensorflow:Unresolved object in checkpoint: (root).model._box_predictor._base_tower_layers_for_heads.box_encodings.0.10.gamma
W0729 08:43:47.045099 19972 util.py:143] Unresolved object in checkpoint: (root).model._box_predictor._base_tower_layers_for_heads.box_encodings.0.10.gamma
WARNING:tensorflow:Unresolved object in checkpoint: (root).model._box_predictor._base_tower_layers_for_heads.box_encodings.0.10.beta
W0729 08:43:47.046099 19972 util.py:143] Unresolved object in checkpoint: (root).model._box_predictor._base_tower_layers_for_heads.box_encodings.0.10.beta
WARNING:tensorflow:Unresolved object in checkpoint: (root).model._box_predictor._base_tower_layers_for_heads.box_encodings.0.10.moving_mean
W0729 08:43:47.047098 19972 util.py:143] Unresolved object in checkpoint: (root).model._box_predictor._base_tower_layers_for_heads.box_encodings.0.10.moving_mean
WARNING:tensorflow:Unresolved object in checkpoint: (root).model._box_predictor._base_tower_layers_for_heads.box_encodings.0.10.moving_variance
W0729 08:43:47.062082 19972 util.py:143] Unresolved object in checkpoint: (root).model._box_predictor._base_tower_layers_for_heads.box_encodings.0.10.moving_variance
WARNING:tensorflow:Unresolved object in checkpoint: (root).model._box_predictor._base_tower_layers_for_heads.box_encodings.1.1.axis
W0729 08:43:47.063081 19972 util.py:143] Unresolved object in checkpoint: (root).model._box_predictor._base_tower_layers_for_heads.box_encodings.1.1.axis
WARNING:tensorflow:Unresolved object in checkpoint: (root).model._box_predictor._base_tower_layers_for_heads.box_encodings.1.1.gamma
W0729 08:43:47.064080 19972 util.py:143] Unresolved object in checkpoint: (root).model._box_predictor._base_tower_layers_for_heads.box_encodings.1.1.gamma
WARNING:tensorflow:Unresolved object in checkpoint: (root).model._box_predictor._base_tower_layers_for_heads.box_encodings.1.1.beta
W0729 08:43:47.065079 19972 util.py:143] Unresolved object in checkpoint: (root).model._box_predictor._base_tower_layers_for_heads.box_encodings.1.1.beta
WARNING:tensorflow:Unresolved object in checkpoint: (root).model._box_predictor._base_tower_layers_for_heads.box_encodings.1.1.moving_mean
W0729 08:43:47.066078 19972 util.py:143] Unresolved object in checkpoint: (root).model._box_predictor._base_tower_layers_for_heads.box_encodings.1.1.moving_mean
WARNING:tensorflow:Unresolved object in checkpoint: (root).model._box_predictor._base_tower_layers_for_heads.box_encodings.1.1.moving_variance
W0729 08:43:47.066078 19972 util.py:143] Unresolved object in checkpoint: (root).model._box_predictor._base_tower_layers_for_heads.box_encodings.1.1.moving_variance
WARNING:tensorflow:Unresolved object in checkpoint: (root).model._box_predictor._base_tower_layers_for_heads.box_encodings.1.4.axis
W0729 08:43:47.067078 19972 util.py:143] Unresolved object in checkpoint: (root).model._box_predictor._base_tower_layers_for_heads.box_encodings.1.4.axis
WARNING:tensorflow:Unresolved object in checkpoint: (root).model._box_predictor._base_tower_layers_for_heads.box_encodings.1.4.gamma
W0729 08:43:47.068076 19972 util.py:143] Unresolved object in checkpoint: (root).model._box_predictor._base_tower_layers_for_heads.box_encodings.1.4.gamma
WARNING:tensorflow:Unresolved object in checkpoint: (root).model._box_predictor._base_tower_layers_for_heads.box_encodings.1.4.beta
W0729 08:43:47.069075 19972 util.py:143] Unresolved object in checkpoint: (root).model._box_predictor._base_tower_layers_for_heads.box_encodings.1.4.beta
WARNING:tensorflow:Unresolved object in checkpoint: (root).model._box_predictor._base_tower_layers_for_heads.box_encodings.1.4.moving_mean
W0729 08:43:47.070074 19972 util.py:143] Unresolved object in checkpoint: (root).model._box_predictor._base_tower_layers_for_heads.box_encodings.1.4.moving_mean
WARNING:tensorflow:Unresolved object in checkpoint: (root).model._box_predictor._base_tower_layers_for_heads.box_encodings.1.4.moving_variance
W0729 08:43:47.071073 19972 util.py:143] Unresolved object in checkpoint: (root).model._box_predictor._base_tower_layers_for_heads.box_encodings.1.4.moving_variance
WARNING:tensorflow:Unresolved object in checkpoint: (root).model._box_predictor._base_tower_layers_for_heads.box_encodings.1.7.axis
W0729 08:43:47.071073 19972 util.py:143] Unresolved object in checkpoint: (root).model._box_predictor._base_tower_layers_for_heads.box_encodings.1.7.axis
WARNING:tensorflow:Unresolved object in checkpoint: (root).model._box_predictor._base_tower_layers_for_heads.box_encodings.1.7.gamma
W0729 08:43:47.076069 19972 util.py:143] Unresolved object in checkpoint: (root).model._box_predictor._base_tower_layers_for_heads.box_encodings.1.7.gamma
WARNING:tensorflow:Unresolved object in checkpoint: (root).model._box_predictor._base_tower_layers_for_heads.box_encodings.1.7.beta
W0729 08:43:47.077067 19972 util.py:143] Unresolved object in checkpoint: (root).model._box_predictor._base_tower_layers_for_heads.box_encodings.1.7.beta
WARNING:tensorflow:Unresolved object in checkpoint: (root).model._box_predictor._base_tower_layers_for_heads.box_encodings.1.7.moving_mean
W0729 08:43:47.078066 19972 util.py:143] Unresolved object in checkpoint: (root).model._box_predictor._base_tower_layers_for_heads.box_encodings.1.7.moving_mean
WARNING:tensorflow:Unresolved object in checkpoint: (root).model._box_predictor._base_tower_layers_for_heads.box_encodings.1.7.moving_variance
W0729 08:43:47.079066 19972 util.py:143] Unresolved object in checkpoint: (root).model._box_predictor._base_tower_layers_for_heads.box_encodings.1.7.moving_variance
WARNING:tensorflow:Unresolved object in checkpoint: (root).model._box_predictor._base_tower_layers_for_heads.box_encodings.1.10.axis
W0729 08:43:47.080064 19972 util.py:143] Unresolved object in checkpoint: (root).model._box_predictor._base_tower_layers_for_heads.box_encodings.1.10.axis
WARNING:tensorflow:Unresolved object in checkpoint: (root).model._box_predictor._base_tower_layers_for_heads.box_encodings.1.10.gamma
W0729 08:43:47.081063 19972 util.py:143] Unresolved object in checkpoint: (root).model._box_predictor._base_tower_layers_for_heads.box_encodings.1.10.gamma
WARNING:tensorflow:Unresolved object in checkpoint: (root).model._box_predictor._base_tower_layers_for_heads.box_encodings.1.10.beta
W0729 08:43:47.081063 19972 util.py:143] Unresolved object in checkpoint: (root).model._box_predictor._base_tower_layers_for_heads.box_encodings.1.10.beta
WARNING:tensorflow:Unresolved object in checkpoint: (root).model._box_predictor._base_tower_layers_for_heads.box_encodings.1.10.moving_mean
W0729 08:43:47.082062 19972 util.py:143] Unresolved object in checkpoint: (root).model._box_predictor._base_tower_layers_for_heads.box_encodings.1.10.moving_mean
WARNING:tensorflow:Unresolved object in checkpoint: (root).model._box_predictor._base_tower_layers_for_heads.box_encodings.1.10.moving_variance
W0729 08:43:47.083061 19972 util.py:143] Unresolved object in checkpoint: (root).model._box_predictor._base_tower_layers_for_heads.box_encodings.1.10.moving_variance
WARNING:tensorflow:Unresolved object in checkpoint: (root).model._box_predictor._base_tower_layers_for_heads.box_encodings.2.1.axis
W0729 08:43:47.084060 19972 util.py:143] Unresolved object in checkpoint: (root).model._box_predictor._base_tower_layers_for_heads.box_encodings.2.1.axis
WARNING:tensorflow:Unresolved object in checkpoint: (root).model._box_predictor._base_tower_layers_for_heads.box_encodings.2.1.gamma
W0729 08:43:47.085059 19972 util.py:143] Unresolved object in checkpoint: (root).model._box_predictor._base_tower_layers_for_heads.box_encodings.2.1.gamma
WARNING:tensorflow:Unresolved object in checkpoint: (root).model._box_predictor._base_tower_layers_for_heads.box_encodings.2.1.beta
W0729 08:43:47.090054 19972 util.py:143] Unresolved object in checkpoint: (root).model._box_predictor._base_tower_layers_for_heads.box_encodings.2.1.beta
WARNING:tensorflow:Unresolved object in checkpoint: (root).model._box_predictor._base_tower_layers_for_heads.box_encodings.2.1.moving_mean
W0729 08:43:47.091053 19972 util.py:143] Unresolved object in checkpoint: (root).model._box_predictor._base_tower_layers_for_heads.box_encodings.2.1.moving_mean
WARNING:tensorflow:Unresolved object in checkpoint: (root).model._box_predictor._base_tower_layers_for_heads.box_encodings.2.1.moving_variance
W0729 08:43:47.091053 19972 util.py:143] Unresolved object in checkpoint: (root).model._box_predictor._base_tower_layers_for_heads.box_encodings.2.1.moving_variance
WARNING:tensorflow:Unresolved object in checkpoint: (root).model._box_predictor._base_tower_layers_for_heads.box_encodings.2.4.axis
W0729 08:43:47.092052 19972 util.py:143] Unresolved object in checkpoint: (root).model._box_predictor._base_tower_layers_for_heads.box_encodings.2.4.axis
WARNING:tensorflow:Unresolved object in checkpoint: (root).model._box_predictor._base_tower_layers_for_heads.box_encodings.2.4.gamma
W0729 08:43:47.093051 19972 util.py:143] Unresolved object in checkpoint: (root).model._box_predictor._base_tower_layers_for_heads.box_encodings.2.4.gamma
WARNING:tensorflow:Unresolved object in checkpoint: (root).model._box_predictor._base_tower_layers_for_heads.box_encodings.2.4.beta
W0729 08:43:47.094050 19972 util.py:143] Unresolved object in checkpoint: (root).model._box_predictor._base_tower_layers_for_heads.box_encodings.2.4.beta
WARNING:tensorflow:Unresolved object in checkpoint: (root).model._box_predictor._base_tower_layers_for_heads.box_encodings.2.4.moving_mean
W0729 08:43:47.095048 19972 util.py:143] Unresolved object in checkpoint: (root).model._box_predictor._base_tower_layers_for_heads.box_encodings.2.4.moving_mean
WARNING:tensorflow:Unresolved object in checkpoint: (root).model._box_predictor._base_tower_layers_for_heads.box_encodings.2.4.moving_variance
W0729 08:43:47.095048 19972 util.py:143] Unresolved object in checkpoint: (root).model._box_predictor._base_tower_layers_for_heads.box_encodings.2.4.moving_variance
WARNING:tensorflow:Unresolved object in checkpoint: (root).model._box_predictor._base_tower_layers_for_heads.box_encodings.2.7.axis
W0729 08:43:47.096048 19972 util.py:143] Unresolved object in checkpoint: (root).model._box_predictor._base_tower_layers_for_heads.box_encodings.2.7.axis
WARNING:tensorflow:Unresolved object in checkpoint: (root).model._box_predictor._base_tower_layers_for_heads.box_encodings.2.7.gamma
W0729 08:43:47.097047 19972 util.py:143] Unresolved object in checkpoint: (root).model._box_predictor._base_tower_layers_for_heads.box_encodings.2.7.gamma
WARNING:tensorflow:Unresolved object in checkpoint: (root).model._box_predictor._base_tower_layers_for_heads.box_encodings.2.7.beta
W0729 08:43:47.112031 19972 util.py:143] Unresolved object in checkpoint: (root).model._box_predictor._base_tower_layers_for_heads.box_encodings.2.7.beta
WARNING:tensorflow:Unresolved object in checkpoint: (root).model._box_predictor._base_tower_layers_for_heads.box_encodings.2.7.moving_mean
W0729 08:43:47.114029 19972 util.py:143] Unresolved object in checkpoint: (root).model._box_predictor._base_tower_layers_for_heads.box_encodings.2.7.moving_mean
WARNING:tensorflow:Unresolved object in checkpoint: (root).model._box_predictor._base_tower_layers_for_heads.box_encodings.2.7.moving_variance
W0729 08:43:47.114029 19972 util.py:143] Unresolved object in checkpoint: (root).model._box_predictor._base_tower_layers_for_heads.box_encodings.2.7.moving_variance
WARNING:tensorflow:Unresolved object in checkpoint: (root).model._box_predictor._base_tower_layers_for_heads.box_encodings.2.10.axis
W0729 08:43:47.115028 19972 util.py:143] Unresolved object in checkpoint: (root).model._box_predictor._base_tower_layers_for_heads.box_encodings.2.10.axis
WARNING:tensorflow:Unresolved object in checkpoint: (root).model._box_predictor._base_tower_layers_for_heads.box_encodings.2.10.gamma
W0729 08:43:47.116027 19972 util.py:143] Unresolved object in checkpoint: (root).model._box_predictor._base_tower_layers_for_heads.box_encodings.2.10.gamma
WARNING:tensorflow:Unresolved object in checkpoint: (root).model._box_predictor._base_tower_layers_for_heads.box_encodings.2.10.beta
W0729 08:43:47.117027 19972 util.py:143] Unresolved object in checkpoint: (root).model._box_predictor._base_tower_layers_for_heads.box_encodings.2.10.beta
WARNING:tensorflow:Unresolved object in checkpoint: (root).model._box_predictor._base_tower_layers_for_heads.box_encodings.2.10.moving_mean
W0729 08:43:47.118025 19972 util.py:143] Unresolved object in checkpoint: (root).model._box_predictor._base_tower_layers_for_heads.box_encodings.2.10.moving_mean
WARNING:tensorflow:Unresolved object in checkpoint: (root).model._box_predictor._base_tower_layers_for_heads.box_encodings.2.10.moving_variance
W0729 08:43:47.119024 19972 util.py:143] Unresolved object in checkpoint: (root).model._box_predictor._base_tower_layers_for_heads.box_encodings.2.10.moving_variance
WARNING:tensorflow:Unresolved object in checkpoint: (root).model._box_predictor._base_tower_layers_for_heads.box_encodings.3.1.axis
W0729 08:43:47.119024 19972 util.py:143] Unresolved object in checkpoint: (root).model._box_predictor._base_tower_layers_for_heads.box_encodings.3.1.axis
WARNING:tensorflow:Unresolved object in checkpoint: (root).model._box_predictor._base_tower_layers_for_heads.box_encodings.3.1.gamma
W0729 08:43:47.120023 19972 util.py:143] Unresolved object in checkpoint: (root).model._box_predictor._base_tower_layers_for_heads.box_encodings.3.1.gamma
WARNING:tensorflow:Unresolved object in checkpoint: (root).model._box_predictor._base_tower_layers_for_heads.box_encodings.3.1.beta
W0729 08:43:47.121022 19972 util.py:143] Unresolved object in checkpoint: (root).model._box_predictor._base_tower_layers_for_heads.box_encodings.3.1.beta
WARNING:tensorflow:Unresolved object in checkpoint: (root).model._box_predictor._base_tower_layers_for_heads.box_encodings.3.1.moving_mean
W0729 08:43:47.122021 19972 util.py:143] Unresolved object in checkpoint: (root).model._box_predictor._base_tower_layers_for_heads.box_encodings.3.1.moving_mean
WARNING:tensorflow:Unresolved object in checkpoint: (root).model._box_predictor._base_tower_layers_for_heads.box_encodings.3.1.moving_variance
W0729 08:43:47.127017 19972 util.py:143] Unresolved object in checkpoint: (root).model._box_predictor._base_tower_layers_for_heads.box_encodings.3.1.moving_variance
WARNING:tensorflow:Unresolved object in checkpoint: (root).model._box_predictor._base_tower_layers_for_heads.box_encodings.3.4.axis
W0729 08:43:47.128015 19972 util.py:143] Unresolved object in checkpoint: (root).model._box_predictor._base_tower_layers_for_heads.box_encodings.3.4.axis
WARNING:tensorflow:Unresolved object in checkpoint: (root).model._box_predictor._base_tower_layers_for_heads.box_encodings.3.4.gamma
W0729 08:43:47.129014 19972 util.py:143] Unresolved object in checkpoint: (root).model._box_predictor._base_tower_layers_for_heads.box_encodings.3.4.gamma
WARNING:tensorflow:Unresolved object in checkpoint: (root).model._box_predictor._base_tower_layers_for_heads.box_encodings.3.4.beta
W0729 08:43:47.129014 19972 util.py:143] Unresolved object in checkpoint: (root).model._box_predictor._base_tower_layers_for_heads.box_encodings.3.4.beta
WARNING:tensorflow:Unresolved object in checkpoint: (root).model._box_predictor._base_tower_layers_for_heads.box_encodings.3.4.moving_mean
W0729 08:43:47.130013 19972 util.py:143] Unresolved object in checkpoint: (root).model._box_predictor._base_tower_layers_for_heads.box_encodings.3.4.moving_mean
WARNING:tensorflow:Unresolved object in checkpoint: (root).model._box_predictor._base_tower_layers_for_heads.box_encodings.3.4.moving_variance
W0729 08:43:47.131012 19972 util.py:143] Unresolved object in checkpoint: (root).model._box_predictor._base_tower_layers_for_heads.box_encodings.3.4.moving_variance
WARNING:tensorflow:Unresolved object in checkpoint: (root).model._box_predictor._base_tower_layers_for_heads.box_encodings.3.7.axis
W0729 08:43:47.132011 19972 util.py:143] Unresolved object in checkpoint: (root).model._box_predictor._base_tower_layers_for_heads.box_encodings.3.7.axis
WARNING:tensorflow:Unresolved object in checkpoint: (root).model._box_predictor._base_tower_layers_for_heads.box_encodings.3.7.gamma
W0729 08:43:47.133010 19972 util.py:143] Unresolved object in checkpoint: (root).model._box_predictor._base_tower_layers_for_heads.box_encodings.3.7.gamma
WARNING:tensorflow:Unresolved object in checkpoint: (root).model._box_predictor._base_tower_layers_for_heads.box_encodings.3.7.beta
W0729 08:43:47.133010 19972 util.py:143] Unresolved object in checkpoint: (root).model._box_predictor._base_tower_layers_for_heads.box_encodings.3.7.beta
WARNING:tensorflow:Unresolved object in checkpoint: (root).model._box_predictor._base_tower_layers_for_heads.box_encodings.3.7.moving_mean
W0729 08:43:47.134009 19972 util.py:143] Unresolved object in checkpoint: (root).model._box_predictor._base_tower_layers_for_heads.box_encodings.3.7.moving_mean
WARNING:tensorflow:Unresolved object in checkpoint: (root).model._box_predictor._base_tower_layers_for_heads.box_encodings.3.7.moving_variance
W0729 08:43:47.139004 19972 util.py:143] Unresolved object in checkpoint: (root).model._box_predictor._base_tower_layers_for_heads.box_encodings.3.7.moving_variance
WARNING:tensorflow:Unresolved object in checkpoint: (root).model._box_predictor._base_tower_layers_for_heads.box_encodings.3.10.axis
W0729 08:43:47.140002 19972 util.py:143] Unresolved object in checkpoint: (root).model._box_predictor._base_tower_layers_for_heads.box_encodings.3.10.axis
WARNING:tensorflow:Unresolved object in checkpoint: (root).model._box_predictor._base_tower_layers_for_heads.box_encodings.3.10.gamma
W0729 08:43:47.141001 19972 util.py:143] Unresolved object in checkpoint: (root).model._box_predictor._base_tower_layers_for_heads.box_encodings.3.10.gamma
WARNING:tensorflow:Unresolved object in checkpoint: (root).model._box_predictor._base_tower_layers_for_heads.box_encodings.3.10.beta
W0729 08:43:47.142001 19972 util.py:143] Unresolved object in checkpoint: (root).model._box_predictor._base_tower_layers_for_heads.box_encodings.3.10.beta
WARNING:tensorflow:Unresolved object in checkpoint: (root).model._box_predictor._base_tower_layers_for_heads.box_encodings.3.10.moving_mean
W0729 08:43:47.143000 19972 util.py:143] Unresolved object in checkpoint: (root).model._box_predictor._base_tower_layers_for_heads.box_encodings.3.10.moving_mean
WARNING:tensorflow:Unresolved object in checkpoint: (root).model._box_predictor._base_tower_layers_for_heads.box_encodings.3.10.moving_variance
W0729 08:43:47.143000 19972 util.py:143] Unresolved object in checkpoint: (root).model._box_predictor._base_tower_layers_for_heads.box_encodings.3.10.moving_variance
WARNING:tensorflow:Unresolved object in checkpoint: (root).model._box_predictor._base_tower_layers_for_heads.box_encodings.4.1.axis
W0729 08:43:47.143998 19972 util.py:143] Unresolved object in checkpoint: (root).model._box_predictor._base_tower_layers_for_heads.box_encodings.4.1.axis
WARNING:tensorflow:Unresolved object in checkpoint: (root).model._box_predictor._base_tower_layers_for_heads.box_encodings.4.1.gamma
W0729 08:43:47.144997 19972 util.py:143] Unresolved object in checkpoint: (root).model._box_predictor._base_tower_layers_for_heads.box_encodings.4.1.gamma
WARNING:tensorflow:Unresolved object in checkpoint: (root).model._box_predictor._base_tower_layers_for_heads.box_encodings.4.1.beta
W0729 08:43:47.145998 19972 util.py:143] Unresolved object in checkpoint: (root).model._box_predictor._base_tower_layers_for_heads.box_encodings.4.1.beta
WARNING:tensorflow:Unresolved object in checkpoint: (root).model._box_predictor._base_tower_layers_for_heads.box_encodings.4.1.moving_mean
W0729 08:43:47.146996 19972 util.py:143] Unresolved object in checkpoint: (root).model._box_predictor._base_tower_layers_for_heads.box_encodings.4.1.moving_mean
WARNING:tensorflow:Unresolved object in checkpoint: (root).model._box_predictor._base_tower_layers_for_heads.box_encodings.4.1.moving_variance
W0729 08:43:47.147994 19972 util.py:143] Unresolved object in checkpoint: (root).model._box_predictor._base_tower_layers_for_heads.box_encodings.4.1.moving_variance
WARNING:tensorflow:Unresolved object in checkpoint: (root).model._box_predictor._base_tower_layers_for_heads.box_encodings.4.4.axis
W0729 08:43:47.161980 19972 util.py:143] Unresolved object in checkpoint: (root).model._box_predictor._base_tower_layers_for_heads.box_encodings.4.4.axis
WARNING:tensorflow:Unresolved object in checkpoint: (root).model._box_predictor._base_tower_layers_for_heads.box_encodings.4.4.gamma
W0729 08:43:47.163978 19972 util.py:143] Unresolved object in checkpoint: (root).model._box_predictor._base_tower_layers_for_heads.box_encodings.4.4.gamma
WARNING:tensorflow:Unresolved object in checkpoint: (root).model._box_predictor._base_tower_layers_for_heads.box_encodings.4.4.beta
W0729 08:43:47.163978 19972 util.py:143] Unresolved object in checkpoint: (root).model._box_predictor._base_tower_layers_for_heads.box_encodings.4.4.beta
WARNING:tensorflow:Unresolved object in checkpoint: (root).model._box_predictor._base_tower_layers_for_heads.box_encodings.4.4.moving_mean
W0729 08:43:47.164978 19972 util.py:143] Unresolved object in checkpoint: (root).model._box_predictor._base_tower_layers_for_heads.box_encodings.4.4.moving_mean
WARNING:tensorflow:Unresolved object in checkpoint: (root).model._box_predictor._base_tower_layers_for_heads.box_encodings.4.4.moving_variance
W0729 08:43:47.165976 19972 util.py:143] Unresolved object in checkpoint: (root).model._box_predictor._base_tower_layers_for_heads.box_encodings.4.4.moving_variance
WARNING:tensorflow:Unresolved object in checkpoint: (root).model._box_predictor._base_tower_layers_for_heads.box_encodings.4.7.axis
W0729 08:43:47.166975 19972 util.py:143] Unresolved object in checkpoint: (root).model._box_predictor._base_tower_layers_for_heads.box_encodings.4.7.axis
WARNING:tensorflow:Unresolved object in checkpoint: (root).model._box_predictor._base_tower_layers_for_heads.box_encodings.4.7.gamma
W0729 08:43:47.167974 19972 util.py:143] Unresolved object in checkpoint: (root).model._box_predictor._base_tower_layers_for_heads.box_encodings.4.7.gamma
WARNING:tensorflow:Unresolved object in checkpoint: (root).model._box_predictor._base_tower_layers_for_heads.box_encodings.4.7.beta
W0729 08:43:47.168973 19972 util.py:143] Unresolved object in checkpoint: (root).model._box_predictor._base_tower_layers_for_heads.box_encodings.4.7.beta
WARNING:tensorflow:Unresolved object in checkpoint: (root).model._box_predictor._base_tower_layers_for_heads.box_encodings.4.7.moving_mean
W0729 08:43:47.168973 19972 util.py:143] Unresolved object in checkpoint: (root).model._box_predictor._base_tower_layers_for_heads.box_encodings.4.7.moving_mean
WARNING:tensorflow:Unresolved object in checkpoint: (root).model._box_predictor._base_tower_layers_for_heads.box_encodings.4.7.moving_variance
W0729 08:43:47.169973 19972 util.py:143] Unresolved object in checkpoint: (root).model._box_predictor._base_tower_layers_for_heads.box_encodings.4.7.moving_variance
WARNING:tensorflow:Unresolved object in checkpoint: (root).model._box_predictor._base_tower_layers_for_heads.box_encodings.4.10.axis
W0729 08:43:47.170971 19972 util.py:143] Unresolved object in checkpoint: (root).model._box_predictor._base_tower_layers_for_heads.box_encodings.4.10.axis
WARNING:tensorflow:Unresolved object in checkpoint: (root).model._box_predictor._base_tower_layers_for_heads.box_encodings.4.10.gamma
W0729 08:43:47.175966 19972 util.py:143] Unresolved object in checkpoint: (root).model._box_predictor._base_tower_layers_for_heads.box_encodings.4.10.gamma
WARNING:tensorflow:Unresolved object in checkpoint: (root).model._box_predictor._base_tower_layers_for_heads.box_encodings.4.10.beta
W0729 08:43:47.176965 19972 util.py:143] Unresolved object in checkpoint: (root).model._box_predictor._base_tower_layers_for_heads.box_encodings.4.10.beta
WARNING:tensorflow:Unresolved object in checkpoint: (root).model._box_predictor._base_tower_layers_for_heads.box_encodings.4.10.moving_mean
W0729 08:43:47.177965 19972 util.py:143] Unresolved object in checkpoint: (root).model._box_predictor._base_tower_layers_for_heads.box_encodings.4.10.moving_mean
WARNING:tensorflow:Unresolved object in checkpoint: (root).model._box_predictor._base_tower_layers_for_heads.box_encodings.4.10.moving_variance
W0729 08:43:47.178963 19972 util.py:143] Unresolved object in checkpoint: (root).model._box_predictor._base_tower_layers_for_heads.box_encodings.4.10.moving_variance
WARNING:tensorflow:Unresolved object in checkpoint: (root).model._box_predictor._base_tower_layers_for_heads.class_predictions_with_background.0.1.axis
W0729 08:43:47.179962 19972 util.py:143] Unresolved object in checkpoint: (root).model._box_predictor._base_tower_layers_for_heads.class_predictions_with_background.0.1.axis
WARNING:tensorflow:Unresolved object in checkpoint: (root).model._box_predictor._base_tower_layers_for_heads.class_predictions_with_background.0.1.gamma
W0729 08:43:47.179962 19972 util.py:143] Unresolved object in checkpoint: (root).model._box_predictor._base_tower_layers_for_heads.class_predictions_with_background.0.1.gamma
WARNING:tensorflow:Unresolved object in checkpoint: (root).model._box_predictor._base_tower_layers_for_heads.class_predictions_with_background.0.1.beta
W0729 08:43:47.180961 19972 util.py:143] Unresolved object in checkpoint: (root).model._box_predictor._base_tower_layers_for_heads.class_predictions_with_background.0.1.beta
WARNING:tensorflow:Unresolved object in checkpoint: (root).model._box_predictor._base_tower_layers_for_heads.class_predictions_with_background.0.1.moving_mean
W0729 08:43:47.181960 19972 util.py:143] Unresolved object in checkpoint: (root).model._box_predictor._base_tower_layers_for_heads.class_predictions_with_background.0.1.moving_mean
WARNING:tensorflow:Unresolved object in checkpoint: (root).model._box_predictor._base_tower_layers_for_heads.class_predictions_with_background.0.1.moving_variance
W0729 08:43:47.182959 19972 util.py:143] Unresolved object in checkpoint: (root).model._box_predictor._base_tower_layers_for_heads.class_predictions_with_background.0.1.moving_variance
WARNING:tensorflow:Unresolved object in checkpoint: (root).model._box_predictor._base_tower_layers_for_heads.class_predictions_with_background.0.4.axis
W0729 08:43:47.183958 19972 util.py:143] Unresolved object in checkpoint: (root).model._box_predictor._base_tower_layers_for_heads.class_predictions_with_background.0.4.axis
WARNING:tensorflow:Unresolved object in checkpoint: (root).model._box_predictor._base_tower_layers_for_heads.class_predictions_with_background.0.4.gamma
W0729 08:43:47.184957 19972 util.py:143] Unresolved object in checkpoint: (root).model._box_predictor._base_tower_layers_for_heads.class_predictions_with_background.0.4.gamma
WARNING:tensorflow:Unresolved object in checkpoint: (root).model._box_predictor._base_tower_layers_for_heads.class_predictions_with_background.0.4.beta
W0729 08:43:47.189951 19972 util.py:143] Unresolved object in checkpoint: (root).model._box_predictor._base_tower_layers_for_heads.class_predictions_with_background.0.4.beta
WARNING:tensorflow:Unresolved object in checkpoint: (root).model._box_predictor._base_tower_layers_for_heads.class_predictions_with_background.0.4.moving_mean
W0729 08:43:47.189951 19972 util.py:143] Unresolved object in checkpoint: (root).model._box_predictor._base_tower_layers_for_heads.class_predictions_with_background.0.4.moving_mean
WARNING:tensorflow:Unresolved object in checkpoint: (root).model._box_predictor._base_tower_layers_for_heads.class_predictions_with_background.0.4.moving_variance
W0729 08:43:47.190951 19972 util.py:143] Unresolved object in checkpoint: (root).model._box_predictor._base_tower_layers_for_heads.class_predictions_with_background.0.4.moving_variance
WARNING:tensorflow:Unresolved object in checkpoint: (root).model._box_predictor._base_tower_layers_for_heads.class_predictions_with_background.0.7.axis
W0729 08:43:47.191950 19972 util.py:143] Unresolved object in checkpoint: (root).model._box_predictor._base_tower_layers_for_heads.class_predictions_with_background.0.7.axis
WARNING:tensorflow:Unresolved object in checkpoint: (root).model._box_predictor._base_tower_layers_for_heads.class_predictions_with_background.0.7.gamma
W0729 08:43:47.192949 19972 util.py:143] Unresolved object in checkpoint: (root).model._box_predictor._base_tower_layers_for_heads.class_predictions_with_background.0.7.gamma
WARNING:tensorflow:Unresolved object in checkpoint: (root).model._box_predictor._base_tower_layers_for_heads.class_predictions_with_background.0.7.beta
W0729 08:43:47.193948 19972 util.py:143] Unresolved object in checkpoint: (root).model._box_predictor._base_tower_layers_for_heads.class_predictions_with_background.0.7.beta
WARNING:tensorflow:Unresolved object in checkpoint: (root).model._box_predictor._base_tower_layers_for_heads.class_predictions_with_background.0.7.moving_mean
W0729 08:43:47.194947 19972 util.py:143] Unresolved object in checkpoint: (root).model._box_predictor._base_tower_layers_for_heads.class_predictions_with_background.0.7.moving_mean
WARNING:tensorflow:Unresolved object in checkpoint: (root).model._box_predictor._base_tower_layers_for_heads.class_predictions_with_background.0.7.moving_variance
W0729 08:43:47.194947 19972 util.py:143] Unresolved object in checkpoint: (root).model._box_predictor._base_tower_layers_for_heads.class_predictions_with_background.0.7.moving_variance
WARNING:tensorflow:Unresolved object in checkpoint: (root).model._box_predictor._base_tower_layers_for_heads.class_predictions_with_background.0.10.axis
W0729 08:43:47.195946 19972 util.py:143] Unresolved object in checkpoint: (root).model._box_predictor._base_tower_layers_for_heads.class_predictions_with_background.0.10.axis
WARNING:tensorflow:Unresolved object in checkpoint: (root).model._box_predictor._base_tower_layers_for_heads.class_predictions_with_background.0.10.gamma
W0729 08:43:47.196944 19972 util.py:143] Unresolved object in checkpoint: (root).model._box_predictor._base_tower_layers_for_heads.class_predictions_with_background.0.10.gamma
WARNING:tensorflow:Unresolved object in checkpoint: (root).model._box_predictor._base_tower_layers_for_heads.class_predictions_with_background.0.10.beta
W0729 08:43:47.201941 19972 util.py:143] Unresolved object in checkpoint: (root).model._box_predictor._base_tower_layers_for_heads.class_predictions_with_background.0.10.beta
WARNING:tensorflow:Unresolved object in checkpoint: (root).model._box_predictor._base_tower_layers_for_heads.class_predictions_with_background.0.10.moving_mean
W0729 08:43:47.212929 19972 util.py:143] Unresolved object in checkpoint: (root).model._box_predictor._base_tower_layers_for_heads.class_predictions_with_background.0.10.moving_mean
WARNING:tensorflow:Unresolved object in checkpoint: (root).model._box_predictor._base_tower_layers_for_heads.class_predictions_with_background.0.10.moving_variance
W0729 08:43:47.213927 19972 util.py:143] Unresolved object in checkpoint: (root).model._box_predictor._base_tower_layers_for_heads.class_predictions_with_background.0.10.moving_variance
WARNING:tensorflow:Unresolved object in checkpoint: (root).model._box_predictor._base_tower_layers_for_heads.class_predictions_with_background.1.1.axis
W0729 08:43:47.214926 19972 util.py:143] Unresolved object in checkpoint: (root).model._box_predictor._base_tower_layers_for_heads.class_predictions_with_background.1.1.axis
WARNING:tensorflow:Unresolved object in checkpoint: (root).model._box_predictor._base_tower_layers_for_heads.class_predictions_with_background.1.1.gamma
W0729 08:43:47.215925 19972 util.py:143] Unresolved object in checkpoint: (root).model._box_predictor._base_tower_layers_for_heads.class_predictions_with_background.1.1.gamma
WARNING:tensorflow:Unresolved object in checkpoint: (root).model._box_predictor._base_tower_layers_for_heads.class_predictions_with_background.1.1.beta
W0729 08:43:47.216924 19972 util.py:143] Unresolved object in checkpoint: (root).model._box_predictor._base_tower_layers_for_heads.class_predictions_with_background.1.1.beta
WARNING:tensorflow:Unresolved object in checkpoint: (root).model._box_predictor._base_tower_layers_for_heads.class_predictions_with_background.1.1.moving_mean
W0729 08:43:47.217923 19972 util.py:143] Unresolved object in checkpoint: (root).model._box_predictor._base_tower_layers_for_heads.class_predictions_with_background.1.1.moving_mean
WARNING:tensorflow:Unresolved object in checkpoint: (root).model._box_predictor._base_tower_layers_for_heads.class_predictions_with_background.1.1.moving_variance
W0729 08:43:47.217923 19972 util.py:143] Unresolved object in checkpoint: (root).model._box_predictor._base_tower_layers_for_heads.class_predictions_with_background.1.1.moving_variance
WARNING:tensorflow:Unresolved object in checkpoint: (root).model._box_predictor._base_tower_layers_for_heads.class_predictions_with_background.1.4.axis
W0729 08:43:47.218922 19972 util.py:143] Unresolved object in checkpoint: (root).model._box_predictor._base_tower_layers_for_heads.class_predictions_with_background.1.4.axis
WARNING:tensorflow:Unresolved object in checkpoint: (root).model._box_predictor._base_tower_layers_for_heads.class_predictions_with_background.1.4.gamma
W0729 08:43:47.219921 19972 util.py:143] Unresolved object in checkpoint: (root).model._box_predictor._base_tower_layers_for_heads.class_predictions_with_background.1.4.gamma
WARNING:tensorflow:Unresolved object in checkpoint: (root).model._box_predictor._base_tower_layers_for_heads.class_predictions_with_background.1.4.beta
W0729 08:43:47.220921 19972 util.py:143] Unresolved object in checkpoint: (root).model._box_predictor._base_tower_layers_for_heads.class_predictions_with_background.1.4.beta
WARNING:tensorflow:Unresolved object in checkpoint: (root).model._box_predictor._base_tower_layers_for_heads.class_predictions_with_background.1.4.moving_mean
W0729 08:43:47.221919 19972 util.py:143] Unresolved object in checkpoint: (root).model._box_predictor._base_tower_layers_for_heads.class_predictions_with_background.1.4.moving_mean
WARNING:tensorflow:Unresolved object in checkpoint: (root).model._box_predictor._base_tower_layers_for_heads.class_predictions_with_background.1.4.moving_variance
W0729 08:43:47.226914 19972 util.py:143] Unresolved object in checkpoint: (root).model._box_predictor._base_tower_layers_for_heads.class_predictions_with_background.1.4.moving_variance
WARNING:tensorflow:Unresolved object in checkpoint: (root).model._box_predictor._base_tower_layers_for_heads.class_predictions_with_background.1.7.axis
W0729 08:43:47.227913 19972 util.py:143] Unresolved object in checkpoint: (root).model._box_predictor._base_tower_layers_for_heads.class_predictions_with_background.1.7.axis
WARNING:tensorflow:Unresolved object in checkpoint: (root).model._box_predictor._base_tower_layers_for_heads.class_predictions_with_background.1.7.gamma
W0729 08:43:47.227913 19972 util.py:143] Unresolved object in checkpoint: (root).model._box_predictor._base_tower_layers_for_heads.class_predictions_with_background.1.7.gamma
WARNING:tensorflow:Unresolved object in checkpoint: (root).model._box_predictor._base_tower_layers_for_heads.class_predictions_with_background.1.7.beta
W0729 08:43:47.228912 19972 util.py:143] Unresolved object in checkpoint: (root).model._box_predictor._base_tower_layers_for_heads.class_predictions_with_background.1.7.beta
WARNING:tensorflow:Unresolved object in checkpoint: (root).model._box_predictor._base_tower_layers_for_heads.class_predictions_with_background.1.7.moving_mean
W0729 08:43:47.229911 19972 util.py:143] Unresolved object in checkpoint: (root).model._box_predictor._base_tower_layers_for_heads.class_predictions_with_background.1.7.moving_mean
WARNING:tensorflow:Unresolved object in checkpoint: (root).model._box_predictor._base_tower_layers_for_heads.class_predictions_with_background.1.7.moving_variance
W0729 08:43:47.230911 19972 util.py:143] Unresolved object in checkpoint: (root).model._box_predictor._base_tower_layers_for_heads.class_predictions_with_background.1.7.moving_variance
WARNING:tensorflow:Unresolved object in checkpoint: (root).model._box_predictor._base_tower_layers_for_heads.class_predictions_with_background.1.10.axis
W0729 08:43:47.231909 19972 util.py:143] Unresolved object in checkpoint: (root).model._box_predictor._base_tower_layers_for_heads.class_predictions_with_background.1.10.axis
WARNING:tensorflow:Unresolved object in checkpoint: (root).model._box_predictor._base_tower_layers_for_heads.class_predictions_with_background.1.10.gamma
W0729 08:43:47.232908 19972 util.py:143] Unresolved object in checkpoint: (root).model._box_predictor._base_tower_layers_for_heads.class_predictions_with_background.1.10.gamma
WARNING:tensorflow:Unresolved object in checkpoint: (root).model._box_predictor._base_tower_layers_for_heads.class_predictions_with_background.1.10.beta
W0729 08:43:47.232908 19972 util.py:143] Unresolved object in checkpoint: (root).model._box_predictor._base_tower_layers_for_heads.class_predictions_with_background.1.10.beta
WARNING:tensorflow:Unresolved object in checkpoint: (root).model._box_predictor._base_tower_layers_for_heads.class_predictions_with_background.1.10.moving_mean
W0729 08:43:47.233907 19972 util.py:143] Unresolved object in checkpoint: (root).model._box_predictor._base_tower_layers_for_heads.class_predictions_with_background.1.10.moving_mean
WARNING:tensorflow:Unresolved object in checkpoint: (root).model._box_predictor._base_tower_layers_for_heads.class_predictions_with_background.1.10.moving_variance
W0729 08:43:47.238903 19972 util.py:143] Unresolved object in checkpoint: (root).model._box_predictor._base_tower_layers_for_heads.class_predictions_with_background.1.10.moving_variance
WARNING:tensorflow:Unresolved object in checkpoint: (root).model._box_predictor._base_tower_layers_for_heads.class_predictions_with_background.2.1.axis
W0729 08:43:47.239901 19972 util.py:143] Unresolved object in checkpoint: (root).model._box_predictor._base_tower_layers_for_heads.class_predictions_with_background.2.1.axis
WARNING:tensorflow:Unresolved object in checkpoint: (root).model._box_predictor._base_tower_layers_for_heads.class_predictions_with_background.2.1.gamma
W0729 08:43:47.240900 19972 util.py:143] Unresolved object in checkpoint: (root).model._box_predictor._base_tower_layers_for_heads.class_predictions_with_background.2.1.gamma
WARNING:tensorflow:Unresolved object in checkpoint: (root).model._box_predictor._base_tower_layers_for_heads.class_predictions_with_background.2.1.beta
W0729 08:43:47.241899 19972 util.py:143] Unresolved object in checkpoint: (root).model._box_predictor._base_tower_layers_for_heads.class_predictions_with_background.2.1.beta
WARNING:tensorflow:Unresolved object in checkpoint: (root).model._box_predictor._base_tower_layers_for_heads.class_predictions_with_background.2.1.moving_mean
W0729 08:43:47.242898 19972 util.py:143] Unresolved object in checkpoint: (root).model._box_predictor._base_tower_layers_for_heads.class_predictions_with_background.2.1.moving_mean
WARNING:tensorflow:Unresolved object in checkpoint: (root).model._box_predictor._base_tower_layers_for_heads.class_predictions_with_background.2.1.moving_variance
W0729 08:43:47.242898 19972 util.py:143] Unresolved object in checkpoint: (root).model._box_predictor._base_tower_layers_for_heads.class_predictions_with_background.2.1.moving_variance
WARNING:tensorflow:Unresolved object in checkpoint: (root).model._box_predictor._base_tower_layers_for_heads.class_predictions_with_background.2.4.axis
W0729 08:43:47.243897 19972 util.py:143] Unresolved object in checkpoint: (root).model._box_predictor._base_tower_layers_for_heads.class_predictions_with_background.2.4.axis
WARNING:tensorflow:Unresolved object in checkpoint: (root).model._box_predictor._base_tower_layers_for_heads.class_predictions_with_background.2.4.gamma
W0729 08:43:47.244895 19972 util.py:143] Unresolved object in checkpoint: (root).model._box_predictor._base_tower_layers_for_heads.class_predictions_with_background.2.4.gamma
WARNING:tensorflow:Unresolved object in checkpoint: (root).model._box_predictor._base_tower_layers_for_heads.class_predictions_with_background.2.4.beta
W0729 08:43:47.245897 19972 util.py:143] Unresolved object in checkpoint: (root).model._box_predictor._base_tower_layers_for_heads.class_predictions_with_background.2.4.beta
WARNING:tensorflow:Unresolved object in checkpoint: (root).model._box_predictor._base_tower_layers_for_heads.class_predictions_with_background.2.4.moving_mean
W0729 08:43:47.246894 19972 util.py:143] Unresolved object in checkpoint: (root).model._box_predictor._base_tower_layers_for_heads.class_predictions_with_background.2.4.moving_mean
WARNING:tensorflow:Unresolved object in checkpoint: (root).model._box_predictor._base_tower_layers_for_heads.class_predictions_with_background.2.4.moving_variance
W0729 08:43:47.247893 19972 util.py:143] Unresolved object in checkpoint: (root).model._box_predictor._base_tower_layers_for_heads.class_predictions_with_background.2.4.moving_variance
WARNING:tensorflow:Unresolved object in checkpoint: (root).model._box_predictor._base_tower_layers_for_heads.class_predictions_with_background.2.7.axis
W0729 08:43:47.262878 19972 util.py:143] Unresolved object in checkpoint: (root).model._box_predictor._base_tower_layers_for_heads.class_predictions_with_background.2.7.axis
WARNING:tensorflow:Unresolved object in checkpoint: (root).model._box_predictor._base_tower_layers_for_heads.class_predictions_with_background.2.7.gamma
W0729 08:43:47.263876 19972 util.py:143] Unresolved object in checkpoint: (root).model._box_predictor._base_tower_layers_for_heads.class_predictions_with_background.2.7.gamma
WARNING:tensorflow:Unresolved object in checkpoint: (root).model._box_predictor._base_tower_layers_for_heads.class_predictions_with_background.2.7.beta
W0729 08:43:47.264875 19972 util.py:143] Unresolved object in checkpoint: (root).model._box_predictor._base_tower_layers_for_heads.class_predictions_with_background.2.7.beta
WARNING:tensorflow:Unresolved object in checkpoint: (root).model._box_predictor._base_tower_layers_for_heads.class_predictions_with_background.2.7.moving_mean
W0729 08:43:47.264875 19972 util.py:143] Unresolved object in checkpoint: (root).model._box_predictor._base_tower_layers_for_heads.class_predictions_with_background.2.7.moving_mean
WARNING:tensorflow:Unresolved object in checkpoint: (root).model._box_predictor._base_tower_layers_for_heads.class_predictions_with_background.2.7.moving_variance
W0729 08:43:47.265874 19972 util.py:143] Unresolved object in checkpoint: (root).model._box_predictor._base_tower_layers_for_heads.class_predictions_with_background.2.7.moving_variance
WARNING:tensorflow:Unresolved object in checkpoint: (root).model._box_predictor._base_tower_layers_for_heads.class_predictions_with_background.2.10.axis
W0729 08:43:47.266873 19972 util.py:143] Unresolved object in checkpoint: (root).model._box_predictor._base_tower_layers_for_heads.class_predictions_with_background.2.10.axis
WARNING:tensorflow:Unresolved object in checkpoint: (root).model._box_predictor._base_tower_layers_for_heads.class_predictions_with_background.2.10.gamma
W0729 08:43:47.267873 19972 util.py:143] Unresolved object in checkpoint: (root).model._box_predictor._base_tower_layers_for_heads.class_predictions_with_background.2.10.gamma
WARNING:tensorflow:Unresolved object in checkpoint: (root).model._box_predictor._base_tower_layers_for_heads.class_predictions_with_background.2.10.beta
W0729 08:43:47.268871 19972 util.py:143] Unresolved object in checkpoint: (root).model._box_predictor._base_tower_layers_for_heads.class_predictions_with_background.2.10.beta
WARNING:tensorflow:Unresolved object in checkpoint: (root).model._box_predictor._base_tower_layers_for_heads.class_predictions_with_background.2.10.moving_mean
W0729 08:43:47.268871 19972 util.py:143] Unresolved object in checkpoint: (root).model._box_predictor._base_tower_layers_for_heads.class_predictions_with_background.2.10.moving_mean
WARNING:tensorflow:Unresolved object in checkpoint: (root).model._box_predictor._base_tower_layers_for_heads.class_predictions_with_background.2.10.moving_variance
W0729 08:43:47.269870 19972 util.py:143] Unresolved object in checkpoint: (root).model._box_predictor._base_tower_layers_for_heads.class_predictions_with_background.2.10.moving_variance
WARNING:tensorflow:Unresolved object in checkpoint: (root).model._box_predictor._base_tower_layers_for_heads.class_predictions_with_background.3.1.axis
W0729 08:43:47.270869 19972 util.py:143] Unresolved object in checkpoint: (root).model._box_predictor._base_tower_layers_for_heads.class_predictions_with_background.3.1.axis
WARNING:tensorflow:Unresolved object in checkpoint: (root).model._box_predictor._base_tower_layers_for_heads.class_predictions_with_background.3.1.gamma
W0729 08:43:47.275864 19972 util.py:143] Unresolved object in checkpoint: (root).model._box_predictor._base_tower_layers_for_heads.class_predictions_with_background.3.1.gamma
WARNING:tensorflow:Unresolved object in checkpoint: (root).model._box_predictor._base_tower_layers_for_heads.class_predictions_with_background.3.1.beta
W0729 08:43:47.276863 19972 util.py:143] Unresolved object in checkpoint: (root).model._box_predictor._base_tower_layers_for_heads.class_predictions_with_background.3.1.beta
WARNING:tensorflow:Unresolved object in checkpoint: (root).model._box_predictor._base_tower_layers_for_heads.class_predictions_with_background.3.1.moving_mean
W0729 08:43:47.277862 19972 util.py:143] Unresolved object in checkpoint: (root).model._box_predictor._base_tower_layers_for_heads.class_predictions_with_background.3.1.moving_mean
WARNING:tensorflow:Unresolved object in checkpoint: (root).model._box_predictor._base_tower_layers_for_heads.class_predictions_with_background.3.1.moving_variance
W0729 08:43:47.278861 19972 util.py:143] Unresolved object in checkpoint: (root).model._box_predictor._base_tower_layers_for_heads.class_predictions_with_background.3.1.moving_variance
WARNING:tensorflow:Unresolved object in checkpoint: (root).model._box_predictor._base_tower_layers_for_heads.class_predictions_with_background.3.4.axis
W0729 08:43:47.279860 19972 util.py:143] Unresolved object in checkpoint: (root).model._box_predictor._base_tower_layers_for_heads.class_predictions_with_background.3.4.axis
WARNING:tensorflow:Unresolved object in checkpoint: (root).model._box_predictor._base_tower_layers_for_heads.class_predictions_with_background.3.4.gamma
W0729 08:43:47.279860 19972 util.py:143] Unresolved object in checkpoint: (root).model._box_predictor._base_tower_layers_for_heads.class_predictions_with_background.3.4.gamma
WARNING:tensorflow:Unresolved object in checkpoint: (root).model._box_predictor._base_tower_layers_for_heads.class_predictions_with_background.3.4.beta
W0729 08:43:47.280859 19972 util.py:143] Unresolved object in checkpoint: (root).model._box_predictor._base_tower_layers_for_heads.class_predictions_with_background.3.4.beta
WARNING:tensorflow:Unresolved object in checkpoint: (root).model._box_predictor._base_tower_layers_for_heads.class_predictions_with_background.3.4.moving_mean
W0729 08:43:47.281858 19972 util.py:143] Unresolved object in checkpoint: (root).model._box_predictor._base_tower_layers_for_heads.class_predictions_with_background.3.4.moving_mean
WARNING:tensorflow:Unresolved object in checkpoint: (root).model._box_predictor._base_tower_layers_for_heads.class_predictions_with_background.3.4.moving_variance
W0729 08:43:47.282857 19972 util.py:143] Unresolved object in checkpoint: (root).model._box_predictor._base_tower_layers_for_heads.class_predictions_with_background.3.4.moving_variance
WARNING:tensorflow:Unresolved object in checkpoint: (root).model._box_predictor._base_tower_layers_for_heads.class_predictions_with_background.3.7.axis
W0729 08:43:47.283856 19972 util.py:143] Unresolved object in checkpoint: (root).model._box_predictor._base_tower_layers_for_heads.class_predictions_with_background.3.7.axis
WARNING:tensorflow:Unresolved object in checkpoint: (root).model._box_predictor._base_tower_layers_for_heads.class_predictions_with_background.3.7.gamma
W0729 08:43:47.283856 19972 util.py:143] Unresolved object in checkpoint: (root).model._box_predictor._base_tower_layers_for_heads.class_predictions_with_background.3.7.gamma
WARNING:tensorflow:Unresolved object in checkpoint: (root).model._box_predictor._base_tower_layers_for_heads.class_predictions_with_background.3.7.beta
W0729 08:43:47.289850 19972 util.py:143] Unresolved object in checkpoint: (root).model._box_predictor._base_tower_layers_for_heads.class_predictions_with_background.3.7.beta
WARNING:tensorflow:Unresolved object in checkpoint: (root).model._box_predictor._base_tower_layers_for_heads.class_predictions_with_background.3.7.moving_mean
W0729 08:43:47.289850 19972 util.py:143] Unresolved object in checkpoint: (root).model._box_predictor._base_tower_layers_for_heads.class_predictions_with_background.3.7.moving_mean
WARNING:tensorflow:Unresolved object in checkpoint: (root).model._box_predictor._base_tower_layers_for_heads.class_predictions_with_background.3.7.moving_variance
W0729 08:43:47.290848 19972 util.py:143] Unresolved object in checkpoint: (root).model._box_predictor._base_tower_layers_for_heads.class_predictions_with_background.3.7.moving_variance
WARNING:tensorflow:Unresolved object in checkpoint: (root).model._box_predictor._base_tower_layers_for_heads.class_predictions_with_background.3.10.axis
W0729 08:43:47.291848 19972 util.py:143] Unresolved object in checkpoint: (root).model._box_predictor._base_tower_layers_for_heads.class_predictions_with_background.3.10.axis
WARNING:tensorflow:Unresolved object in checkpoint: (root).model._box_predictor._base_tower_layers_for_heads.class_predictions_with_background.3.10.gamma
W0729 08:43:47.292847 19972 util.py:143] Unresolved object in checkpoint: (root).model._box_predictor._base_tower_layers_for_heads.class_predictions_with_background.3.10.gamma
WARNING:tensorflow:Unresolved object in checkpoint: (root).model._box_predictor._base_tower_layers_for_heads.class_predictions_with_background.3.10.beta
W0729 08:43:47.293846 19972 util.py:143] Unresolved object in checkpoint: (root).model._box_predictor._base_tower_layers_for_heads.class_predictions_with_background.3.10.beta
WARNING:tensorflow:Unresolved object in checkpoint: (root).model._box_predictor._base_tower_layers_for_heads.class_predictions_with_background.3.10.moving_mean
W0729 08:43:47.294844 19972 util.py:143] Unresolved object in checkpoint: (root).model._box_predictor._base_tower_layers_for_heads.class_predictions_with_background.3.10.moving_mean
WARNING:tensorflow:Unresolved object in checkpoint: (root).model._box_predictor._base_tower_layers_for_heads.class_predictions_with_background.3.10.moving_variance
W0729 08:43:47.294844 19972 util.py:143] Unresolved object in checkpoint: (root).model._box_predictor._base_tower_layers_for_heads.class_predictions_with_background.3.10.moving_variance
WARNING:tensorflow:Unresolved object in checkpoint: (root).model._box_predictor._base_tower_layers_for_heads.class_predictions_with_background.4.1.axis
W0729 08:43:47.295844 19972 util.py:143] Unresolved object in checkpoint: (root).model._box_predictor._base_tower_layers_for_heads.class_predictions_with_background.4.1.axis
WARNING:tensorflow:Unresolved object in checkpoint: (root).model._box_predictor._base_tower_layers_for_heads.class_predictions_with_background.4.1.gamma
W0729 08:43:47.296843 19972 util.py:143] Unresolved object in checkpoint: (root).model._box_predictor._base_tower_layers_for_heads.class_predictions_with_background.4.1.gamma
WARNING:tensorflow:Unresolved object in checkpoint: (root).model._box_predictor._base_tower_layers_for_heads.class_predictions_with_background.4.1.beta
W0729 08:43:47.297842 19972 util.py:143] Unresolved object in checkpoint: (root).model._box_predictor._base_tower_layers_for_heads.class_predictions_with_background.4.1.beta
WARNING:tensorflow:Unresolved object in checkpoint: (root).model._box_predictor._base_tower_layers_for_heads.class_predictions_with_background.4.1.moving_mean
W0729 08:43:47.311827 19972 util.py:143] Unresolved object in checkpoint: (root).model._box_predictor._base_tower_layers_for_heads.class_predictions_with_background.4.1.moving_mean
WARNING:tensorflow:Unresolved object in checkpoint: (root).model._box_predictor._base_tower_layers_for_heads.class_predictions_with_background.4.1.moving_variance
W0729 08:43:47.313826 19972 util.py:143] Unresolved object in checkpoint: (root).model._box_predictor._base_tower_layers_for_heads.class_predictions_with_background.4.1.moving_variance
WARNING:tensorflow:Unresolved object in checkpoint: (root).model._box_predictor._base_tower_layers_for_heads.class_predictions_with_background.4.4.axis
W0729 08:43:47.314825 19972 util.py:143] Unresolved object in checkpoint: (root).model._box_predictor._base_tower_layers_for_heads.class_predictions_with_background.4.4.axis
WARNING:tensorflow:Unresolved object in checkpoint: (root).model._box_predictor._base_tower_layers_for_heads.class_predictions_with_background.4.4.gamma
W0729 08:43:47.315823 19972 util.py:143] Unresolved object in checkpoint: (root).model._box_predictor._base_tower_layers_for_heads.class_predictions_with_background.4.4.gamma
WARNING:tensorflow:Unresolved object in checkpoint: (root).model._box_predictor._base_tower_layers_for_heads.class_predictions_with_background.4.4.beta
W0729 08:43:47.315823 19972 util.py:143] Unresolved object in checkpoint: (root).model._box_predictor._base_tower_layers_for_heads.class_predictions_with_background.4.4.beta
WARNING:tensorflow:Unresolved object in checkpoint: (root).model._box_predictor._base_tower_layers_for_heads.class_predictions_with_background.4.4.moving_mean
W0729 08:43:47.316823 19972 util.py:143] Unresolved object in checkpoint: (root).model._box_predictor._base_tower_layers_for_heads.class_predictions_with_background.4.4.moving_mean
WARNING:tensorflow:Unresolved object in checkpoint: (root).model._box_predictor._base_tower_layers_for_heads.class_predictions_with_background.4.4.moving_variance
W0729 08:43:47.317821 19972 util.py:143] Unresolved object in checkpoint: (root).model._box_predictor._base_tower_layers_for_heads.class_predictions_with_background.4.4.moving_variance
WARNING:tensorflow:Unresolved object in checkpoint: (root).model._box_predictor._base_tower_layers_for_heads.class_predictions_with_background.4.7.axis
W0729 08:43:47.318820 19972 util.py:143] Unresolved object in checkpoint: (root).model._box_predictor._base_tower_layers_for_heads.class_predictions_with_background.4.7.axis
WARNING:tensorflow:Unresolved object in checkpoint: (root).model._box_predictor._base_tower_layers_for_heads.class_predictions_with_background.4.7.gamma
W0729 08:43:47.319819 19972 util.py:143] Unresolved object in checkpoint: (root).model._box_predictor._base_tower_layers_for_heads.class_predictions_with_background.4.7.gamma
WARNING:tensorflow:Unresolved object in checkpoint: (root).model._box_predictor._base_tower_layers_for_heads.class_predictions_with_background.4.7.beta
W0729 08:43:47.320818 19972 util.py:143] Unresolved object in checkpoint: (root).model._box_predictor._base_tower_layers_for_heads.class_predictions_with_background.4.7.beta
WARNING:tensorflow:Unresolved object in checkpoint: (root).model._box_predictor._base_tower_layers_for_heads.class_predictions_with_background.4.7.moving_mean
W0729 08:43:47.320818 19972 util.py:143] Unresolved object in checkpoint: (root).model._box_predictor._base_tower_layers_for_heads.class_predictions_with_background.4.7.moving_mean
WARNING:tensorflow:Unresolved object in checkpoint: (root).model._box_predictor._base_tower_layers_for_heads.class_predictions_with_background.4.7.moving_variance
W0729 08:43:47.326813 19972 util.py:143] Unresolved object in checkpoint: (root).model._box_predictor._base_tower_layers_for_heads.class_predictions_with_background.4.7.moving_variance
WARNING:tensorflow:Unresolved object in checkpoint: (root).model._box_predictor._base_tower_layers_for_heads.class_predictions_with_background.4.10.axis
W0729 08:43:47.326813 19972 util.py:143] Unresolved object in checkpoint: (root).model._box_predictor._base_tower_layers_for_heads.class_predictions_with_background.4.10.axis
WARNING:tensorflow:Unresolved object in checkpoint: (root).model._box_predictor._base_tower_layers_for_heads.class_predictions_with_background.4.10.gamma
W0729 08:43:47.327811 19972 util.py:143] Unresolved object in checkpoint: (root).model._box_predictor._base_tower_layers_for_heads.class_predictions_with_background.4.10.gamma
WARNING:tensorflow:Unresolved object in checkpoint: (root).model._box_predictor._base_tower_layers_for_heads.class_predictions_with_background.4.10.beta
W0729 08:43:47.328810 19972 util.py:143] Unresolved object in checkpoint: (root).model._box_predictor._base_tower_layers_for_heads.class_predictions_with_background.4.10.beta
WARNING:tensorflow:Unresolved object in checkpoint: (root).model._box_predictor._base_tower_layers_for_heads.class_predictions_with_background.4.10.moving_mean
W0729 08:43:47.329809 19972 util.py:143] Unresolved object in checkpoint: (root).model._box_predictor._base_tower_layers_for_heads.class_predictions_with_background.4.10.moving_mean
WARNING:tensorflow:Unresolved object in checkpoint: (root).model._box_predictor._base_tower_layers_for_heads.class_predictions_with_background.4.10.moving_variance
W0729 08:43:47.330808 19972 util.py:143] Unresolved object in checkpoint: (root).model._box_predictor._base_tower_layers_for_heads.class_predictions_with_background.4.10.moving_variance
WARNING:tensorflow:A checkpoint was restored (e.g. tf.train.Checkpoint.restore or tf.keras.Model.load_weights) but not all checkpointed values were used. See above for specific issues. Use expect_partial() on the load status object, e.g. tf.train.Checkpoint.restore(...).expect_partial(), to silence these warnings, or use assert_consumed() to make the check explicit. See https://www.tensorflow.org/guide/checkpoint#loading_mechanics for details.
W0729 08:43:47.331807 19972 util.py:151] A checkpoint was restored (e.g. tf.train.Checkpoint.restore or tf.keras.Model.load_weights) but not all checkpointed values were used. See above for specific issues. Use expect_partial() on the load status object, e.g. tf.train.Checkpoint.restore(...).expect_partial(), to silence these warnings, or use assert_consumed() to make the check explicit. See https://www.tensorflow.org/guide/checkpoint#loading_mechanics for details.
WARNING:tensorflow:num_readers has been reduced to 1 to match input file shards.
W0729 08:43:47.340798 19972 dataset_builder.py:82] num_readers has been reduced to 1 to match input file shards.
2020-07-29 08:44:42.874144: W tensorflow/core/common_runtime/bfc_allocator.cc:434] Allocator (GPU_0_bfc) ran out of memory trying to allocate 200.00MiB (rounded to 209715200)
Current allocation summary follows.
2020-07-29 08:44:42.878772: I tensorflow/core/common_runtime/bfc_allocator.cc:934] BFCAllocator dump for GPU_0_bfc
2020-07-29 08:44:42.881071: I tensorflow/core/common_runtime/bfc_allocator.cc:941] Bin (256):   Total Chunks: 162, Chunks in use: 160. 40.5KiB allocated for chunks. 40.0KiB in use in bin. 18.9KiB client-requested in use in bin.
2020-07-29 08:44:42.886747: I tensorflow/core/common_runtime/bfc_allocator.cc:941] Bin (512):   Total Chunks: 66, Chunks in use: 65. 33.0KiB allocated for chunks. 32.5KiB in use in bin. 32.3KiB client-requested in use in bin.
2020-07-29 08:44:42.891313: I tensorflow/core/common_runtime/bfc_allocator.cc:941] Bin (1024):  Total Chunks: 495, Chunks in use: 495. 497.3KiB allocated for chunks. 497.3KiB in use in bin. 494.6KiB client-requested in use in bin.
2020-07-29 08:44:42.896995: I tensorflow/core/common_runtime/bfc_allocator.cc:941] Bin (2048):  Total Chunks: 93, Chunks in use: 92. 198.0KiB allocated for chunks. 195.5KiB in use in bin. 188.5KiB client-requested in use in bin.
2020-07-29 08:44:42.901715: I tensorflow/core/common_runtime/bfc_allocator.cc:941] Bin (4096):  Total Chunks: 59, Chunks in use: 57. 255.0KiB allocated for chunks. 244.8KiB in use in bin. 227.1KiB client-requested in use in bin.
2020-07-29 08:44:42.907402: I tensorflow/core/common_runtime/bfc_allocator.cc:941] Bin (8192):  Total Chunks: 34, Chunks in use: 33. 295.5KiB allocated for chunks. 280.8KiB in use in bin. 268.5KiB client-requested in use in bin.
2020-07-29 08:44:42.912027: I tensorflow/core/common_runtime/bfc_allocator.cc:941] Bin (16384):         Total Chunks: 4, Chunks in use: 4. 65.8KiB allocated for chunks. 65.8KiB in use in bin. 64.0KiB client-requested in use in bin.
2020-07-29 08:44:42.917645: I tensorflow/core/common_runtime/bfc_allocator.cc:941] Bin (32768):         Total Chunks: 5, Chunks in use: 4. 207.0KiB allocated for chunks. 147.0KiB in use in bin. 147.0KiB client-requested in use in bin.
2020-07-29 08:44:42.924771: I tensorflow/core/common_runtime/bfc_allocator.cc:941] Bin (65536):         Total Chunks: 32, Chunks in use: 25. 2.36MiB allocated for chunks. 1.83MiB in use in bin. 1.78MiB client-requested in use in bin.
2020-07-29 08:44:42.929372: I tensorflow/core/common_runtime/bfc_allocator.cc:941] Bin (131072):        Total Chunks: 19, Chunks in use: 15. 2.91MiB allocated for chunks. 2.27MiB in use in bin. 2.26MiB client-requested in use in bin.
2020-07-29 08:44:42.935332: I tensorflow/core/common_runtime/bfc_allocator.cc:941] Bin (262144):        Total Chunks: 34, Chunks in use: 27. 8.75MiB allocated for chunks. 7.00MiB in use in bin. 6.45MiB client-requested in use in bin.
2020-07-29 08:44:42.939959: I tensorflow/core/common_runtime/bfc_allocator.cc:941] Bin (524288):        Total Chunks: 31, Chunks in use: 24. 17.01MiB allocated for chunks. 13.26MiB in use in bin. 13.03MiB client-requested in use in bin.
2020-07-29 08:44:42.945395: I tensorflow/core/common_runtime/bfc_allocator.cc:941] Bin (1048576):       Total Chunks: 51, Chunks in use: 39. 52.00MiB allocated for chunks. 40.00MiB in use in bin. 38.56MiB client-requested in use in bin.
2020-07-29 08:44:42.951088: I tensorflow/core/common_runtime/bfc_allocator.cc:941] Bin (2097152):       Total Chunks: 96, Chunks in use: 77. 222.09MiB allocated for chunks. 179.58MiB in use in bin. 170.62MiB client-requested in use in bin.
2020-07-29 08:44:42.955871: I tensorflow/core/common_runtime/bfc_allocator.cc:941] Bin (4194304):       Total Chunks: 27, Chunks in use: 26. 113.37MiB allocated for chunks. 108.49MiB in use in bin. 100.60MiB client-requested in use in bin.
2020-07-29 08:44:42.961636: I tensorflow/core/common_runtime/bfc_allocator.cc:941] Bin (8388608):       Total Chunks: 17, Chunks in use: 17. 154.73MiB allocated for chunks. 154.73MiB in use in bin. 140.73MiB client-requested in use in bin.
2020-07-29 08:44:42.966381: I tensorflow/core/common_runtime/bfc_allocator.cc:941] Bin (16777216):      Total Chunks: 1, Chunks in use: 1. 19.51MiB allocated for chunks. 19.51MiB in use in bin. 19.51MiB client-requested in use in bin.
2020-07-29 08:44:42.972109: I tensorflow/core/common_runtime/bfc_allocator.cc:941] Bin (33554432):      Total Chunks: 9, Chunks in use: 9. 413.91MiB allocated for chunks. 413.91MiB in use in bin. 413.21MiB client-requested in use in bin.
2020-07-29 08:44:42.976830: I tensorflow/core/common_runtime/bfc_allocator.cc:941] Bin (67108864):      Total Chunks: 1, Chunks in use: 0. 92.11MiB allocated for chunks. 0B in use in bin. 0B client-requested in use in bin.
2020-07-29 08:44:42.982222: I tensorflow/core/common_runtime/bfc_allocator.cc:941] Bin (134217728):     Total Chunks: 5, Chunks in use: 5. 1000.00MiB allocated for chunks. 1000.00MiB in use in bin. 1000.00MiB client-requested in use in bin.
2020-07-29 08:44:42.987390: I tensorflow/core/common_runtime/bfc_allocator.cc:941] Bin (268435456):     Total Chunks: 0, Chunks in use: 0. 0B allocated for chunks. 0B in use in bin. 0B client-requested in use in bin.
2020-07-29 08:44:42.992999: I tensorflow/core/common_runtime/bfc_allocator.cc:957] Bin for 200.00MiB was 128.00MiB, Chunk State:
2020-07-29 08:44:42.996344: I tensorflow/core/common_runtime/bfc_allocator.cc:970] Next region of size 2202323968
2020-07-29 08:44:42.999667: I tensorflow/core/common_runtime/bfc_allocator.cc:990] InUse at 1303800000 of size 1280 next 1
2020-07-29 08:44:43.002594: I tensorflow/core/common_runtime/bfc_allocator.cc:990] InUse at 1303800500 of size 256 next 2
2020-07-29 08:44:43.005413: I tensorflow/core/common_runtime/bfc_allocator.cc:990] InUse at 1303800600 of size 256 next 3
2020-07-29 08:44:43.009520: I tensorflow/core/common_runtime/bfc_allocator.cc:990] InUse at 1303800700 of size 1024 next 589
2020-07-29 08:44:43.012402: I tensorflow/core/common_runtime/bfc_allocator.cc:990] InUse at 1303800b00 of size 1024 next 597
2020-07-29 08:44:43.015430: I tensorflow/core/common_runtime/bfc_allocator.cc:990] InUse at 1303800f00 of size 1048576 next 584
2020-07-29 08:44:43.019480: I tensorflow/core/common_runtime/bfc_allocator.cc:990] InUse at 1303900f00 of size 4096 next 702
2020-07-29 08:44:43.022357: I tensorflow/core/common_runtime/bfc_allocator.cc:990] InUse at 1303901f00 of size 4096 next 609
2020-07-29 08:44:43.025242: I tensorflow/core/common_runtime/bfc_allocator.cc:990] InUse at 1303902f00 of size 1048576 next 586
2020-07-29 08:44:43.029403: I tensorflow/core/common_runtime/bfc_allocator.cc:990] InUse at 1303a02f00 of size 1024 next 605
2020-07-29 08:44:43.032316: I tensorflow/core/common_runtime/bfc_allocator.cc:990] InUse at 1303a03300 of size 1024 next 583
2020-07-29 08:44:43.035254: I tensorflow/core/common_runtime/bfc_allocator.cc:990] InUse at 1303a03700 of size 2359296 next 594
2020-07-29 08:44:43.039402: I tensorflow/core/common_runtime/bfc_allocator.cc:990] InUse at 1303c43700 of size 1024 next 582
2020-07-29 08:44:43.042304: I tensorflow/core/common_runtime/bfc_allocator.cc:990] InUse at 1303c43b00 of size 1024 next 700
2020-07-29 08:44:43.045225: I tensorflow/core/common_runtime/bfc_allocator.cc:990] InUse at 1303c43f00 of size 1048576 next 701
2020-07-29 08:44:43.049367: I tensorflow/core/common_runtime/bfc_allocator.cc:990] InUse at 1303d43f00 of size 4096 next 698
2020-07-29 08:44:43.054252: I tensorflow/core/common_runtime/bfc_allocator.cc:990] InUse at 1303d44f00 of size 4096 next 585
2020-07-29 08:44:43.057149: I tensorflow/core/common_runtime/bfc_allocator.cc:990] InUse at 1303d45f00 of size 1048576 next 593
2020-07-29 08:44:43.061172: I tensorflow/core/common_runtime/bfc_allocator.cc:990] InUse at 1303e45f00 of size 1024 next 696
2020-07-29 08:44:43.064049: I tensorflow/core/common_runtime/bfc_allocator.cc:990] InUse at 1303e46300 of size 1024 next 578
2020-07-29 08:44:43.066924: I tensorflow/core/common_runtime/bfc_allocator.cc:990] InUse at 1303e46700 of size 2359296 next 697
2020-07-29 08:44:43.071106: I tensorflow/core/common_runtime/bfc_allocator.cc:990] InUse at 1304086700 of size 1024 next 579
2020-07-29 08:44:43.073984: I tensorflow/core/common_runtime/bfc_allocator.cc:990] InUse at 1304086b00 of size 1024 next 699
2020-07-29 08:44:43.076865: I tensorflow/core/common_runtime/bfc_allocator.cc:990] InUse at 1304086f00 of size 1048576 next 581
2020-07-29 08:44:43.081081: I tensorflow/core/common_runtime/bfc_allocator.cc:990] InUse at 1304186f00 of size 4096 next 628
2020-07-29 08:44:43.083981: I tensorflow/core/common_runtime/bfc_allocator.cc:990] InUse at 1304187f00 of size 4096 next 629
2020-07-29 08:44:43.086852: I tensorflow/core/common_runtime/bfc_allocator.cc:990] InUse at 1304188f00 of size 1048576 next 694
2020-07-29 08:44:43.091414: I tensorflow/core/common_runtime/bfc_allocator.cc:990] InUse at 1304288f00 of size 1024 next 561
2020-07-29 08:44:43.094316: I tensorflow/core/common_runtime/bfc_allocator.cc:990] InUse at 1304289300 of size 1024 next 630
2020-07-29 08:44:43.097202: I tensorflow/core/common_runtime/bfc_allocator.cc:990] InUse at 1304289700 of size 2359296 next 617
2020-07-29 08:44:43.101404: I tensorflow/core/common_runtime/bfc_allocator.cc:990] InUse at 13044c9700 of size 1024 next 616
2020-07-29 08:44:43.104286: I tensorflow/core/common_runtime/bfc_allocator.cc:990] InUse at 13044c9b00 of size 1024 next 695
2020-07-29 08:44:43.107153: I tensorflow/core/common_runtime/bfc_allocator.cc:990] InUse at 13044c9f00 of size 1048576 next 563
2020-07-29 08:44:43.111356: I tensorflow/core/common_runtime/bfc_allocator.cc:990] InUse at 13045c9f00 of size 4096 next 648
2020-07-29 08:44:43.114229: I tensorflow/core/common_runtime/bfc_allocator.cc:990] InUse at 13045caf00 of size 4096 next 545
2020-07-29 08:44:43.117117: I tensorflow/core/common_runtime/bfc_allocator.cc:990] InUse at 13045cbf00 of size 2097152 next 546
2020-07-29 08:44:43.121315: I tensorflow/core/common_runtime/bfc_allocator.cc:990] InUse at 13047cbf00 of size 2048 next 552
2020-07-29 08:44:43.124186: I tensorflow/core/common_runtime/bfc_allocator.cc:990] InUse at 13047cc700 of size 2048 next 548
2020-07-29 08:44:43.127057: I tensorflow/core/common_runtime/bfc_allocator.cc:990] InUse at 13047ccf00 of size 9437184 next 543
2020-07-29 08:44:43.131230: I tensorflow/core/common_runtime/bfc_allocator.cc:990] InUse at 13050ccf00 of size 2048 next 547
2020-07-29 08:44:43.134114: I tensorflow/core/common_runtime/bfc_allocator.cc:990] InUse at 13050cd700 of size 2048 next 718
2020-07-29 08:44:43.137002: I tensorflow/core/common_runtime/bfc_allocator.cc:990] InUse at 13050cdf00 of size 13346816 next 17
2020-07-29 08:44:43.141197: I tensorflow/core/common_runtime/bfc_allocator.cc:990] InUse at 1305d88700 of size 256 next 27
2020-07-29 08:44:43.144026: I tensorflow/core/common_runtime/bfc_allocator.cc:990] InUse at 1305d88800 of size 256 next 31
2020-07-29 08:44:43.146854: I tensorflow/core/common_runtime/bfc_allocator.cc:990] InUse at 1305d88900 of size 256 next 25
2020-07-29 08:44:43.150980: I tensorflow/core/common_runtime/bfc_allocator.cc:990] InUse at 1305d88a00 of size 256 next 26
2020-07-29 08:44:43.157118: I tensorflow/core/common_runtime/bfc_allocator.cc:990] InUse at 1305d88b00 of size 256 next 24
2020-07-29 08:44:43.161346: I tensorflow/core/common_runtime/bfc_allocator.cc:990] InUse at 1305d88c00 of size 256 next 23
2020-07-29 08:44:43.164208: I tensorflow/core/common_runtime/bfc_allocator.cc:990] InUse at 1305d88d00 of size 1024 next 22
2020-07-29 08:44:43.168160: I tensorflow/core/common_runtime/bfc_allocator.cc:990] InUse at 1305d89100 of size 1024 next 32
2020-07-29 08:44:43.171017: I tensorflow/core/common_runtime/bfc_allocator.cc:990] InUse at 1305d89500 of size 1024 next 33
2020-07-29 08:44:43.173887: I tensorflow/core/common_runtime/bfc_allocator.cc:990] InUse at 1305d89900 of size 1024 next 34
2020-07-29 08:44:43.176737: I tensorflow/core/common_runtime/bfc_allocator.cc:990] InUse at 1305d89d00 of size 1024 next 80
2020-07-29 08:44:43.180937: I tensorflow/core/common_runtime/bfc_allocator.cc:990] InUse at 1305d8a100 of size 512 next 77
2020-07-29 08:44:43.183768: I tensorflow/core/common_runtime/bfc_allocator.cc:990] InUse at 1305d8a300 of size 512 next 81
2020-07-29 08:44:43.186704: I tensorflow/core/common_runtime/bfc_allocator.cc:990] InUse at 1305d8a500 of size 2048 next 82
2020-07-29 08:44:43.190778: I tensorflow/core/common_runtime/bfc_allocator.cc:990] InUse at 1305d8ad00 of size 2048 next 85
2020-07-29 08:44:43.193640: I tensorflow/core/common_runtime/bfc_allocator.cc:990] InUse at 1305d8b500 of size 2048 next 86
2020-07-29 08:44:43.196502: I tensorflow/core/common_runtime/bfc_allocator.cc:990] InUse at 1305d8bd00 of size 2048 next 87
2020-07-29 08:44:43.200643: I tensorflow/core/common_runtime/bfc_allocator.cc:990] InUse at 1305d8c500 of size 512 next 90
2020-07-29 08:44:43.203484: I tensorflow/core/common_runtime/bfc_allocator.cc:990] InUse at 1305d8c700 of size 512 next 91
2020-07-29 08:44:43.206319: I tensorflow/core/common_runtime/bfc_allocator.cc:990] InUse at 1305d8c900 of size 512 next 92
2020-07-29 08:44:43.210281: I tensorflow/core/common_runtime/bfc_allocator.cc:990] InUse at 1305d8cb00 of size 512 next 93
2020-07-29 08:44:43.213120: I tensorflow/core/common_runtime/bfc_allocator.cc:990] InUse at 1305d8cd00 of size 512 next 96
2020-07-29 08:44:43.215966: I tensorflow/core/common_runtime/bfc_allocator.cc:990] InUse at 1305d8cf00 of size 512 next 97
2020-07-29 08:44:43.220076: I tensorflow/core/common_runtime/bfc_allocator.cc:990] InUse at 1305d8d100 of size 3072 next 100
2020-07-29 08:44:43.222944: I tensorflow/core/common_runtime/bfc_allocator.cc:990] InUse at 1305d8dd00 of size 2048 next 102
2020-07-29 08:44:43.225808: I tensorflow/core/common_runtime/bfc_allocator.cc:990] InUse at 1305d8e500 of size 2048 next 103
2020-07-29 08:44:43.230329: I tensorflow/core/common_runtime/bfc_allocator.cc:990] InUse at 1305d8ed00 of size 512 next 99
2020-07-29 08:44:43.233175: I tensorflow/core/common_runtime/bfc_allocator.cc:990] InUse at 1305d8ef00 of size 512 next 104
2020-07-29 08:44:43.236070: I tensorflow/core/common_runtime/bfc_allocator.cc:990] InUse at 1305d8f100 of size 512 next 115
2020-07-29 08:44:43.240091: I tensorflow/core/common_runtime/bfc_allocator.cc:990] InUse at 1305d8f300 of size 512 next 119
2020-07-29 08:44:43.242955: I tensorflow/core/common_runtime/bfc_allocator.cc:990] InUse at 1305d8f500 of size 512 next 105
2020-07-29 08:44:43.245806: I tensorflow/core/common_runtime/bfc_allocator.cc:990] InUse at 1305d8f700 of size 512 next 107
2020-07-29 08:44:43.249928: I tensorflow/core/common_runtime/bfc_allocator.cc:990] InUse at 1305d8f900 of size 512 next 108
2020-07-29 08:44:43.256655: I tensorflow/core/common_runtime/bfc_allocator.cc:990] InUse at 1305d8fb00 of size 512 next 109
2020-07-29 08:44:43.260500: I tensorflow/core/common_runtime/bfc_allocator.cc:990] InUse at 1305d8fd00 of size 512 next 110
2020-07-29 08:44:43.263357: I tensorflow/core/common_runtime/bfc_allocator.cc:990] InUse at 1305d8ff00 of size 512 next 113
2020-07-29 08:44:43.266246: I tensorflow/core/common_runtime/bfc_allocator.cc:990] InUse at 1305d90100 of size 512 next 114
2020-07-29 08:44:43.270349: I tensorflow/core/common_runtime/bfc_allocator.cc:990] InUse at 1305d90300 of size 2560 next 117
2020-07-29 08:44:43.273231: I tensorflow/core/common_runtime/bfc_allocator.cc:990] InUse at 1305d90d00 of size 3328 next 20
2020-07-29 08:44:43.276094: I tensorflow/core/common_runtime/bfc_allocator.cc:990] InUse at 1305d91a00 of size 256 next 21
2020-07-29 08:44:43.280195: I tensorflow/core/common_runtime/bfc_allocator.cc:990] InUse at 1305d91b00 of size 256 next 36
2020-07-29 08:44:43.283072: I tensorflow/core/common_runtime/bfc_allocator.cc:990] InUse at 1305d91c00 of size 256 next 37
2020-07-29 08:44:43.285910: I tensorflow/core/common_runtime/bfc_allocator.cc:990] InUse at 1305d91d00 of size 256 next 38
2020-07-29 08:44:43.289987: I tensorflow/core/common_runtime/bfc_allocator.cc:990] InUse at 1305d91e00 of size 256 next 39
2020-07-29 08:44:43.292828: I tensorflow/core/common_runtime/bfc_allocator.cc:990] InUse at 1305d91f00 of size 256 next 40
2020-07-29 08:44:43.295654: I tensorflow/core/common_runtime/bfc_allocator.cc:990] InUse at 1305d92000 of size 256 next 43
2020-07-29 08:44:43.299755: I tensorflow/core/common_runtime/bfc_allocator.cc:990] InUse at 1305d92100 of size 256 next 44
2020-07-29 08:44:43.303028: I tensorflow/core/common_runtime/bfc_allocator.cc:990] InUse at 1305d92200 of size 256 next 328
2020-07-29 08:44:43.305889: I tensorflow/core/common_runtime/bfc_allocator.cc:990] InUse at 1305d92300 of size 256 next 329
2020-07-29 08:44:43.309969: I tensorflow/core/common_runtime/bfc_allocator.cc:990] InUse at 1305d92400 of size 256 next 330
2020-07-29 08:44:43.312830: I tensorflow/core/common_runtime/bfc_allocator.cc:990] InUse at 1305d92500 of size 256 next 529
2020-07-29 08:44:43.315701: I tensorflow/core/common_runtime/bfc_allocator.cc:990] InUse at 1305d92600 of size 256 next 46
2020-07-29 08:44:43.319760: I tensorflow/core/common_runtime/bfc_allocator.cc:990] InUse at 1305d92700 of size 1024 next 48
2020-07-29 08:44:43.322613: I tensorflow/core/common_runtime/bfc_allocator.cc:990] InUse at 1305d92b00 of size 1024 next 49
2020-07-29 08:44:43.325478: I tensorflow/core/common_runtime/bfc_allocator.cc:990] InUse at 1305d92f00 of size 256 next 281
2020-07-29 08:44:43.329590: I tensorflow/core/common_runtime/bfc_allocator.cc:990] InUse at 1305d93000 of size 256 next 199
2020-07-29 08:44:43.332469: I tensorflow/core/common_runtime/bfc_allocator.cc:990] InUse at 1305d93100 of size 256 next 327
2020-07-29 08:44:43.335365: I tensorflow/core/common_runtime/bfc_allocator.cc:990] InUse at 1305d93200 of size 256 next 50
2020-07-29 08:44:43.339495: I tensorflow/core/common_runtime/bfc_allocator.cc:990] InUse at 1305d93300 of size 256 next 51
2020-07-29 08:44:43.342326: I tensorflow/core/common_runtime/bfc_allocator.cc:990] InUse at 1305d93400 of size 256 next 53
2020-07-29 08:44:43.345161: I tensorflow/core/common_runtime/bfc_allocator.cc:990] InUse at 1305d93500 of size 256 next 54
2020-07-29 08:44:43.349231: I tensorflow/core/common_runtime/bfc_allocator.cc:990] InUse at 1305d93600 of size 256 next 55
2020-07-29 08:44:43.352130: I tensorflow/core/common_runtime/bfc_allocator.cc:990] InUse at 1305d93700 of size 256 next 58
2020-07-29 08:44:43.355007: I tensorflow/core/common_runtime/bfc_allocator.cc:990] InUse at 1305d93800 of size 256 next 59
2020-07-29 08:44:43.359112: I tensorflow/core/common_runtime/bfc_allocator.cc:990] InUse at 1305d93900 of size 256 next 60
2020-07-29 08:44:43.361956: I tensorflow/core/common_runtime/bfc_allocator.cc:990] InUse at 1305d93a00 of size 1280 next 62
2020-07-29 08:44:43.364815: I tensorflow/core/common_runtime/bfc_allocator.cc:990] InUse at 1305d93f00 of size 1024 next 64
2020-07-29 08:44:43.368926: I tensorflow/core/common_runtime/bfc_allocator.cc:990] InUse at 1305d94300 of size 1024 next 65
2020-07-29 08:44:43.374194: I tensorflow/core/common_runtime/bfc_allocator.cc:990] InUse at 1305d94700 of size 1280 next 68
2020-07-29 08:44:43.378158: I tensorflow/core/common_runtime/bfc_allocator.cc:990] InUse at 1305d94c00 of size 256 next 69
2020-07-29 08:44:43.380999: I tensorflow/core/common_runtime/bfc_allocator.cc:990] InUse at 1305d94d00 of size 256 next 70
2020-07-29 08:44:43.383846: I tensorflow/core/common_runtime/bfc_allocator.cc:990] InUse at 1305d94e00 of size 256 next 71
2020-07-29 08:44:43.387943: I tensorflow/core/common_runtime/bfc_allocator.cc:990] InUse at 1305d94f00 of size 256 next 74
2020-07-29 08:44:43.390787: I tensorflow/core/common_runtime/bfc_allocator.cc:990] InUse at 1305d95000 of size 256 next 75
2020-07-29 08:44:43.393630: I tensorflow/core/common_runtime/bfc_allocator.cc:990] InUse at 1305d95100 of size 256 next 76
2020-07-29 08:44:43.396461: I tensorflow/core/common_runtime/bfc_allocator.cc:990] InUse at 1305d95200 of size 1280 next 79
2020-07-29 08:44:43.401163: I tensorflow/core/common_runtime/bfc_allocator.cc:990] InUse at 1305d95700 of size 1024 next 35
2020-07-29 08:44:43.404152: I tensorflow/core/common_runtime/bfc_allocator.cc:990] InUse at 1305d95b00 of size 2048 next 89
2020-07-29 08:44:43.408098: I tensorflow/core/common_runtime/bfc_allocator.cc:990] InUse at 1305d96300 of size 2048 next 567
2020-07-29 08:44:43.411033: I tensorflow/core/common_runtime/bfc_allocator.cc:990] InUse at 1305d96b00 of size 2048 next 126
2020-07-29 08:44:43.413931: I tensorflow/core/common_runtime/bfc_allocator.cc:990] InUse at 1305d97300 of size 4096 next 158
2020-07-29 08:44:43.418199: I tensorflow/core/common_runtime/bfc_allocator.cc:990] InUse at 1305d98300 of size 4096 next 626
2020-07-29 08:44:43.421106: I tensorflow/core/common_runtime/bfc_allocator.cc:990] InUse at 1305d99300 of size 6912 next 29
2020-07-29 08:44:43.423999: I tensorflow/core/common_runtime/bfc_allocator.cc:990] InUse at 1305d9ae00 of size 256 next 30
2020-07-29 08:44:43.428139: I tensorflow/core/common_runtime/bfc_allocator.cc:990] InUse at 1305d9af00 of size 2048 next 652
2020-07-29 08:44:43.431050: I tensorflow/core/common_runtime/bfc_allocator.cc:990] InUse at 1305d9b700 of size 8192 next 298
2020-07-29 08:44:43.433953: I tensorflow/core/common_runtime/bfc_allocator.cc:990] InUse at 1305d9d700 of size 8192 next 52
2020-07-29 08:44:43.438025: I tensorflow/core/common_runtime/bfc_allocator.cc:990] InUse at 1305d9f700 of size 1024 next 300
2020-07-29 08:44:43.440907: I tensorflow/core/common_runtime/bfc_allocator.cc:990] InUse at 1305d9fb00 of size 18176 next 28
2020-07-29 08:44:43.443776: I tensorflow/core/common_runtime/bfc_allocator.cc:990] InUse at 1305da4200 of size 2048 next 118
2020-07-29 08:44:43.448178: I tensorflow/core/common_runtime/bfc_allocator.cc:990] InUse at 1305da4a00 of size 2560 next 121
2020-07-29 08:44:43.451082: I tensorflow/core/common_runtime/bfc_allocator.cc:990] InUse at 1305da5400 of size 512 next 122
2020-07-29 08:44:43.453942: I tensorflow/core/common_runtime/bfc_allocator.cc:990] InUse at 1305da5600 of size 512 next 123
2020-07-29 08:44:43.458162: I tensorflow/core/common_runtime/bfc_allocator.cc:990] InUse at 1305da5800 of size 512 next 124
2020-07-29 08:44:43.461025: I tensorflow/core/common_runtime/bfc_allocator.cc:990] InUse at 1305da5a00 of size 512 next 127
2020-07-29 08:44:43.463886: I tensorflow/core/common_runtime/bfc_allocator.cc:990] InUse at 1305da5c00 of size 512 next 128
2020-07-29 08:44:43.467977: I tensorflow/core/common_runtime/bfc_allocator.cc:990] InUse at 1305da5e00 of size 3072 next 132
2020-07-29 08:44:43.470883: I tensorflow/core/common_runtime/bfc_allocator.cc:990] InUse at 1305da6a00 of size 2048 next 133
2020-07-29 08:44:43.473764: I tensorflow/core/common_runtime/bfc_allocator.cc:990] InUse at 1305da7200 of size 2048 next 134
2020-07-29 08:44:43.477885: I tensorflow/core/common_runtime/bfc_allocator.cc:990] InUse at 1305da7a00 of size 512 next 125
2020-07-29 08:44:43.480740: I tensorflow/core/common_runtime/bfc_allocator.cc:990] InUse at 1305da7c00 of size 512 next 135
2020-07-29 08:44:43.483588: I tensorflow/core/common_runtime/bfc_allocator.cc:990] InUse at 1305da7e00 of size 1536 next 136
2020-07-29 08:44:43.486477: I tensorflow/core/common_runtime/bfc_allocator.cc:990] InUse at 1305da8400 of size 512 next 137
2020-07-29 08:44:43.490618: I tensorflow/core/common_runtime/bfc_allocator.cc:990] InUse at 1305da8600 of size 512 next 138
2020-07-29 08:44:43.493483: I tensorflow/core/common_runtime/bfc_allocator.cc:990] InUse at 1305da8800 of size 512 next 139
2020-07-29 08:44:43.496369: I tensorflow/core/common_runtime/bfc_allocator.cc:990] InUse at 1305da8a00 of size 512 next 142
2020-07-29 08:44:43.500501: I tensorflow/core/common_runtime/bfc_allocator.cc:990] InUse at 1305da8c00 of size 512 next 143
2020-07-29 08:44:43.503391: I tensorflow/core/common_runtime/bfc_allocator.cc:990] InUse at 1305da8e00 of size 512 next 144
2020-07-29 08:44:43.506271: I tensorflow/core/common_runtime/bfc_allocator.cc:990] InUse at 1305da9000 of size 2560 next 147
2020-07-29 08:44:43.510405: I tensorflow/core/common_runtime/bfc_allocator.cc:990] InUse at 1305da9a00 of size 2048 next 148
2020-07-29 08:44:43.513296: I tensorflow/core/common_runtime/bfc_allocator.cc:990] InUse at 1305daa200 of size 2048 next 149
2020-07-29 08:44:43.517738: I tensorflow/core/common_runtime/bfc_allocator.cc:990] InUse at 1305daaa00 of size 6144 next 151
2020-07-29 08:44:43.520597: I tensorflow/core/common_runtime/bfc_allocator.cc:990] InUse at 1305dac200 of size 4096 next 154
2020-07-29 08:44:43.523467: I tensorflow/core/common_runtime/bfc_allocator.cc:990] InUse at 1305dad200 of size 4096 next 155
2020-07-29 08:44:43.526329: I tensorflow/core/common_runtime/bfc_allocator.cc:990] InUse at 1305dae200 of size 4096 next 156
2020-07-29 08:44:43.530567: I tensorflow/core/common_runtime/bfc_allocator.cc:990] InUse at 1305daf200 of size 1024 next 159
2020-07-29 08:44:43.533484: I tensorflow/core/common_runtime/bfc_allocator.cc:990] InUse at 1305daf600 of size 1024 next 160
2020-07-29 08:44:43.536383: I tensorflow/core/common_runtime/bfc_allocator.cc:990] InUse at 1305dafa00 of size 1024 next 161
2020-07-29 08:44:43.540515: I tensorflow/core/common_runtime/bfc_allocator.cc:990] InUse at 1305dafe00 of size 1024 next 162
2020-07-29 08:44:43.543375: I tensorflow/core/common_runtime/bfc_allocator.cc:990] InUse at 1305db0200 of size 1024 next 165
2020-07-29 08:44:43.546236: I tensorflow/core/common_runtime/bfc_allocator.cc:990] InUse at 1305db0600 of size 1024 next 166
2020-07-29 08:44:43.550349: I tensorflow/core/common_runtime/bfc_allocator.cc:990] InUse at 1305db0a00 of size 1024 next 167
2020-07-29 08:44:43.557565: I tensorflow/core/common_runtime/bfc_allocator.cc:990] InUse at 1305db0e00 of size 5120 next 169
2020-07-29 08:44:43.560438: I tensorflow/core/common_runtime/bfc_allocator.cc:990] InUse at 1305db2200 of size 4096 next 171
2020-07-29 08:44:43.563361: I tensorflow/core/common_runtime/bfc_allocator.cc:990] InUse at 1305db3200 of size 4096 next 67
2020-07-29 08:44:43.567378: I tensorflow/core/common_runtime/bfc_allocator.cc:990] InUse at 1305db4200 of size 65536 next 19
2020-07-29 08:44:43.572684: I tensorflow/core/common_runtime/bfc_allocator.cc:990] InUse at 1305dc4200 of size 65536 next 18
2020-07-29 08:44:43.576678: I tensorflow/core/common_runtime/bfc_allocator.cc:990] InUse at 1305dd4200 of size 4096 next 224
2020-07-29 08:44:43.579533: I tensorflow/core/common_runtime/bfc_allocator.cc:990] InUse at 1305dd5200 of size 8192 next 255
2020-07-29 08:44:43.582408: I tensorflow/core/common_runtime/bfc_allocator.cc:990] InUse at 1305dd7200 of size 8192 next 47
2020-07-29 08:44:43.585262: I tensorflow/core/common_runtime/bfc_allocator.cc:990] InUse at 1305dd9200 of size 126976 next 301
2020-07-29 08:44:43.589509: I tensorflow/core/common_runtime/bfc_allocator.cc:990] InUse at 1305df8200 of size 256 next 310
2020-07-29 08:44:43.592801: I tensorflow/core/common_runtime/bfc_allocator.cc:990] InUse at 1305df8300 of size 256 next 61
2020-07-29 08:44:43.596750: I tensorflow/core/common_runtime/bfc_allocator.cc:990] InUse at 1305df8400 of size 256 next 66
2020-07-29 08:44:43.599580: I tensorflow/core/common_runtime/bfc_allocator.cc:990] InUse at 1305df8500 of size 256 next 303
2020-07-29 08:44:43.602446: I tensorflow/core/common_runtime/bfc_allocator.cc:990] InUse at 1305df8600 of size 1024 next 304
2020-07-29 08:44:43.605328: I tensorflow/core/common_runtime/bfc_allocator.cc:990] InUse at 1305df8a00 of size 1024 next 306
2020-07-29 08:44:43.609583: I tensorflow/core/common_runtime/bfc_allocator.cc:990] InUse at 1305df8e00 of size 1024 next 307
2020-07-29 08:44:43.612460: I tensorflow/core/common_runtime/bfc_allocator.cc:990] InUse at 1305df9200 of size 1024 next 308
2020-07-29 08:44:43.615330: I tensorflow/core/common_runtime/bfc_allocator.cc:990] InUse at 1305df9600 of size 1024 next 309
2020-07-29 08:44:43.619476: I tensorflow/core/common_runtime/bfc_allocator.cc:990] InUse at 1305df9a00 of size 1024 next 311
2020-07-29 08:44:43.622345: I tensorflow/core/common_runtime/bfc_allocator.cc:990] InUse at 1305df9e00 of size 1024 next 313
2020-07-29 08:44:43.625255: I tensorflow/core/common_runtime/bfc_allocator.cc:990] InUse at 1305dfa200 of size 1024 next 314
2020-07-29 08:44:43.629353: I tensorflow/core/common_runtime/bfc_allocator.cc:990] InUse at 1305dfa600 of size 1024 next 315
2020-07-29 08:44:43.632234: I tensorflow/core/common_runtime/bfc_allocator.cc:990] InUse at 1305dfaa00 of size 1024 next 316
2020-07-29 08:44:43.635147: I tensorflow/core/common_runtime/bfc_allocator.cc:990] InUse at 1305dfae00 of size 1024 next 317
2020-07-29 08:44:43.639266: I tensorflow/core/common_runtime/bfc_allocator.cc:990] InUse at 1305dfb200 of size 1024 next 318
2020-07-29 08:44:43.642204: I tensorflow/core/common_runtime/bfc_allocator.cc:990] InUse at 1305dfb600 of size 1024 next 319
2020-07-29 08:44:43.645080: I tensorflow/core/common_runtime/bfc_allocator.cc:990] InUse at 1305dfba00 of size 1024 next 320
2020-07-29 08:44:43.649180: I tensorflow/core/common_runtime/bfc_allocator.cc:990] InUse at 1305dfbe00 of size 1024 next 322
2020-07-29 08:44:43.652094: I tensorflow/core/common_runtime/bfc_allocator.cc:990] InUse at 1305dfc200 of size 1024 next 323
2020-07-29 08:44:43.654991: I tensorflow/core/common_runtime/bfc_allocator.cc:990] InUse at 1305dfc600 of size 1024 next 324
2020-07-29 08:44:43.659092: I tensorflow/core/common_runtime/bfc_allocator.cc:990] InUse at 1305dfca00 of size 1024 next 325
2020-07-29 08:44:43.662390: I tensorflow/core/common_runtime/bfc_allocator.cc:990] InUse at 1305dfce00 of size 256 next 326
2020-07-29 08:44:43.665248: I tensorflow/core/common_runtime/bfc_allocator.cc:990] InUse at 1305dfcf00 of size 256 next 528
2020-07-29 08:44:43.669396: I tensorflow/core/common_runtime/bfc_allocator.cc:990] InUse at 1305dfd000 of size 256 next 527
2020-07-29 08:44:43.672269: I tensorflow/core/common_runtime/bfc_allocator.cc:990] InUse at 1305dfd100 of size 256 next 526
2020-07-29 08:44:43.675144: I tensorflow/core/common_runtime/bfc_allocator.cc:990] InUse at 1305dfd200 of size 256 next 525
2020-07-29 08:44:43.679239: I tensorflow/core/common_runtime/bfc_allocator.cc:990] InUse at 1305dfd300 of size 256 next 331
2020-07-29 08:44:43.682128: I tensorflow/core/common_runtime/bfc_allocator.cc:990] InUse at 1305dfd400 of size 1024 next 333
2020-07-29 08:44:43.685034: I tensorflow/core/common_runtime/bfc_allocator.cc:990] InUse at 1305dfd800 of size 1024 next 334
2020-07-29 08:44:43.689268: I tensorflow/core/common_runtime/bfc_allocator.cc:990] InUse at 1305dfdc00 of size 1024 next 335
2020-07-29 08:44:43.692178: I tensorflow/core/common_runtime/bfc_allocator.cc:990] InUse at 1305dfe000 of size 1024 next 336
2020-07-29 08:44:43.695065: I tensorflow/core/common_runtime/bfc_allocator.cc:990] InUse at 1305dfe400 of size 1024 next 338
2020-07-29 08:44:43.699217: I tensorflow/core/common_runtime/bfc_allocator.cc:990] InUse at 1305dfe800 of size 1024 next 339
2020-07-29 08:44:43.702154: I tensorflow/core/common_runtime/bfc_allocator.cc:990] InUse at 1305dfec00 of size 1024 next 340
2020-07-29 08:44:43.705048: I tensorflow/core/common_runtime/bfc_allocator.cc:990] InUse at 1305dff000 of size 1024 next 341
2020-07-29 08:44:43.709222: I tensorflow/core/common_runtime/bfc_allocator.cc:990] InUse at 1305dff400 of size 1024 next 343
2020-07-29 08:44:43.712104: I tensorflow/core/common_runtime/bfc_allocator.cc:990] InUse at 1305dff800 of size 1024 next 344
2020-07-29 08:44:43.714969: I tensorflow/core/common_runtime/bfc_allocator.cc:990] InUse at 1305dffc00 of size 1024 next 345
2020-07-29 08:44:43.719075: I tensorflow/core/common_runtime/bfc_allocator.cc:990] InUse at 1305e00000 of size 1024 next 346
2020-07-29 08:44:43.721938: I tensorflow/core/common_runtime/bfc_allocator.cc:990] InUse at 1305e00400 of size 1024 next 348
2020-07-29 08:44:43.724802: I tensorflow/core/common_runtime/bfc_allocator.cc:990] InUse at 1305e00800 of size 1024 next 349
2020-07-29 08:44:43.728904: I tensorflow/core/common_runtime/bfc_allocator.cc:990] InUse at 1305e00c00 of size 1024 next 350
2020-07-29 08:44:43.732044: I tensorflow/core/common_runtime/bfc_allocator.cc:990] InUse at 1305e01000 of size 1024 next 351
2020-07-29 08:44:43.734930: I tensorflow/core/common_runtime/bfc_allocator.cc:990] InUse at 1305e01400 of size 256 next 352
2020-07-29 08:44:43.739148: I tensorflow/core/common_runtime/bfc_allocator.cc:990] InUse at 1305e01500 of size 1024 next 353
2020-07-29 08:44:43.742072: I tensorflow/core/common_runtime/bfc_allocator.cc:990] InUse at 1305e01900 of size 1024 next 354
2020-07-29 08:44:43.744977: I tensorflow/core/common_runtime/bfc_allocator.cc:990] InUse at 1305e01d00 of size 1024 next 355
2020-07-29 08:44:43.749086: I tensorflow/core/common_runtime/bfc_allocator.cc:990] InUse at 1305e02100 of size 1024 next 356
2020-07-29 08:44:43.752026: I tensorflow/core/common_runtime/bfc_allocator.cc:990] InUse at 1305e02500 of size 1024 next 358
2020-07-29 08:44:43.754899: I tensorflow/core/common_runtime/bfc_allocator.cc:990] InUse at 1305e02900 of size 1024 next 359
2020-07-29 08:44:43.759037: I tensorflow/core/common_runtime/bfc_allocator.cc:990] InUse at 1305e02d00 of size 1024 next 360
2020-07-29 08:44:43.761909: I tensorflow/core/common_runtime/bfc_allocator.cc:990] InUse at 1305e03100 of size 1024 next 361
2020-07-29 08:44:43.764800: I tensorflow/core/common_runtime/bfc_allocator.cc:990] InUse at 1305e03500 of size 1024 next 363
2020-07-29 08:44:43.768956: I tensorflow/core/common_runtime/bfc_allocator.cc:990] InUse at 1305e03900 of size 1024 next 364
2020-07-29 08:44:43.773823: I tensorflow/core/common_runtime/bfc_allocator.cc:990] InUse at 1305e03d00 of size 1024 next 365
2020-07-29 08:44:43.777688: I tensorflow/core/common_runtime/bfc_allocator.cc:990] InUse at 1305e04100 of size 1024 next 366
2020-07-29 08:44:43.780968: I tensorflow/core/common_runtime/bfc_allocator.cc:990] InUse at 1305e04500 of size 1024 next 368
2020-07-29 08:44:43.783846: I tensorflow/core/common_runtime/bfc_allocator.cc:990] InUse at 1305e04900 of size 1024 next 369
2020-07-29 08:44:43.787950: I tensorflow/core/common_runtime/bfc_allocator.cc:990] InUse at 1305e04d00 of size 1024 next 370
2020-07-29 08:44:43.790833: I tensorflow/core/common_runtime/bfc_allocator.cc:990] InUse at 1305e05100 of size 1024 next 371
2020-07-29 08:44:43.793696: I tensorflow/core/common_runtime/bfc_allocator.cc:990] InUse at 1305e05500 of size 256 next 372
2020-07-29 08:44:43.797721: I tensorflow/core/common_runtime/bfc_allocator.cc:990] InUse at 1305e05600 of size 256 next 374
2020-07-29 08:44:43.800605: I tensorflow/core/common_runtime/bfc_allocator.cc:990] InUse at 1305e05700 of size 1024 next 375
2020-07-29 08:44:43.803489: I tensorflow/core/common_runtime/bfc_allocator.cc:990] InUse at 1305e05b00 of size 1024 next 376
2020-07-29 08:44:43.807609: I tensorflow/core/common_runtime/bfc_allocator.cc:990] InUse at 1305e05f00 of size 1024 next 377
2020-07-29 08:44:43.810476: I tensorflow/core/common_runtime/bfc_allocator.cc:990] InUse at 1305e06300 of size 1024 next 378
2020-07-29 08:44:43.813342: I tensorflow/core/common_runtime/bfc_allocator.cc:990] InUse at 1305e06700 of size 1024 next 379
2020-07-29 08:44:43.817488: I tensorflow/core/common_runtime/bfc_allocator.cc:990] InUse at 1305e06b00 of size 1024 next 380
2020-07-29 08:44:43.820369: I tensorflow/core/common_runtime/bfc_allocator.cc:990] InUse at 1305e06f00 of size 1024 next 381
2020-07-29 08:44:43.823249: I tensorflow/core/common_runtime/bfc_allocator.cc:990] InUse at 1305e07300 of size 1024 next 382
2020-07-29 08:44:43.827377: I tensorflow/core/common_runtime/bfc_allocator.cc:990] InUse at 1305e07700 of size 1024 next 383
2020-07-29 08:44:43.830272: I tensorflow/core/common_runtime/bfc_allocator.cc:990] InUse at 1305e07b00 of size 1024 next 384
2020-07-29 08:44:43.833133: I tensorflow/core/common_runtime/bfc_allocator.cc:990] InUse at 1305e07f00 of size 1024 next 385
2020-07-29 08:44:43.837287: I tensorflow/core/common_runtime/bfc_allocator.cc:990] InUse at 1305e08300 of size 1024 next 386
2020-07-29 08:44:43.840148: I tensorflow/core/common_runtime/bfc_allocator.cc:990] InUse at 1305e08700 of size 1024 next 387
2020-07-29 08:44:43.843006: I tensorflow/core/common_runtime/bfc_allocator.cc:990] InUse at 1305e08b00 of size 1024 next 388
2020-07-29 08:44:43.847215: I tensorflow/core/common_runtime/bfc_allocator.cc:990] InUse at 1305e08f00 of size 1024 next 389
2020-07-29 08:44:43.850514: I tensorflow/core/common_runtime/bfc_allocator.cc:990] InUse at 1305e09300 of size 1024 next 390
2020-07-29 08:44:43.853383: I tensorflow/core/common_runtime/bfc_allocator.cc:990] InUse at 1305e09700 of size 1024 next 391
2020-07-29 08:44:43.857474: I tensorflow/core/common_runtime/bfc_allocator.cc:990] InUse at 1305e09b00 of size 1024 next 392
2020-07-29 08:44:43.860345: I tensorflow/core/common_runtime/bfc_allocator.cc:990] InUse at 1305e09f00 of size 1024 next 393
2020-07-29 08:44:43.863235: I tensorflow/core/common_runtime/bfc_allocator.cc:990] InUse at 1305e0a300 of size 1024 next 394
2020-07-29 08:44:43.867336: I tensorflow/core/common_runtime/bfc_allocator.cc:990] InUse at 1305e0a700 of size 1024 next 395
2020-07-29 08:44:43.873804: I tensorflow/core/common_runtime/bfc_allocator.cc:990] InUse at 1305e0ab00 of size 1024 next 396
2020-07-29 08:44:43.877670: I tensorflow/core/common_runtime/bfc_allocator.cc:990] InUse at 1305e0af00 of size 1024 next 397
2020-07-29 08:44:43.880549: I tensorflow/core/common_runtime/bfc_allocator.cc:990] InUse at 1305e0b300 of size 1024 next 398
2020-07-29 08:44:43.883418: I tensorflow/core/common_runtime/bfc_allocator.cc:990] InUse at 1305e0b700 of size 1024 next 399
2020-07-29 08:44:43.887547: I tensorflow/core/common_runtime/bfc_allocator.cc:990] InUse at 1305e0bb00 of size 1024 next 400
2020-07-29 08:44:43.890459: I tensorflow/core/common_runtime/bfc_allocator.cc:990] InUse at 1305e0bf00 of size 1024 next 401
2020-07-29 08:44:43.893328: I tensorflow/core/common_runtime/bfc_allocator.cc:990] InUse at 1305e0c300 of size 1024 next 402
2020-07-29 08:44:43.897476: I tensorflow/core/common_runtime/bfc_allocator.cc:990] InUse at 1305e0c700 of size 1024 next 403
2020-07-29 08:44:43.900354: I tensorflow/core/common_runtime/bfc_allocator.cc:990] InUse at 1305e0cb00 of size 1024 next 404
2020-07-29 08:44:43.903232: I tensorflow/core/common_runtime/bfc_allocator.cc:990] InUse at 1305e0cf00 of size 1024 next 405
2020-07-29 08:44:43.907353: I tensorflow/core/common_runtime/bfc_allocator.cc:990] InUse at 1305e0d300 of size 1024 next 406
2020-07-29 08:44:43.910229: I tensorflow/core/common_runtime/bfc_allocator.cc:990] InUse at 1305e0d700 of size 1024 next 407
2020-07-29 08:44:43.913113: I tensorflow/core/common_runtime/bfc_allocator.cc:990] InUse at 1305e0db00 of size 1024 next 408
2020-07-29 08:44:43.917237: I tensorflow/core/common_runtime/bfc_allocator.cc:990] InUse at 1305e0df00 of size 1024 next 409
2020-07-29 08:44:43.920121: I tensorflow/core/common_runtime/bfc_allocator.cc:990] InUse at 1305e0e300 of size 1024 next 410
2020-07-29 08:44:43.923453: I tensorflow/core/common_runtime/bfc_allocator.cc:990] InUse at 1305e0e700 of size 1024 next 411
2020-07-29 08:44:43.927566: I tensorflow/core/common_runtime/bfc_allocator.cc:990] InUse at 1305e0eb00 of size 1024 next 412
2020-07-29 08:44:43.930465: I tensorflow/core/common_runtime/bfc_allocator.cc:990] InUse at 1305e0ef00 of size 1024 next 413
2020-07-29 08:44:43.933335: I tensorflow/core/common_runtime/bfc_allocator.cc:990] InUse at 1305e0f300 of size 1024 next 414
2020-07-29 08:44:43.937387: I tensorflow/core/common_runtime/bfc_allocator.cc:990] InUse at 1305e0f700 of size 1024 next 415
2020-07-29 08:44:43.940262: I tensorflow/core/common_runtime/bfc_allocator.cc:990] InUse at 1305e0fb00 of size 1024 next 416
2020-07-29 08:44:43.943145: I tensorflow/core/common_runtime/bfc_allocator.cc:990] InUse at 1305e0ff00 of size 1024 next 417
2020-07-29 08:44:43.947284: I tensorflow/core/common_runtime/bfc_allocator.cc:990] InUse at 1305e10300 of size 1024 next 418
2020-07-29 08:44:43.950167: I tensorflow/core/common_runtime/bfc_allocator.cc:990] InUse at 1305e10700 of size 1024 next 419
2020-07-29 08:44:43.953084: I tensorflow/core/common_runtime/bfc_allocator.cc:990] InUse at 1305e10b00 of size 1024 next 420
2020-07-29 08:44:43.957240: I tensorflow/core/common_runtime/bfc_allocator.cc:990] InUse at 1305e10f00 of size 1024 next 421
2020-07-29 08:44:43.960107: I tensorflow/core/common_runtime/bfc_allocator.cc:990] InUse at 1305e11300 of size 1024 next 422
2020-07-29 08:44:43.962982: I tensorflow/core/common_runtime/bfc_allocator.cc:990] InUse at 1305e11700 of size 1024 next 423
2020-07-29 08:44:43.967188: I tensorflow/core/common_runtime/bfc_allocator.cc:990] InUse at 1305e11b00 of size 1024 next 424
2020-07-29 08:44:43.973729: I tensorflow/core/common_runtime/bfc_allocator.cc:990] InUse at 1305e11f00 of size 1024 next 425
2020-07-29 08:44:43.977605: I tensorflow/core/common_runtime/bfc_allocator.cc:990] InUse at 1305e12300 of size 1024 next 426
2020-07-29 08:44:43.980512: I tensorflow/core/common_runtime/bfc_allocator.cc:990] InUse at 1305e12700 of size 1024 next 427
2020-07-29 08:44:43.983485: I tensorflow/core/common_runtime/bfc_allocator.cc:990] InUse at 1305e12b00 of size 1024 next 428
2020-07-29 08:44:43.987669: I tensorflow/core/common_runtime/bfc_allocator.cc:990] InUse at 1305e12f00 of size 1024 next 429
2020-07-29 08:44:43.990541: I tensorflow/core/common_runtime/bfc_allocator.cc:990] InUse at 1305e13300 of size 1024 next 430
2020-07-29 08:44:43.993767: I tensorflow/core/common_runtime/bfc_allocator.cc:990] InUse at 1305e13700 of size 1024 next 431
2020-07-29 08:44:43.997880: I tensorflow/core/common_runtime/bfc_allocator.cc:990] InUse at 1305e13b00 of size 1024 next 432
2020-07-29 08:44:44.000818: I tensorflow/core/common_runtime/bfc_allocator.cc:990] InUse at 1305e13f00 of size 1024 next 433
2020-07-29 08:44:44.003696: I tensorflow/core/common_runtime/bfc_allocator.cc:990] InUse at 1305e14300 of size 1024 next 434
2020-07-29 08:44:44.007812: I tensorflow/core/common_runtime/bfc_allocator.cc:990] InUse at 1305e14700 of size 1024 next 435
2020-07-29 08:44:44.010690: I tensorflow/core/common_runtime/bfc_allocator.cc:990] InUse at 1305e14b00 of size 1024 next 436
2020-07-29 08:44:44.013581: I tensorflow/core/common_runtime/bfc_allocator.cc:990] InUse at 1305e14f00 of size 1024 next 437
2020-07-29 08:44:44.017733: I tensorflow/core/common_runtime/bfc_allocator.cc:990] InUse at 1305e15300 of size 1024 next 438
2020-07-29 08:44:44.020621: I tensorflow/core/common_runtime/bfc_allocator.cc:990] InUse at 1305e15700 of size 1024 next 439
2020-07-29 08:44:44.023483: I tensorflow/core/common_runtime/bfc_allocator.cc:990] InUse at 1305e15b00 of size 1024 next 440
2020-07-29 08:44:44.027580: I tensorflow/core/common_runtime/bfc_allocator.cc:990] InUse at 1305e15f00 of size 1024 next 441
2020-07-29 08:44:44.030511: I tensorflow/core/common_runtime/bfc_allocator.cc:990] InUse at 1305e16300 of size 1024 next 442
2020-07-29 08:44:44.033399: I tensorflow/core/common_runtime/bfc_allocator.cc:990] InUse at 1305e16700 of size 1024 next 443
2020-07-29 08:44:44.037537: I tensorflow/core/common_runtime/bfc_allocator.cc:990] InUse at 1305e16b00 of size 1024 next 444
2020-07-29 08:44:44.040402: I tensorflow/core/common_runtime/bfc_allocator.cc:990] InUse at 1305e16f00 of size 1024 next 445
2020-07-29 08:44:44.043275: I tensorflow/core/common_runtime/bfc_allocator.cc:990] InUse at 1305e17300 of size 1024 next 446
2020-07-29 08:44:44.047375: I tensorflow/core/common_runtime/bfc_allocator.cc:990] InUse at 1305e17700 of size 1024 next 447
2020-07-29 08:44:44.050279: I tensorflow/core/common_runtime/bfc_allocator.cc:990] InUse at 1305e17b00 of size 1024 next 448
2020-07-29 08:44:44.053146: I tensorflow/core/common_runtime/bfc_allocator.cc:990] InUse at 1305e17f00 of size 1024 next 449
2020-07-29 08:44:44.057258: I tensorflow/core/common_runtime/bfc_allocator.cc:990] InUse at 1305e18300 of size 1024 next 450
2020-07-29 08:44:44.060118: I tensorflow/core/common_runtime/bfc_allocator.cc:990] InUse at 1305e18700 of size 1024 next 451
2020-07-29 08:44:44.062982: I tensorflow/core/common_runtime/bfc_allocator.cc:990] InUse at 1305e18b00 of size 1024 next 452
2020-07-29 08:44:44.067131: I tensorflow/core/common_runtime/bfc_allocator.cc:990] InUse at 1305e18f00 of size 1024 next 453
2020-07-29 08:44:44.073670: I tensorflow/core/common_runtime/bfc_allocator.cc:990] InUse at 1305e19300 of size 1024 next 454
2020-07-29 08:44:44.077533: I tensorflow/core/common_runtime/bfc_allocator.cc:990] InUse at 1305e19700 of size 1024 next 455
2020-07-29 08:44:44.080450: I tensorflow/core/common_runtime/bfc_allocator.cc:990] InUse at 1305e19b00 of size 1024 next 456
2020-07-29 08:44:44.083359: I tensorflow/core/common_runtime/bfc_allocator.cc:990] InUse at 1305e19f00 of size 1024 next 457
2020-07-29 08:44:44.087938: I tensorflow/core/common_runtime/bfc_allocator.cc:990] InUse at 1305e1a300 of size 1024 next 458
2020-07-29 08:44:44.090822: I tensorflow/core/common_runtime/bfc_allocator.cc:990] InUse at 1305e1a700 of size 1024 next 459
2020-07-29 08:44:44.093688: I tensorflow/core/common_runtime/bfc_allocator.cc:990] InUse at 1305e1ab00 of size 1024 next 460
2020-07-29 08:44:44.097797: I tensorflow/core/common_runtime/bfc_allocator.cc:990] InUse at 1305e1af00 of size 1024 next 461
2020-07-29 08:44:44.100703: I tensorflow/core/common_runtime/bfc_allocator.cc:990] InUse at 1305e1b300 of size 1024 next 462
2020-07-29 08:44:44.103572: I tensorflow/core/common_runtime/bfc_allocator.cc:990] InUse at 1305e1b700 of size 1024 next 463
2020-07-29 08:44:44.107694: I tensorflow/core/common_runtime/bfc_allocator.cc:990] InUse at 1305e1bb00 of size 1792 next 41
2020-07-29 08:44:44.110573: I tensorflow/core/common_runtime/bfc_allocator.cc:990] InUse at 1305e1c200 of size 1024 next 504
2020-07-29 08:44:44.113445: I tensorflow/core/common_runtime/bfc_allocator.cc:990] InUse at 1305e1c600 of size 1024 next 505
2020-07-29 08:44:44.117555: I tensorflow/core/common_runtime/bfc_allocator.cc:990] InUse at 1305e1ca00 of size 1024 next 506
2020-07-29 08:44:44.120436: I tensorflow/core/common_runtime/bfc_allocator.cc:990] InUse at 1305e1ce00 of size 1024 next 15
2020-07-29 08:44:44.123352: I tensorflow/core/common_runtime/bfc_allocator.cc:990] InUse at 1305e1d200 of size 1024 next 16
2020-07-29 08:44:44.127450: I tensorflow/core/common_runtime/bfc_allocator.cc:990] InUse at 1305e1d600 of size 1024 next 9
2020-07-29 08:44:44.130304: I tensorflow/core/common_runtime/bfc_allocator.cc:990] InUse at 1305e1da00 of size 1024 next 10
2020-07-29 08:44:44.133157: I tensorflow/core/common_runtime/bfc_allocator.cc:990] InUse at 1305e1de00 of size 1024 next 4
2020-07-29 08:44:44.137250: I tensorflow/core/common_runtime/bfc_allocator.cc:990] InUse at 1305e1e200 of size 1024 next 11
2020-07-29 08:44:44.140102: I tensorflow/core/common_runtime/bfc_allocator.cc:990] InUse at 1305e1e600 of size 1024 next 13
2020-07-29 08:44:44.142962: I tensorflow/core/common_runtime/bfc_allocator.cc:990] InUse at 1305e1ea00 of size 1024 next 14
2020-07-29 08:44:44.147070: I tensorflow/core/common_runtime/bfc_allocator.cc:990] InUse at 1305e1ee00 of size 1024 next 7
2020-07-29 08:44:44.149914: I tensorflow/core/common_runtime/bfc_allocator.cc:990] InUse at 1305e1f200 of size 1024 next 8
2020-07-29 08:44:44.152763: I tensorflow/core/common_runtime/bfc_allocator.cc:990] InUse at 1305e1f600 of size 1024 next 12
2020-07-29 08:44:44.157292: I tensorflow/core/common_runtime/bfc_allocator.cc:990] InUse at 1305e1fa00 of size 1024 next 5
2020-07-29 08:44:44.160125: I tensorflow/core/common_runtime/bfc_allocator.cc:990] InUse at 1305e1fe00 of size 1024 next 6
2020-07-29 08:44:44.162955: I tensorflow/core/common_runtime/bfc_allocator.cc:990] InUse at 1305e20200 of size 1024 next 198
2020-07-29 08:44:44.167062: I tensorflow/core/common_runtime/bfc_allocator.cc:990] InUse at 1305e20600 of size 1024 next 620
2020-07-29 08:44:44.173696: I tensorflow/core/common_runtime/bfc_allocator.cc:990] InUse at 1305e20a00 of size 1024 next 645
2020-07-29 08:44:44.177605: I tensorflow/core/common_runtime/bfc_allocator.cc:990] InUse at 1305e20e00 of size 1024 next 622
2020-07-29 08:44:44.180473: I tensorflow/core/common_runtime/bfc_allocator.cc:990] InUse at 1305e21200 of size 1024 next 651
2020-07-29 08:44:44.183340: I tensorflow/core/common_runtime/bfc_allocator.cc:990] InUse at 1305e21600 of size 1024 next 688
2020-07-29 08:44:44.187424: I tensorflow/core/common_runtime/bfc_allocator.cc:990] InUse at 1305e21a00 of size 1024 next 716
2020-07-29 08:44:44.190292: I tensorflow/core/common_runtime/bfc_allocator.cc:990] InUse at 1305e21e00 of size 1024 next 660
2020-07-29 08:44:44.193177: I tensorflow/core/common_runtime/bfc_allocator.cc:990] InUse at 1305e22200 of size 1024 next 656
2020-07-29 08:44:44.197291: I tensorflow/core/common_runtime/bfc_allocator.cc:990] InUse at 1305e22600 of size 1024 next 558
2020-07-29 08:44:44.200153: I tensorflow/core/common_runtime/bfc_allocator.cc:990] InUse at 1305e22a00 of size 1024 next 636
2020-07-29 08:44:44.203031: I tensorflow/core/common_runtime/bfc_allocator.cc:990] InUse at 1305e22e00 of size 1024 next 647
2020-07-29 08:44:44.207209: I tensorflow/core/common_runtime/bfc_allocator.cc:990] InUse at 1305e23200 of size 1024 next 580
2020-07-29 08:44:44.210086: I tensorflow/core/common_runtime/bfc_allocator.cc:990] InUse at 1305e23600 of size 1024 next 671
2020-07-29 08:44:44.212960: I tensorflow/core/common_runtime/bfc_allocator.cc:990] InUse at 1305e23a00 of size 1024 next 665
2020-07-29 08:44:44.217083: I tensorflow/core/common_runtime/bfc_allocator.cc:990] InUse at 1305e23e00 of size 1024 next 672
2020-07-29 08:44:44.219980: I tensorflow/core/common_runtime/bfc_allocator.cc:990] InUse at 1305e24200 of size 1024 next 709
2020-07-29 08:44:44.222863: I tensorflow/core/common_runtime/bfc_allocator.cc:990] InUse at 1305e24600 of size 1024 next 673
2020-07-29 08:44:44.227006: I tensorflow/core/common_runtime/bfc_allocator.cc:990] InUse at 1305e24a00 of size 1024 next 640
2020-07-29 08:44:44.230299: I tensorflow/core/common_runtime/bfc_allocator.cc:990] InUse at 1305e24e00 of size 1024 next 685
2020-07-29 08:44:44.233169: I tensorflow/core/common_runtime/bfc_allocator.cc:990] InUse at 1305e25200 of size 1024 next 655
2020-07-29 08:44:44.237316: I tensorflow/core/common_runtime/bfc_allocator.cc:990] InUse at 1305e25600 of size 1024 next 544
2020-07-29 08:44:44.240295: I tensorflow/core/common_runtime/bfc_allocator.cc:990] InUse at 1305e25a00 of size 1024 next 634
2020-07-29 08:44:44.243192: I tensorflow/core/common_runtime/bfc_allocator.cc:990] InUse at 1305e25e00 of size 1024 next 556
2020-07-29 08:44:44.247334: I tensorflow/core/common_runtime/bfc_allocator.cc:990] InUse at 1305e26200 of size 1024 next 569
2020-07-29 08:44:44.250283: I tensorflow/core/common_runtime/bfc_allocator.cc:990] InUse at 1305e26600 of size 1024 next 659
2020-07-29 08:44:44.253188: I tensorflow/core/common_runtime/bfc_allocator.cc:990] InUse at 1305e26a00 of size 1024 next 537
2020-07-29 08:44:44.257208: I tensorflow/core/common_runtime/bfc_allocator.cc:990] InUse at 1305e26e00 of size 1024 next 678
2020-07-29 08:44:44.260090: I tensorflow/core/common_runtime/bfc_allocator.cc:990] InUse at 1305e27200 of size 1024 next 538
2020-07-29 08:44:44.262979: I tensorflow/core/common_runtime/bfc_allocator.cc:990] InUse at 1305e27600 of size 1024 next 713
2020-07-29 08:44:44.267156: I tensorflow/core/common_runtime/bfc_allocator.cc:990] InUse at 1305e27a00 of size 1024 next 657
2020-07-29 08:44:44.273710: I tensorflow/core/common_runtime/bfc_allocator.cc:990] InUse at 1305e27e00 of size 1024 next 687
2020-07-29 08:44:44.277548: I tensorflow/core/common_runtime/bfc_allocator.cc:990] InUse at 1305e28200 of size 1024 next 711
2020-07-29 08:44:44.280416: I tensorflow/core/common_runtime/bfc_allocator.cc:990] InUse at 1305e28600 of size 1024 next 679
2020-07-29 08:44:44.283290: I tensorflow/core/common_runtime/bfc_allocator.cc:990] InUse at 1305e28a00 of size 1024 next 566
2020-07-29 08:44:44.287409: I tensorflow/core/common_runtime/bfc_allocator.cc:990] InUse at 1305e28e00 of size 1024 next 642
2020-07-29 08:44:44.290295: I tensorflow/core/common_runtime/bfc_allocator.cc:990] InUse at 1305e29200 of size 1024 next 641
2020-07-29 08:44:44.293159: I tensorflow/core/common_runtime/bfc_allocator.cc:990] InUse at 1305e29600 of size 1024 next 643
2020-07-29 08:44:44.297273: I tensorflow/core/common_runtime/bfc_allocator.cc:990] InUse at 1305e29a00 of size 1024 next 549
2020-07-29 08:44:44.300551: I tensorflow/core/common_runtime/bfc_allocator.cc:990] InUse at 1305e29e00 of size 1024 next 644
2020-07-29 08:44:44.303436: I tensorflow/core/common_runtime/bfc_allocator.cc:990] InUse at 1305e2a200 of size 1024 next 663
2020-07-29 08:44:44.307517: I tensorflow/core/common_runtime/bfc_allocator.cc:990] InUse at 1305e2a600 of size 1024 next 690
2020-07-29 08:44:44.310385: I tensorflow/core/common_runtime/bfc_allocator.cc:990] InUse at 1305e2aa00 of size 1024 next 668
2020-07-29 08:44:44.313284: I tensorflow/core/common_runtime/bfc_allocator.cc:990] InUse at 1305e2ae00 of size 1024 next 564
2020-07-29 08:44:44.317447: I tensorflow/core/common_runtime/bfc_allocator.cc:990] InUse at 1305e2b200 of size 1024 next 704
2020-07-29 08:44:44.320321: I tensorflow/core/common_runtime/bfc_allocator.cc:990] InUse at 1305e2b600 of size 1024 next 533
2020-07-29 08:44:44.323187: I tensorflow/core/common_runtime/bfc_allocator.cc:990] InUse at 1305e2ba00 of size 1024 next 654
2020-07-29 08:44:44.327294: I tensorflow/core/common_runtime/bfc_allocator.cc:990] InUse at 1305e2be00 of size 37632 next 692
2020-07-29 08:44:44.330199: I tensorflow/core/common_runtime/bfc_allocator.cc:990] InUse at 1305e35100 of size 256 next 637
2020-07-29 08:44:44.333055: I tensorflow/core/common_runtime/bfc_allocator.cc:990] InUse at 1305e35200 of size 256 next 562
2020-07-29 08:44:44.337156: I tensorflow/core/common_runtime/bfc_allocator.cc:990] InUse at 1305e35300 of size 16384 next 635
2020-07-29 08:44:44.340041: I tensorflow/core/common_runtime/bfc_allocator.cc:990] InUse at 1305e39300 of size 256 next 632
2020-07-29 08:44:44.342908: I tensorflow/core/common_runtime/bfc_allocator.cc:990] InUse at 1305e39400 of size 256 next 550
2020-07-29 08:44:44.347032: I tensorflow/core/common_runtime/bfc_allocator.cc:990] InUse at 1305e39500 of size 256 next 531
2020-07-29 08:44:44.349902: I tensorflow/core/common_runtime/bfc_allocator.cc:990] InUse at 1305e39600 of size 256 next 650
2020-07-29 08:44:44.352778: I tensorflow/core/common_runtime/bfc_allocator.cc:990] InUse at 1305e39700 of size 1024 next 565
2020-07-29 08:44:44.356903: I tensorflow/core/common_runtime/bfc_allocator.cc:990] InUse at 1305e39b00 of size 1024 next 662
2020-07-29 08:44:44.359765: I tensorflow/core/common_runtime/bfc_allocator.cc:990] InUse at 1305e39f00 of size 1024 next 638
2020-07-29 08:44:44.362632: I tensorflow/core/common_runtime/bfc_allocator.cc:990] InUse at 1305e3a300 of size 1024 next 631
2020-07-29 08:44:44.367159: I tensorflow/core/common_runtime/bfc_allocator.cc:990] InUse at 1305e3a700 of size 256 next 677
2020-07-29 08:44:44.374530: I tensorflow/core/common_runtime/bfc_allocator.cc:990] InUse at 1305e3a800 of size 256 next 551
2020-07-29 08:44:44.377380: I tensorflow/core/common_runtime/bfc_allocator.cc:990] InUse at 1305e3a900 of size 256 next 714
2020-07-29 08:44:44.380226: I tensorflow/core/common_runtime/bfc_allocator.cc:990] InUse at 1305e3aa00 of size 256 next 666
2020-07-29 08:44:44.384202: I tensorflow/core/common_runtime/bfc_allocator.cc:990] InUse at 1305e3ab00 of size 1024 next 621
2020-07-29 08:44:44.389366: I tensorflow/core/common_runtime/bfc_allocator.cc:990] InUse at 1305e3af00 of size 1024 next 715
2020-07-29 08:44:44.392256: I tensorflow/core/common_runtime/bfc_allocator.cc:990] InUse at 1305e3b300 of size 256 next 676
2020-07-29 08:44:44.396327: I tensorflow/core/common_runtime/bfc_allocator.cc:990] InUse at 1305e3b400 of size 256 next 675
2020-07-29 08:44:44.399215: I tensorflow/core/common_runtime/bfc_allocator.cc:990] InUse at 1305e3b500 of size 256 next 542
2020-07-29 08:44:44.402078: I tensorflow/core/common_runtime/bfc_allocator.cc:990] InUse at 1305e3b600 of size 256 next 717
2020-07-29 08:44:44.406140: I tensorflow/core/common_runtime/bfc_allocator.cc:990] InUse at 1305e3b700 of size 1024 next 532
2020-07-29 08:44:44.409058: I tensorflow/core/common_runtime/bfc_allocator.cc:990] InUse at 1305e3bb00 of size 1024 next 686
2020-07-29 08:44:44.411957: I tensorflow/core/common_runtime/bfc_allocator.cc:990] InUse at 1305e3bf00 of size 512 next 691
2020-07-29 08:44:44.416065: I tensorflow/core/common_runtime/bfc_allocator.cc:990] InUse at 1305e3c100 of size 512 next 683
2020-07-29 08:44:44.418939: I tensorflow/core/common_runtime/bfc_allocator.cc:990] InUse at 1305e3c300 of size 512 next 682
2020-07-29 08:44:44.421785: I tensorflow/core/common_runtime/bfc_allocator.cc:990] InUse at 1305e3c500 of size 512 next 707
2020-07-29 08:44:44.425875: I tensorflow/core/common_runtime/bfc_allocator.cc:990] InUse at 1305e3c700 of size 2048 next 661
2020-07-29 08:44:44.428752: I tensorflow/core/common_runtime/bfc_allocator.cc:990] InUse at 1305e3cf00 of size 2048 next 712
2020-07-29 08:44:44.431641: I tensorflow/core/common_runtime/bfc_allocator.cc:990] InUse at 1305e3d700 of size 2048 next 705
2020-07-29 08:44:44.435782: I tensorflow/core/common_runtime/bfc_allocator.cc:990] InUse at 1305e3df00 of size 2048 next 706
2020-07-29 08:44:44.439064: I tensorflow/core/common_runtime/bfc_allocator.cc:990] InUse at 1305e3e700 of size 512 next 684
2020-07-29 08:44:44.441947: I tensorflow/core/common_runtime/bfc_allocator.cc:990] InUse at 1305e3e900 of size 512 next 693
2020-07-29 08:44:44.446030: I tensorflow/core/common_runtime/bfc_allocator.cc:990] InUse at 1305e3eb00 of size 512 next 680
2020-07-29 08:44:44.448901: I tensorflow/core/common_runtime/bfc_allocator.cc:990] InUse at 1305e3ed00 of size 512 next 664
2020-07-29 08:44:44.451805: I tensorflow/core/common_runtime/bfc_allocator.cc:990] InUse at 1305e3ef00 of size 2048 next 575
2020-07-29 08:44:44.455880: I tensorflow/core/common_runtime/bfc_allocator.cc:990] InUse at 1305e3f700 of size 2816 next 42
2020-07-29 08:44:44.458755: I tensorflow/core/common_runtime/bfc_allocator.cc:990] InUse at 1305e40200 of size 65536 next 63
2020-07-29 08:44:44.461642: I tensorflow/core/common_runtime/bfc_allocator.cc:990] InUse at 1305e50200 of size 1024 next 168
2020-07-29 08:44:44.465798: I tensorflow/core/common_runtime/bfc_allocator.cc:990] InUse at 1305e50600 of size 1024 next 172
2020-07-29 08:44:44.468747: I tensorflow/core/common_runtime/bfc_allocator.cc:990] InUse at 1305e50a00 of size 1024 next 183
2020-07-29 08:44:44.471640: I tensorflow/core/common_runtime/bfc_allocator.cc:990] InUse at 1305e50e00 of size 1024 next 188
2020-07-29 08:44:44.475749: I tensorflow/core/common_runtime/bfc_allocator.cc:990] InUse at 1305e51200 of size 1024 next 173
2020-07-29 08:44:44.478611: I tensorflow/core/common_runtime/bfc_allocator.cc:990] InUse at 1305e51600 of size 1024 next 175
2020-07-29 08:44:44.481466: I tensorflow/core/common_runtime/bfc_allocator.cc:990] InUse at 1305e51a00 of size 1024 next 176
2020-07-29 08:44:44.485622: I tensorflow/core/common_runtime/bfc_allocator.cc:990] InUse at 1305e51e00 of size 1024 next 177
2020-07-29 08:44:44.490518: I tensorflow/core/common_runtime/bfc_allocator.cc:990] InUse at 1305e52200 of size 1024 next 178
2020-07-29 08:44:44.494399: I tensorflow/core/common_runtime/bfc_allocator.cc:990] InUse at 1305e52600 of size 1024 next 181
2020-07-29 08:44:44.497269: I tensorflow/core/common_runtime/bfc_allocator.cc:990] InUse at 1305e52a00 of size 1024 next 182
2020-07-29 08:44:44.500193: I tensorflow/core/common_runtime/bfc_allocator.cc:990] InUse at 1305e52e00 of size 5120 next 185
2020-07-29 08:44:44.504292: I tensorflow/core/common_runtime/bfc_allocator.cc:990] InUse at 1305e54200 of size 4096 next 186
2020-07-29 08:44:44.507165: I tensorflow/core/common_runtime/bfc_allocator.cc:990] InUse at 1305e55200 of size 4096 next 187
2020-07-29 08:44:44.510430: I tensorflow/core/common_runtime/bfc_allocator.cc:990] InUse at 1305e56200 of size 5120 next 190
2020-07-29 08:44:44.514530: I tensorflow/core/common_runtime/bfc_allocator.cc:990] InUse at 1305e57600 of size 1024 next 191
2020-07-29 08:44:44.517432: I tensorflow/core/common_runtime/bfc_allocator.cc:990] InUse at 1305e57a00 of size 1024 next 192
2020-07-29 08:44:44.520397: I tensorflow/core/common_runtime/bfc_allocator.cc:990] InUse at 1305e57e00 of size 1024 next 193
2020-07-29 08:44:44.524598: I tensorflow/core/common_runtime/bfc_allocator.cc:990] InUse at 1305e58200 of size 1024 next 196
2020-07-29 08:44:44.527472: I tensorflow/core/common_runtime/bfc_allocator.cc:990] InUse at 1305e58600 of size 1024 next 197
2020-07-29 08:44:44.530327: I tensorflow/core/common_runtime/bfc_allocator.cc:990] InUse at 1305e58a00 of size 6144 next 201
2020-07-29 08:44:44.534519: I tensorflow/core/common_runtime/bfc_allocator.cc:990] InUse at 1305e5a200 of size 4096 next 202
2020-07-29 08:44:44.537400: I tensorflow/core/common_runtime/bfc_allocator.cc:990] InUse at 1305e5b200 of size 4096 next 203
2020-07-29 08:44:44.540283: I tensorflow/core/common_runtime/bfc_allocator.cc:990] InUse at 1305e5c200 of size 1024 next 194
2020-07-29 08:44:44.544416: I tensorflow/core/common_runtime/bfc_allocator.cc:990] InUse at 1305e5c600 of size 1024 next 204
2020-07-29 08:44:44.547316: I tensorflow/core/common_runtime/bfc_allocator.cc:990] InUse at 1305e5ca00 of size 1024 next 209
2020-07-29 08:44:44.550183: I tensorflow/core/common_runtime/bfc_allocator.cc:990] InUse at 1305e5ce00 of size 1024 next 219
2020-07-29 08:44:44.554347: I tensorflow/core/common_runtime/bfc_allocator.cc:990] InUse at 1305e5d200 of size 1024 next 205
2020-07-29 08:44:44.557214: I tensorflow/core/common_runtime/bfc_allocator.cc:990] InUse at 1305e5d600 of size 1024 next 206
2020-07-29 08:44:44.560074: I tensorflow/core/common_runtime/bfc_allocator.cc:990] InUse at 1305e5da00 of size 1024 next 207
2020-07-29 08:44:44.564205: I tensorflow/core/common_runtime/bfc_allocator.cc:990] InUse at 1305e5de00 of size 1024 next 208
2020-07-29 08:44:44.567104: I tensorflow/core/common_runtime/bfc_allocator.cc:990] InUse at 1305e5e200 of size 1024 next 211
2020-07-29 08:44:44.569996: I tensorflow/core/common_runtime/bfc_allocator.cc:990] InUse at 1305e5e600 of size 1024 next 212
2020-07-29 08:44:44.574143: I tensorflow/core/common_runtime/bfc_allocator.cc:990] InUse at 1305e5ea00 of size 1024 next 213
2020-07-29 08:44:44.577424: I tensorflow/core/common_runtime/bfc_allocator.cc:990] InUse at 1305e5ee00 of size 5120 next 216
2020-07-29 08:44:44.580286: I tensorflow/core/common_runtime/bfc_allocator.cc:990] InUse at 1305e60200 of size 4096 next 217
2020-07-29 08:44:44.584432: I tensorflow/core/common_runtime/bfc_allocator.cc:990] InUse at 1305e61200 of size 4096 next 218
2020-07-29 08:44:44.590513: I tensorflow/core/common_runtime/bfc_allocator.cc:990] InUse at 1305e62200 of size 5120 next 220
2020-07-29 08:44:44.594396: I tensorflow/core/common_runtime/bfc_allocator.cc:990] InUse at 1305e63600 of size 1024 next 221
2020-07-29 08:44:44.597268: I tensorflow/core/common_runtime/bfc_allocator.cc:990] InUse at 1305e63a00 of size 1024 next 222
2020-07-29 08:44:44.600129: I tensorflow/core/common_runtime/bfc_allocator.cc:990] InUse at 1305e63e00 of size 1024 next 56
2020-07-29 08:44:44.604243: I tensorflow/core/common_runtime/bfc_allocator.cc:990] InUse at 1305e64200 of size 147456 next 57
2020-07-29 08:44:44.607118: I tensorflow/core/common_runtime/bfc_allocator.cc:990] InUse at 1305e88200 of size 65536 next 78
2020-07-29 08:44:44.609982: I tensorflow/core/common_runtime/bfc_allocator.cc:990] InUse at 1305e98200 of size 1024 next 225
2020-07-29 08:44:44.614121: I tensorflow/core/common_runtime/bfc_allocator.cc:990] InUse at 1305e98600 of size 1024 next 226
2020-07-29 08:44:44.616996: I tensorflow/core/common_runtime/bfc_allocator.cc:990] InUse at 1305e98a00 of size 6144 next 230
2020-07-29 08:44:44.619919: I tensorflow/core/common_runtime/bfc_allocator.cc:990] InUse at 1305e9a200 of size 4096 next 231
2020-07-29 08:44:44.624197: I tensorflow/core/common_runtime/bfc_allocator.cc:990] InUse at 1305e9b200 of size 4096 next 232
2020-07-29 08:44:44.627073: I tensorflow/core/common_runtime/bfc_allocator.cc:990] InUse at 1305e9c200 of size 1024 next 228
2020-07-29 08:44:44.629941: I tensorflow/core/common_runtime/bfc_allocator.cc:990] InUse at 1305e9c600 of size 1024 next 233
2020-07-29 08:44:44.633941: I tensorflow/core/common_runtime/bfc_allocator.cc:990] InUse at 1305e9ca00 of size 3072 next 234
2020-07-29 08:44:44.636820: I tensorflow/core/common_runtime/bfc_allocator.cc:990] InUse at 1305e9d600 of size 1024 next 235
2020-07-29 08:44:44.639697: I tensorflow/core/common_runtime/bfc_allocator.cc:990] InUse at 1305e9da00 of size 1024 next 236
2020-07-29 08:44:44.643986: I tensorflow/core/common_runtime/bfc_allocator.cc:990] InUse at 1305e9de00 of size 1024 next 237
2020-07-29 08:44:44.647268: I tensorflow/core/common_runtime/bfc_allocator.cc:990] InUse at 1305e9e200 of size 1024 next 240
2020-07-29 08:44:44.650137: I tensorflow/core/common_runtime/bfc_allocator.cc:990] InUse at 1305e9e600 of size 1024 next 241
2020-07-29 08:44:44.654094: I tensorflow/core/common_runtime/bfc_allocator.cc:990] InUse at 1305e9ea00 of size 1024 next 242
2020-07-29 08:44:44.656971: I tensorflow/core/common_runtime/bfc_allocator.cc:990] InUse at 1305e9ee00 of size 5120 next 245
2020-07-29 08:44:44.659840: I tensorflow/core/common_runtime/bfc_allocator.cc:990] InUse at 1305ea0200 of size 4096 next 246
2020-07-29 08:44:44.664062: I tensorflow/core/common_runtime/bfc_allocator.cc:990] InUse at 1305ea1200 of size 4096 next 247
2020-07-29 08:44:44.666935: I tensorflow/core/common_runtime/bfc_allocator.cc:990] InUse at 1305ea2200 of size 12288 next 249
2020-07-29 08:44:44.669829: I tensorflow/core/common_runtime/bfc_allocator.cc:990] InUse at 1305ea5200 of size 8192 next 252
2020-07-29 08:44:44.673931: I tensorflow/core/common_runtime/bfc_allocator.cc:990] InUse at 1305ea7200 of size 8192 next 253
2020-07-29 08:44:44.676819: I tensorflow/core/common_runtime/bfc_allocator.cc:990] InUse at 1305ea9200 of size 12288 next 72
2020-07-29 08:44:44.679674: I tensorflow/core/common_runtime/bfc_allocator.cc:990] InUse at 1305eac200 of size 147456 next 73
2020-07-29 08:44:44.683788: I tensorflow/core/common_runtime/bfc_allocator.cc:990] InUse at 1305ed0200 of size 2048 next 256
2020-07-29 08:44:44.686782: I tensorflow/core/common_runtime/bfc_allocator.cc:990] InUse at 1305ed0a00 of size 2048 next 257
2020-07-29 08:44:44.689654: I tensorflow/core/common_runtime/bfc_allocator.cc:990] InUse at 1305ed1200 of size 2048 next 258
2020-07-29 08:44:44.693776: I tensorflow/core/common_runtime/bfc_allocator.cc:990] InUse at 1305ed1a00 of size 2048 next 259
2020-07-29 08:44:44.696673: I tensorflow/core/common_runtime/bfc_allocator.cc:990] InUse at 1305ed2200 of size 2048 next 262
2020-07-29 08:44:44.699538: I tensorflow/core/common_runtime/bfc_allocator.cc:990] InUse at 1305ed2a00 of size 2048 next 263
2020-07-29 08:44:44.703670: I tensorflow/core/common_runtime/bfc_allocator.cc:990] InUse at 1305ed3200 of size 2048 next 264
2020-07-29 08:44:44.706541: I tensorflow/core/common_runtime/bfc_allocator.cc:990] InUse at 1305ed3a00 of size 1024 next 243
2020-07-29 08:44:44.709412: I tensorflow/core/common_runtime/bfc_allocator.cc:990] InUse at 1305ed3e00 of size 1024 next 265
2020-07-29 08:44:44.713500: I tensorflow/core/common_runtime/bfc_allocator.cc:990] InUse at 1305ed4200 of size 8192 next 266
2020-07-29 08:44:44.716377: I tensorflow/core/common_runtime/bfc_allocator.cc:990] InUse at 1305ed6200 of size 8192 next 268
2020-07-29 08:44:44.719262: I tensorflow/core/common_runtime/bfc_allocator.cc:990] InUse at 1305ed8200 of size 8192 next 269
2020-07-29 08:44:44.722143: I tensorflow/core/common_runtime/bfc_allocator.cc:990] InUse at 1305eda200 of size 2048 next 248
2020-07-29 08:44:44.726367: I tensorflow/core/common_runtime/bfc_allocator.cc:990] InUse at 1305edaa00 of size 2048 next 270
2020-07-29 08:44:44.729234: I tensorflow/core/common_runtime/bfc_allocator.cc:990] InUse at 1305edb200 of size 1024 next 524
2020-07-29 08:44:44.732108: I tensorflow/core/common_runtime/bfc_allocator.cc:990] InUse at 1305edb600 of size 1024 next 523
2020-07-29 08:44:44.736291: I tensorflow/core/common_runtime/bfc_allocator.cc:990] InUse at 1305edba00 of size 1024 next 522
2020-07-29 08:44:44.739244: I tensorflow/core/common_runtime/bfc_allocator.cc:990] InUse at 1305edbe00 of size 1024 next 521
2020-07-29 08:44:44.742144: I tensorflow/core/common_runtime/bfc_allocator.cc:990] InUse at 1305edc200 of size 1024 next 519
2020-07-29 08:44:44.746243: I tensorflow/core/common_runtime/bfc_allocator.cc:990] InUse at 1305edc600 of size 1024 next 271
2020-07-29 08:44:44.749109: I tensorflow/core/common_runtime/bfc_allocator.cc:990] InUse at 1305edca00 of size 2048 next 273
2020-07-29 08:44:44.752019: I tensorflow/core/common_runtime/bfc_allocator.cc:990] InUse at 1305edd200 of size 2048 next 274
2020-07-29 08:44:44.756129: I tensorflow/core/common_runtime/bfc_allocator.cc:990] InUse at 1305edda00 of size 2048 next 275
2020-07-29 08:44:44.759001: I tensorflow/core/common_runtime/bfc_allocator.cc:990] InUse at 1305ede200 of size 2048 next 276
2020-07-29 08:44:44.761869: I tensorflow/core/common_runtime/bfc_allocator.cc:990] InUse at 1305edea00 of size 2048 next 279
2020-07-29 08:44:44.765985: I tensorflow/core/common_runtime/bfc_allocator.cc:990] InUse at 1305edf200 of size 2048 next 280
2020-07-29 08:44:44.768879: I tensorflow/core/common_runtime/bfc_allocator.cc:990] InUse at 1305edfa00 of size 10240 next 283
2020-07-29 08:44:44.771766: I tensorflow/core/common_runtime/bfc_allocator.cc:990] InUse at 1305ee2200 of size 8192 next 284
2020-07-29 08:44:44.775864: I tensorflow/core/common_runtime/bfc_allocator.cc:990] InUse at 1305ee4200 of size 8192 next 285
2020-07-29 08:44:44.778734: I tensorflow/core/common_runtime/bfc_allocator.cc:990] InUse at 1305ee6200 of size 1024 next 511
2020-07-29 08:44:44.782047: I tensorflow/core/common_runtime/bfc_allocator.cc:990] InUse at 1305ee6600 of size 1024 next 510
2020-07-29 08:44:44.786169: I tensorflow/core/common_runtime/bfc_allocator.cc:990] InUse at 1305ee6a00 of size 1024 next 509
2020-07-29 08:44:44.789091: I tensorflow/core/common_runtime/bfc_allocator.cc:990] InUse at 1305ee6e00 of size 1024 next 508
2020-07-29 08:44:44.791979: I tensorflow/core/common_runtime/bfc_allocator.cc:990] InUse at 1305ee7200 of size 1024 next 507
2020-07-29 08:44:44.796098: I tensorflow/core/common_runtime/bfc_allocator.cc:990] InUse at 1305ee7600 of size 1024 next 502
2020-07-29 08:44:44.799054: I tensorflow/core/common_runtime/bfc_allocator.cc:990] InUse at 1305ee7a00 of size 1024 next 503
2020-07-29 08:44:44.801952: I tensorflow/core/common_runtime/bfc_allocator.cc:990] InUse at 1305ee7e00 of size 1024 next 286
2020-07-29 08:44:44.806104: I tensorflow/core/common_runtime/bfc_allocator.cc:990] InUse at 1305ee8200 of size 2048 next 288
2020-07-29 08:44:44.809015: I tensorflow/core/common_runtime/bfc_allocator.cc:990] InUse at 1305ee8a00 of size 2048 next 289
2020-07-29 08:44:44.811900: I tensorflow/core/common_runtime/bfc_allocator.cc:990] InUse at 1305ee9200 of size 2048 next 290
2020-07-29 08:44:44.816030: I tensorflow/core/common_runtime/bfc_allocator.cc:990] InUse at 1305ee9a00 of size 2048 next 291
2020-07-29 08:44:44.818952: I tensorflow/core/common_runtime/bfc_allocator.cc:990] InUse at 1305eea200 of size 2048 next 294
2020-07-29 08:44:44.821835: I tensorflow/core/common_runtime/bfc_allocator.cc:990] InUse at 1305eeaa00 of size 2048 next 295
2020-07-29 08:44:44.826007: I tensorflow/core/common_runtime/bfc_allocator.cc:990] InUse at 1305eeb200 of size 2048 next 296
2020-07-29 08:44:44.829087: I tensorflow/core/common_runtime/bfc_allocator.cc:990] InUse at 1305eeba00 of size 10240 next 299
2020-07-29 08:44:44.831998: I tensorflow/core/common_runtime/bfc_allocator.cc:990] InUse at 1305eee200 of size 8192 next 88
2020-07-29 08:44:44.836082: I tensorflow/core/common_runtime/bfc_allocator.cc:990] InUse at 1305ef0200 of size 393216 next 101
2020-07-29 08:44:44.839046: I tensorflow/core/common_runtime/bfc_allocator.cc:990] InUse at 1305f50200 of size 262144 next 116
2020-07-29 08:44:44.841964: I tensorflow/core/common_runtime/bfc_allocator.cc:990] InUse at 1305f90200 of size 262144 next 83
2020-07-29 08:44:44.846071: I tensorflow/core/common_runtime/bfc_allocator.cc:990] InUse at 1305fd0200 of size 262144 next 98
2020-07-29 08:44:44.849280: I tensorflow/core/common_runtime/bfc_allocator.cc:990] InUse at 1306010200 of size 262144 next 84
2020-07-29 08:44:44.853195: I tensorflow/core/common_runtime/bfc_allocator.cc:990] InUse at 1306050200 of size 262144 next 106
2020-07-29 08:44:44.856105: I tensorflow/core/common_runtime/bfc_allocator.cc:990] InUse at 1306090200 of size 110592 next 373
2020-07-29 08:44:44.859022: I tensorflow/core/common_runtime/bfc_allocator.cc:990] InUse at 13060ab200 of size 1024 next 464
2020-07-29 08:44:44.861900: I tensorflow/core/common_runtime/bfc_allocator.cc:990] InUse at 13060ab600 of size 1024 next 465
2020-07-29 08:44:44.866126: I tensorflow/core/common_runtime/bfc_allocator.cc:990] InUse at 13060aba00 of size 1024 next 466
2020-07-29 08:44:44.869034: I tensorflow/core/common_runtime/bfc_allocator.cc:990] InUse at 13060abe00 of size 1024 next 467
2020-07-29 08:44:44.871977: I tensorflow/core/common_runtime/bfc_allocator.cc:990] InUse at 13060ac200 of size 1024 next 468
2020-07-29 08:44:44.876128: I tensorflow/core/common_runtime/bfc_allocator.cc:990] InUse at 13060ac600 of size 1024 next 469
2020-07-29 08:44:44.878979: I tensorflow/core/common_runtime/bfc_allocator.cc:990] InUse at 13060aca00 of size 1024 next 470
2020-07-29 08:44:44.881848: I tensorflow/core/common_runtime/bfc_allocator.cc:990] InUse at 13060ace00 of size 1024 next 471
2020-07-29 08:44:44.885992: I tensorflow/core/common_runtime/bfc_allocator.cc:990] InUse at 13060ad200 of size 1024 next 472
2020-07-29 08:44:44.890591: I tensorflow/core/common_runtime/bfc_allocator.cc:990] InUse at 13060ad600 of size 1024 next 473
2020-07-29 08:44:44.894453: I tensorflow/core/common_runtime/bfc_allocator.cc:990] InUse at 13060ada00 of size 1024 next 474
2020-07-29 08:44:44.897738: I tensorflow/core/common_runtime/bfc_allocator.cc:990] InUse at 13060ade00 of size 1024 next 475
2020-07-29 08:44:44.900623: I tensorflow/core/common_runtime/bfc_allocator.cc:990] InUse at 13060ae200 of size 1024 next 476
2020-07-29 08:44:44.904726: I tensorflow/core/common_runtime/bfc_allocator.cc:990] InUse at 13060ae600 of size 1024 next 477
2020-07-29 08:44:44.907632: I tensorflow/core/common_runtime/bfc_allocator.cc:990] InUse at 13060aea00 of size 1024 next 478
2020-07-29 08:44:44.910523: I tensorflow/core/common_runtime/bfc_allocator.cc:990] InUse at 13060aee00 of size 1024 next 479
2020-07-29 08:44:44.914669: I tensorflow/core/common_runtime/bfc_allocator.cc:990] InUse at 13060af200 of size 1024 next 480
2020-07-29 08:44:44.917572: I tensorflow/core/common_runtime/bfc_allocator.cc:990] InUse at 13060af600 of size 1024 next 481
2020-07-29 08:44:44.920553: I tensorflow/core/common_runtime/bfc_allocator.cc:990] InUse at 13060afa00 of size 1024 next 482
2020-07-29 08:44:44.924687: I tensorflow/core/common_runtime/bfc_allocator.cc:990] InUse at 13060afe00 of size 1024 next 483
2020-07-29 08:44:44.927577: I tensorflow/core/common_runtime/bfc_allocator.cc:990] InUse at 13060b0200 of size 1024 next 484
2020-07-29 08:44:44.930477: I tensorflow/core/common_runtime/bfc_allocator.cc:990] InUse at 13060b0600 of size 1024 next 485
2020-07-29 08:44:44.934624: I tensorflow/core/common_runtime/bfc_allocator.cc:990] InUse at 13060b0a00 of size 1024 next 486
2020-07-29 08:44:44.937513: I tensorflow/core/common_runtime/bfc_allocator.cc:990] InUse at 13060b0e00 of size 1024 next 487
2020-07-29 08:44:44.940415: I tensorflow/core/common_runtime/bfc_allocator.cc:990] InUse at 13060b1200 of size 1024 next 488
2020-07-29 08:44:44.944547: I tensorflow/core/common_runtime/bfc_allocator.cc:990] InUse at 13060b1600 of size 1024 next 489
2020-07-29 08:44:44.947422: I tensorflow/core/common_runtime/bfc_allocator.cc:990] InUse at 13060b1a00 of size 1024 next 490
2020-07-29 08:44:44.950298: I tensorflow/core/common_runtime/bfc_allocator.cc:990] InUse at 13060b1e00 of size 1024 next 491
2020-07-29 08:44:44.954471: I tensorflow/core/common_runtime/bfc_allocator.cc:990] InUse at 13060b2200 of size 1024 next 492
2020-07-29 08:44:44.957362: I tensorflow/core/common_runtime/bfc_allocator.cc:990] InUse at 13060b2600 of size 1024 next 493
2020-07-29 08:44:44.960250: I tensorflow/core/common_runtime/bfc_allocator.cc:990] InUse at 13060b2a00 of size 1024 next 494
2020-07-29 08:44:44.964735: I tensorflow/core/common_runtime/bfc_allocator.cc:990] InUse at 13060b2e00 of size 1024 next 495
2020-07-29 08:44:44.967670: I tensorflow/core/common_runtime/bfc_allocator.cc:990] InUse at 13060b3200 of size 1024 next 496
2020-07-29 08:44:44.970586: I tensorflow/core/common_runtime/bfc_allocator.cc:990] InUse at 13060b3600 of size 1024 next 497
2020-07-29 08:44:44.974671: I tensorflow/core/common_runtime/bfc_allocator.cc:990] InUse at 13060b3a00 of size 1024 next 498
2020-07-29 08:44:44.977536: I tensorflow/core/common_runtime/bfc_allocator.cc:990] InUse at 13060b3e00 of size 1024 next 499
2020-07-29 08:44:44.980433: I tensorflow/core/common_runtime/bfc_allocator.cc:990] InUse at 13060b4200 of size 1024 next 500
2020-07-29 08:44:44.984539: I tensorflow/core/common_runtime/bfc_allocator.cc:990] InUse at 13060b4600 of size 1024 next 501
2020-07-29 08:44:44.990580: I tensorflow/core/common_runtime/bfc_allocator.cc:990] InUse at 13060b4a00 of size 1024 next 518
2020-07-29 08:44:44.994419: I tensorflow/core/common_runtime/bfc_allocator.cc:990] InUse at 13060b4e00 of size 1024 next 516
2020-07-29 08:44:44.997291: I tensorflow/core/common_runtime/bfc_allocator.cc:990] InUse at 13060b5200 of size 1024 next 513
2020-07-29 08:44:45.000157: I tensorflow/core/common_runtime/bfc_allocator.cc:990] InUse at 13060b5600 of size 1024 next 515
2020-07-29 08:44:45.004209: I tensorflow/core/common_runtime/bfc_allocator.cc:990] InUse at 13060b5a00 of size 1024 next 514
2020-07-29 08:44:45.007092: I tensorflow/core/common_runtime/bfc_allocator.cc:990] InUse at 13060b5e00 of size 1024 next 512
2020-07-29 08:44:45.009973: I tensorflow/core/common_runtime/bfc_allocator.cc:990] InUse at 13060b6200 of size 1024 next 530
2020-07-29 08:44:45.014153: I tensorflow/core/common_runtime/bfc_allocator.cc:990] InUse at 13060b6600 of size 1024 next 576
2020-07-29 08:44:45.017074: I tensorflow/core/common_runtime/bfc_allocator.cc:990] InUse at 13060b6a00 of size 37632 next 302
2020-07-29 08:44:45.019982: I tensorflow/core/common_runtime/bfc_allocator.cc:990] InUse at 13060bfd00 of size 65536 next 577
2020-07-29 08:44:45.024092: I tensorflow/core/common_runtime/bfc_allocator.cc:990] InUse at 13060cfd00 of size 66816 next 94
2020-07-29 08:44:45.026965: I tensorflow/core/common_runtime/bfc_allocator.cc:990] InUse at 13060e0200 of size 589824 next 95
2020-07-29 08:44:45.029866: I tensorflow/core/common_runtime/bfc_allocator.cc:990] InUse at 1306170200 of size 262144 next 120
2020-07-29 08:44:45.034004: I tensorflow/core/common_runtime/bfc_allocator.cc:990] InUse at 13061b0200 of size 147456 next 633
2020-07-29 08:44:45.036920: I tensorflow/core/common_runtime/bfc_allocator.cc:990] InUse at 13061d4200 of size 65536 next 554
2020-07-29 08:44:45.039814: I tensorflow/core/common_runtime/bfc_allocator.cc:990] InUse at 13061e4200 of size 131072 next 570
2020-07-29 08:44:45.043992: I tensorflow/core/common_runtime/bfc_allocator.cc:990] InUse at 1306204200 of size 573440 next 111
2020-07-29 08:44:45.046917: I tensorflow/core/common_runtime/bfc_allocator.cc:990] InUse at 1306290200 of size 589824 next 112
2020-07-29 08:44:45.049822: I tensorflow/core/common_runtime/bfc_allocator.cc:990] InUse at 1306320200 of size 262144 next 131
2020-07-29 08:44:45.054042: I tensorflow/core/common_runtime/bfc_allocator.cc:990] InUse at 1306360200 of size 524288 next 145
2020-07-29 08:44:45.056951: I tensorflow/core/common_runtime/bfc_allocator.cc:990] InUse at 13063e0200 of size 147456 next 557
2020-07-29 08:44:45.059866: I tensorflow/core/common_runtime/bfc_allocator.cc:990] InUse at 1306404200 of size 65536 next 571
2020-07-29 08:44:45.063958: I tensorflow/core/common_runtime/bfc_allocator.cc:990] InUse at 1306414200 of size 65536 next 555
2020-07-29 08:44:45.066850: I tensorflow/core/common_runtime/bfc_allocator.cc:990] InUse at 1306424200 of size 65536 next 553
2020-07-29 08:44:45.069748: I tensorflow/core/common_runtime/bfc_allocator.cc:990] InUse at 1306434200 of size 147456 next 681
2020-07-29 08:44:45.073926: I tensorflow/core/common_runtime/bfc_allocator.cc:990] InUse at 1306458200 of size 65536 next 710
2020-07-29 08:44:45.076835: I tensorflow/core/common_runtime/bfc_allocator.cc:990] InUse at 1306468200 of size 98304 next 146
2020-07-29 08:44:45.079729: I tensorflow/core/common_runtime/bfc_allocator.cc:990] InUse at 1306480200 of size 327680 next 140
2020-07-29 08:44:45.083929: I tensorflow/core/common_runtime/bfc_allocator.cc:990] InUse at 13064d0200 of size 262144 next 130
2020-07-29 08:44:45.091798: I tensorflow/core/common_runtime/bfc_allocator.cc:990] InUse at 1306510200 of size 327680 next 141
2020-07-29 08:44:45.094712: I tensorflow/core/common_runtime/bfc_allocator.cc:990] InUse at 1306560200 of size 524288 next 157
2020-07-29 08:44:45.097637: I tensorflow/core/common_runtime/bfc_allocator.cc:990] InUse at 13065e0200 of size 1572864 next 170
2020-07-29 08:44:45.101719: I tensorflow/core/common_runtime/bfc_allocator.cc:990] InUse at 1306760200 of size 1048576 next 184
2020-07-29 08:44:45.106198: I tensorflow/core/common_runtime/bfc_allocator.cc:990] InUse at 1306860200 of size 1048576 next 152
2020-07-29 08:44:45.109170: I tensorflow/core/common_runtime/bfc_allocator.cc:990] InUse at 1306960200 of size 1048576 next 129
2020-07-29 08:44:45.113338: I tensorflow/core/common_runtime/bfc_allocator.cc:990] InUse at 1306a60200 of size 1048576 next 153
2020-07-29 08:44:45.116251: I tensorflow/core/common_runtime/bfc_allocator.cc:990] InUse at 1306b60200 of size 1048576 next 174
2020-07-29 08:44:45.119180: I tensorflow/core/common_runtime/bfc_allocator.cc:990] InUse at 1306c60200 of size 1310720 next 163
2020-07-29 08:44:45.123350: I tensorflow/core/common_runtime/bfc_allocator.cc:990] InUse at 1306da0200 of size 2359296 next 164
2020-07-29 08:44:45.126293: I tensorflow/core/common_runtime/bfc_allocator.cc:990] InUse at 1306fe0200 of size 1048576 next 189
2020-07-29 08:44:45.129248: I tensorflow/core/common_runtime/bfc_allocator.cc:990] InUse at 13070e0200 of size 3670016 next 179
2020-07-29 08:44:45.133426: I tensorflow/core/common_runtime/bfc_allocator.cc:990] InUse at 1307460200 of size 2359296 next 180
2020-07-29 08:44:45.136377: I tensorflow/core/common_runtime/bfc_allocator.cc:990] InUse at 13076a0200 of size 1048576 next 200
2020-07-29 08:44:45.139344: I tensorflow/core/common_runtime/bfc_allocator.cc:990] InUse at 13077a0200 of size 3670016 next 195
2020-07-29 08:44:45.143541: I tensorflow/core/common_runtime/bfc_allocator.cc:990] InUse at 1307b20200 of size 1048576 next 215
2020-07-29 08:44:45.146469: I tensorflow/core/common_runtime/bfc_allocator.cc:990] InUse at 1307c20200 of size 3670016 next 210
2020-07-29 08:44:45.149391: I tensorflow/core/common_runtime/bfc_allocator.cc:990] InUse at 1307fa0200 of size 1048576 next 229
2020-07-29 08:44:45.153560: I tensorflow/core/common_runtime/bfc_allocator.cc:990] InUse at 13080a0200 of size 1310720 next 223
2020-07-29 08:44:45.156522: I tensorflow/core/common_runtime/bfc_allocator.cc:990] InUse at 13081e0200 of size 1048576 next 227
2020-07-29 08:44:45.160963: I tensorflow/core/common_runtime/bfc_allocator.cc:990] InUse at 13082e0200 of size 2359296 next 244
2020-07-29 08:44:45.163909: I tensorflow/core/common_runtime/bfc_allocator.cc:990] InUse at 1308520200 of size 589824 next 297
2020-07-29 08:44:45.166832: I tensorflow/core/common_runtime/bfc_allocator.cc:990] InUse at 13085b0200 of size 720896 next 238
2020-07-29 08:44:45.169754: I tensorflow/core/common_runtime/bfc_allocator.cc:990] InUse at 1308660200 of size 2359296 next 239
2020-07-29 08:44:45.173938: I tensorflow/core/common_runtime/bfc_allocator.cc:990] InUse at 13088a0200 of size 2097152 next 254
2020-07-29 08:44:45.176871: I tensorflow/core/common_runtime/bfc_allocator.cc:990] InUse at 1308aa0200 of size 2359296 next 520
2020-07-29 08:44:45.180916: I tensorflow/core/common_runtime/bfc_allocator.cc:990] InUse at 1308ce0200 of size 3932160 next 267
2020-07-29 08:44:45.187702: I tensorflow/core/common_runtime/bfc_allocator.cc:990] InUse at 13090a0200 of size 4194304 next 282
2020-07-29 08:44:45.191541: I tensorflow/core/common_runtime/bfc_allocator.cc:990] InUse at 13094a0200 of size 4194304 next 250
2020-07-29 08:44:45.194476: I tensorflow/core/common_runtime/bfc_allocator.cc:990] InUse at 13098a0200 of size 4194304 next 45
2020-07-29 08:44:45.197383: I tensorflow/core/common_runtime/bfc_allocator.cc:990] InUse at 1309ca0200 of size 4194304 next 251
2020-07-29 08:44:45.201470: I tensorflow/core/common_runtime/bfc_allocator.cc:990] InUse at 130a0a0200 of size 4194304 next 272
2020-07-29 08:44:45.206557: I tensorflow/core/common_runtime/bfc_allocator.cc:990] InUse at 130a4a0200 of size 2359296 next 305
2020-07-29 08:44:45.210388: I tensorflow/core/common_runtime/bfc_allocator.cc:990] InUse at 130a6e0200 of size 2883584 next 260
2020-07-29 08:44:45.213316: I tensorflow/core/common_runtime/bfc_allocator.cc:990] InUse at 130a9a0200 of size 9437184 next 261
2020-07-29 08:44:45.216251: I tensorflow/core/common_runtime/bfc_allocator.cc:990] InUse at 130b2a0200 of size 4194304 next 287
2020-07-29 08:44:45.220452: I tensorflow/core/common_runtime/bfc_allocator.cc:990] InUse at 130b6a0200 of size 2359296 next 321
2020-07-29 08:44:45.223388: I tensorflow/core/common_runtime/bfc_allocator.cc:990] InUse at 130b8e0200 of size 2359296 next 332
2020-07-29 08:44:45.226327: I tensorflow/core/common_runtime/bfc_allocator.cc:990] InUse at 130bb20200 of size 2359296 next 337
2020-07-29 08:44:45.230508: I tensorflow/core/common_runtime/bfc_allocator.cc:990] InUse at 130bd60200 of size 2359296 next 342
2020-07-29 08:44:45.233878: I tensorflow/core/common_runtime/bfc_allocator.cc:990] InUse at 130bfa0200 of size 2359296 next 347
2020-07-29 08:44:45.236833: I tensorflow/core/common_runtime/bfc_allocator.cc:990] InUse at 130c1e0200 of size 2883584 next 277
2020-07-29 08:44:45.241123: I tensorflow/core/common_runtime/bfc_allocator.cc:990] InUse at 130c4a0200 of size 2359296 next 708
2020-07-29 08:44:45.244068: I tensorflow/core/common_runtime/bfc_allocator.cc:990] InUse at 130c6e0200 of size 2359296 next 646
2020-07-29 08:44:45.246996: I tensorflow/core/common_runtime/bfc_allocator.cc:990] InUse at 130c920200 of size 2359296 next 639
2020-07-29 08:44:45.251190: I tensorflow/core/common_runtime/bfc_allocator.cc:990] InUse at 130cb60200 of size 2359296 next 278
2020-07-29 08:44:45.254162: I tensorflow/core/common_runtime/bfc_allocator.cc:990] InUse at 130cda0200 of size 2359296 next 150
2020-07-29 08:44:45.257096: I tensorflow/core/common_runtime/bfc_allocator.cc:990] InUse at 130cfe0200 of size 4194304 next 312
2020-07-29 08:44:45.261273: I tensorflow/core/common_runtime/bfc_allocator.cc:990] InUse at 130d3e0200 of size 2883584 next 292
2020-07-29 08:44:45.264233: I tensorflow/core/common_runtime/bfc_allocator.cc:990] InUse at 130d6a0200 of size 9437184 next 293
2020-07-29 08:44:45.267163: I tensorflow/core/common_runtime/bfc_allocator.cc:990] InUse at 130dfa0200 of size 2359296 next 357
2020-07-29 08:44:45.271337: I tensorflow/core/common_runtime/bfc_allocator.cc:990] InUse at 130e1e0200 of size 2359296 next 362
2020-07-29 08:44:45.274262: I tensorflow/core/common_runtime/bfc_allocator.cc:990] InUse at 130e420200 of size 2359296 next 367
2020-07-29 08:44:45.277224: I tensorflow/core/common_runtime/bfc_allocator.cc:990] InUse at 130e660200 of size 2359296 next 568
2020-07-29 08:44:45.281402: I tensorflow/core/common_runtime/bfc_allocator.cc:990] InUse at 130e8a0200 of size 2359296 next 536
2020-07-29 08:44:45.284350: I tensorflow/core/common_runtime/bfc_allocator.cc:990] InUse at 130eae0200 of size 589824 next 559
2020-07-29 08:44:45.287272: I tensorflow/core/common_runtime/bfc_allocator.cc:990] InUse at 130eb70200 of size 262144 next 653
2020-07-29 08:44:45.291333: I tensorflow/core/common_runtime/bfc_allocator.cc:990] InUse at 130ebb0200 of size 262144 next 674
2020-07-29 08:44:45.294236: I tensorflow/core/common_runtime/bfc_allocator.cc:990] InUse at 130ebf0200 of size 589824 next 689
2020-07-29 08:44:45.297170: I tensorflow/core/common_runtime/bfc_allocator.cc:990] InUse at 130ec80200 of size 262144 next 535
2020-07-29 08:44:45.301741: I tensorflow/core/common_runtime/bfc_allocator.cc:990] InUse at 130ecc0200 of size 262144 next 540
2020-07-29 08:44:45.307267: I tensorflow/core/common_runtime/bfc_allocator.cc:990] InUse at 130ed00200 of size 512 next 541
2020-07-29 08:44:45.311115: I tensorflow/core/common_runtime/bfc_allocator.cc:990] InUse at 130ed00400 of size 512 next 539
2020-07-29 08:44:45.313998: I tensorflow/core/common_runtime/bfc_allocator.cc:990] InUse at 130ed00600 of size 589824 next 572
2020-07-29 08:44:45.316928: I tensorflow/core/common_runtime/bfc_allocator.cc:990] InUse at 130ed90600 of size 512 next 560
2020-07-29 08:44:45.321020: I tensorflow/core/common_runtime/bfc_allocator.cc:990] InUse at 130ed90800 of size 512 next 649
2020-07-29 08:44:45.323885: I tensorflow/core/common_runtime/bfc_allocator.cc:990] InUse at 130ed90a00 of size 262144 next 670
2020-07-29 08:44:45.326782: I tensorflow/core/common_runtime/bfc_allocator.cc:990] InUse at 130edd0a00 of size 2048 next 667
2020-07-29 08:44:45.330900: I tensorflow/core/common_runtime/bfc_allocator.cc:990] InUse at 130edd1200 of size 2048 next 603
2020-07-29 08:44:45.333786: I tensorflow/core/common_runtime/bfc_allocator.cc:990] InUse at 130edd1a00 of size 262144 next 669
2020-07-29 08:44:45.336693: I tensorflow/core/common_runtime/bfc_allocator.cc:990] InUse at 130ee11a00 of size 512 next 534
2020-07-29 08:44:45.340817: I tensorflow/core/common_runtime/bfc_allocator.cc:990] InUse at 130ee11c00 of size 512 next 703
2020-07-29 08:44:45.343709: I tensorflow/core/common_runtime/bfc_allocator.cc:990] InUse at 130ee11e00 of size 589824 next 573
2020-07-29 08:44:45.346616: I tensorflow/core/common_runtime/bfc_allocator.cc:990] InUse at 130eea1e00 of size 512 next 604
2020-07-29 08:44:45.350631: I tensorflow/core/common_runtime/bfc_allocator.cc:990] InUse at 130eea2000 of size 512 next 627
2020-07-29 08:44:45.353503: I tensorflow/core/common_runtime/bfc_allocator.cc:990] InUse at 130eea2200 of size 262144 next 574
2020-07-29 08:44:45.356577: I tensorflow/core/common_runtime/bfc_allocator.cc:990] InUse at 130eee2200 of size 2048 next 614
2020-07-29 08:44:45.360704: I tensorflow/core/common_runtime/bfc_allocator.cc:990] InUse at 130eee2a00 of size 2048 next 615
2020-07-29 08:44:45.363589: I tensorflow/core/common_runtime/bfc_allocator.cc:990] InUse at 130eee3200 of size 524288 next 619
2020-07-29 08:44:45.366491: I tensorflow/core/common_runtime/bfc_allocator.cc:990] InUse at 130ef63200 of size 1024 next 623
2020-07-29 08:44:45.370943: I tensorflow/core/common_runtime/bfc_allocator.cc:990] InUse at 130ef63600 of size 1024 next 624
2020-07-29 08:44:45.373833: I tensorflow/core/common_runtime/bfc_allocator.cc:990] InUse at 130ef63a00 of size 2359296 next 602
2020-07-29 08:44:45.376771: I tensorflow/core/common_runtime/bfc_allocator.cc:990] InUse at 130f1a3a00 of size 1024 next 587
2020-07-29 08:44:45.380861: I tensorflow/core/common_runtime/bfc_allocator.cc:990] InUse at 130f1a3e00 of size 1024 next 588
2020-07-29 08:44:45.383745: I tensorflow/core/common_runtime/bfc_allocator.cc:990] InUse at 130f1a4200 of size 2097152 next 613
2020-07-29 08:44:45.386687: I tensorflow/core/common_runtime/bfc_allocator.cc:990] InUse at 130f3a4200 of size 1048576 next 601
2020-07-29 08:44:45.390781: I tensorflow/core/common_runtime/bfc_allocator.cc:990] InUse at 130f4a4200 of size 4096 next 600
2020-07-29 08:44:45.393669: I tensorflow/core/common_runtime/bfc_allocator.cc:990] InUse at 130f4a5200 of size 4096 next 612
2020-07-29 08:44:45.396548: I tensorflow/core/common_runtime/bfc_allocator.cc:990] InUse at 130f4a6200 of size 4096 next 590
2020-07-29 08:44:45.400583: I tensorflow/core/common_runtime/bfc_allocator.cc:990] InUse at 130f4a7200 of size 4096 next 592
2020-07-29 08:44:45.407115: I tensorflow/core/common_runtime/bfc_allocator.cc:990] InUse at 130f4a8200 of size 1048576 next 607
2020-07-29 08:44:45.410927: I tensorflow/core/common_runtime/bfc_allocator.cc:990] InUse at 130f5a8200 of size 1024 next 608
2020-07-29 08:44:45.413805: I tensorflow/core/common_runtime/bfc_allocator.cc:990] InUse at 130f5a8600 of size 1024 next 625
2020-07-29 08:44:45.417806: I tensorflow/core/common_runtime/bfc_allocator.cc:990] InUse at 130f5a8a00 of size 2359296 next 606
2020-07-29 08:44:45.420769: I tensorflow/core/common_runtime/bfc_allocator.cc:990] InUse at 130f7e8a00 of size 1024 next 611
2020-07-29 08:44:45.423650: I tensorflow/core/common_runtime/bfc_allocator.cc:990] InUse at 130f7e8e00 of size 1024 next 591
2020-07-29 08:44:45.427770: I tensorflow/core/common_runtime/bfc_allocator.cc:990] InUse at 130f7e9200 of size 1048576 next 599
2020-07-29 08:44:45.430693: I tensorflow/core/common_runtime/bfc_allocator.cc:990] InUse at 130f8e9200 of size 4096 next 618
2020-07-29 08:44:45.433563: I tensorflow/core/common_runtime/bfc_allocator.cc:990] InUse at 130f8ea200 of size 4096 next 595
2020-07-29 08:44:45.436429: I tensorflow/core/common_runtime/bfc_allocator.cc:990] InUse at 130f8eb200 of size 1048576 next 596
2020-07-29 08:44:45.440637: I tensorflow/core/common_runtime/bfc_allocator.cc:990] InUse at 130f9eb200 of size 1024 next 598
2020-07-29 08:44:45.443508: I tensorflow/core/common_runtime/bfc_allocator.cc:990] InUse at 130f9eb600 of size 1024 next 610
2020-07-29 08:44:45.446367: I tensorflow/core/common_runtime/bfc_allocator.cc:990] InUse at 130f9eba00 of size 3239424 next 517
2020-07-29 08:44:45.450942: I tensorflow/core/common_runtime/bfc_allocator.cc:990] InUse at 130fd02800 of size 9437184 next 658
2020-07-29 08:44:45.453876: I tensorflow/core/common_runtime/bfc_allocator.cc:990] InUse at 1310602800 of size 9437184 next 214
2020-07-29 08:44:45.457910: I tensorflow/core/common_runtime/bfc_allocator.cc:990] InUse at 1310f02800 of size 4194304 next 719
2020-07-29 08:44:45.460847: I tensorflow/core/common_runtime/bfc_allocator.cc:990] InUse at 1311302800 of size 8192 next 720
2020-07-29 08:44:45.463734: I tensorflow/core/common_runtime/bfc_allocator.cc:990] InUse at 1311304800 of size 8192 next 721
2020-07-29 08:44:45.467836: I tensorflow/core/common_runtime/bfc_allocator.cc:990] InUse at 1311306800 of size 8192 next 722
2020-07-29 08:44:45.470715: I tensorflow/core/common_runtime/bfc_allocator.cc:990] InUse at 1311308800 of size 8192 next 723
2020-07-29 08:44:45.473586: I tensorflow/core/common_runtime/bfc_allocator.cc:990] InUse at 131130a800 of size 4194304 next 724
2020-07-29 08:44:45.477732: I tensorflow/core/common_runtime/bfc_allocator.cc:990] InUse at 131170a800 of size 2048 next 725
2020-07-29 08:44:45.480618: I tensorflow/core/common_runtime/bfc_allocator.cc:990] InUse at 131170b000 of size 2048 next 726
2020-07-29 08:44:45.483517: I tensorflow/core/common_runtime/bfc_allocator.cc:990] InUse at 131170b800 of size 9437184 next 727
2020-07-29 08:44:45.487725: I tensorflow/core/common_runtime/bfc_allocator.cc:990] InUse at 131200b800 of size 2048 next 728
2020-07-29 08:44:45.490607: I tensorflow/core/common_runtime/bfc_allocator.cc:990] InUse at 131200c000 of size 2048 next 729
2020-07-29 08:44:45.493495: I tensorflow/core/common_runtime/bfc_allocator.cc:990] InUse at 131200c800 of size 4194304 next 730
2020-07-29 08:44:45.496425: I tensorflow/core/common_runtime/bfc_allocator.cc:990] InUse at 131240c800 of size 8192 next 731
2020-07-29 08:44:45.500570: I tensorflow/core/common_runtime/bfc_allocator.cc:990] InUse at 131240e800 of size 8192 next 732
2020-07-29 08:44:45.508050: I tensorflow/core/common_runtime/bfc_allocator.cc:990] InUse at 1312410800 of size 4194304 next 733
2020-07-29 08:44:45.510982: I tensorflow/core/common_runtime/bfc_allocator.cc:990] InUse at 1312810800 of size 2048 next 734
2020-07-29 08:44:45.513962: I tensorflow/core/common_runtime/bfc_allocator.cc:990] InUse at 1312811000 of size 2048 next 735
2020-07-29 08:44:45.518132: I tensorflow/core/common_runtime/bfc_allocator.cc:990] InUse at 1312811800 of size 9437184 next 736
2020-07-29 08:44:45.523241: I tensorflow/core/common_runtime/bfc_allocator.cc:990] InUse at 1313111800 of size 2048 next 737
2020-07-29 08:44:45.527154: I tensorflow/core/common_runtime/bfc_allocator.cc:990] InUse at 1313112000 of size 2048 next 738
2020-07-29 08:44:45.530036: I tensorflow/core/common_runtime/bfc_allocator.cc:990] InUse at 1313112800 of size 4194304 next 739
2020-07-29 08:44:45.533026: I tensorflow/core/common_runtime/bfc_allocator.cc:990] InUse at 1313512800 of size 8192 next 740
2020-07-29 08:44:45.537167: I tensorflow/core/common_runtime/bfc_allocator.cc:990] InUse at 1313514800 of size 8192 next 741
2020-07-29 08:44:45.540040: I tensorflow/core/common_runtime/bfc_allocator.cc:990] InUse at 1313516800 of size 2097152 next 742
2020-07-29 08:44:45.542980: I tensorflow/core/common_runtime/bfc_allocator.cc:990] InUse at 1313716800 of size 1024 next 743
2020-07-29 08:44:45.547134: I tensorflow/core/common_runtime/bfc_allocator.cc:990] InUse at 1313716c00 of size 1048576 next 744
2020-07-29 08:44:45.550064: I tensorflow/core/common_runtime/bfc_allocator.cc:990] InUse at 1313816c00 of size 1024 next 745
2020-07-29 08:44:45.552979: I tensorflow/core/common_runtime/bfc_allocator.cc:990] InUse at 1313817000 of size 524288 next 746
2020-07-29 08:44:45.557067: I tensorflow/core/common_runtime/bfc_allocator.cc:990] InUse at 1313897000 of size 1024 next 747
2020-07-29 08:44:45.559951: I tensorflow/core/common_runtime/bfc_allocator.cc:990] InUse at 1313897400 of size 2359296 next 748
2020-07-29 08:44:45.562878: I tensorflow/core/common_runtime/bfc_allocator.cc:990] InUse at 1313ad7400 of size 1024 next 749
2020-07-29 08:44:45.567157: I tensorflow/core/common_runtime/bfc_allocator.cc:990] InUse at 1313ad7800 of size 1024 next 750
2020-07-29 08:44:45.570041: I tensorflow/core/common_runtime/bfc_allocator.cc:990] InUse at 1313ad7c00 of size 2359296 next 751
2020-07-29 08:44:45.572963: I tensorflow/core/common_runtime/bfc_allocator.cc:990] InUse at 1313d17c00 of size 1024 next 752
2020-07-29 08:44:45.576964: I tensorflow/core/common_runtime/bfc_allocator.cc:990] InUse at 1313d18000 of size 1024 next 753
2020-07-29 08:44:45.579852: I tensorflow/core/common_runtime/bfc_allocator.cc:990] InUse at 1313d18400 of size 256 next 754
2020-07-29 08:44:45.582730: I tensorflow/core/common_runtime/bfc_allocator.cc:990] InUse at 1313d18500 of size 256 next 755
2020-07-29 08:44:45.587002: I tensorflow/core/common_runtime/bfc_allocator.cc:990] InUse at 1313d18600 of size 256 next 756
2020-07-29 08:44:45.589871: I tensorflow/core/common_runtime/bfc_allocator.cc:990] InUse at 1313d18700 of size 256 next 757
2020-07-29 08:44:45.592723: I tensorflow/core/common_runtime/bfc_allocator.cc:990] InUse at 1313d18800 of size 256 next 758
2020-07-29 08:44:45.596784: I tensorflow/core/common_runtime/bfc_allocator.cc:990] InUse at 1313d18900 of size 256 next 759
2020-07-29 08:44:45.599652: I tensorflow/core/common_runtime/bfc_allocator.cc:990] InUse at 1313d18a00 of size 1024 next 760
2020-07-29 08:44:45.602566: I tensorflow/core/common_runtime/bfc_allocator.cc:990] InUse at 1313d18e00 of size 1024 next 761
2020-07-29 08:44:45.606668: I tensorflow/core/common_runtime/bfc_allocator.cc:990] InUse at 1313d19200 of size 1024 next 762
2020-07-29 08:44:45.609555: I tensorflow/core/common_runtime/bfc_allocator.cc:990] InUse at 1313d19600 of size 1024 next 763
2020-07-29 08:44:45.612445: I tensorflow/core/common_runtime/bfc_allocator.cc:990] InUse at 1313d19a00 of size 1024 next 764
2020-07-29 08:44:45.615316: I tensorflow/core/common_runtime/bfc_allocator.cc:990] InUse at 1313d19e00 of size 1024 next 765
2020-07-29 08:44:45.621529: I tensorflow/core/common_runtime/bfc_allocator.cc:990] InUse at 1313d1a200 of size 1024 next 766
2020-07-29 08:44:45.624410: I tensorflow/core/common_runtime/bfc_allocator.cc:990] InUse at 1313d1a600 of size 1024 next 767
2020-07-29 08:44:45.628204: I tensorflow/core/common_runtime/bfc_allocator.cc:990] InUse at 1313d1aa00 of size 1024 next 768
2020-07-29 08:44:45.631097: I tensorflow/core/common_runtime/bfc_allocator.cc:990] InUse at 1313d1ae00 of size 1024 next 769
2020-07-29 08:44:45.634232: I tensorflow/core/common_runtime/bfc_allocator.cc:990] InUse at 1313d1b200 of size 1024 next 770
2020-07-29 08:44:45.638409: I tensorflow/core/common_runtime/bfc_allocator.cc:990] InUse at 1313d1b600 of size 1024 next 771
2020-07-29 08:44:45.641321: I tensorflow/core/common_runtime/bfc_allocator.cc:990] InUse at 1313d1ba00 of size 1024 next 772
2020-07-29 08:44:45.644193: I tensorflow/core/common_runtime/bfc_allocator.cc:990] InUse at 1313d1be00 of size 1024 next 773
2020-07-29 08:44:45.648320: I tensorflow/core/common_runtime/bfc_allocator.cc:990] InUse at 1313d1c200 of size 1024 next 774
2020-07-29 08:44:45.651204: I tensorflow/core/common_runtime/bfc_allocator.cc:990] InUse at 1313d1c600 of size 256 next 775
2020-07-29 08:44:45.654089: I tensorflow/core/common_runtime/bfc_allocator.cc:990] InUse at 1313d1c700 of size 1024 next 776
2020-07-29 08:44:45.658220: I tensorflow/core/common_runtime/bfc_allocator.cc:990] InUse at 1313d1cb00 of size 1024 next 777
2020-07-29 08:44:45.661566: I tensorflow/core/common_runtime/bfc_allocator.cc:990] InUse at 1313d1cf00 of size 256 next 778
2020-07-29 08:44:45.665540: I tensorflow/core/common_runtime/bfc_allocator.cc:990] InUse at 1313d1d000 of size 256 next 779
2020-07-29 08:44:45.668416: I tensorflow/core/common_runtime/bfc_allocator.cc:990] InUse at 1313d1d100 of size 256 next 780
2020-07-29 08:44:45.671316: I tensorflow/core/common_runtime/bfc_allocator.cc:990] InUse at 1313d1d200 of size 256 next 781
2020-07-29 08:44:45.674162: I tensorflow/core/common_runtime/bfc_allocator.cc:990] InUse at 1313d1d300 of size 1024 next 782
2020-07-29 08:44:45.678401: I tensorflow/core/common_runtime/bfc_allocator.cc:990] InUse at 1313d1d700 of size 1024 next 783
2020-07-29 08:44:45.681293: I tensorflow/core/common_runtime/bfc_allocator.cc:990] InUse at 1313d1db00 of size 256 next 784
2020-07-29 08:44:45.684180: I tensorflow/core/common_runtime/bfc_allocator.cc:990] InUse at 1313d1dc00 of size 256 next 785
2020-07-29 08:44:45.688278: I tensorflow/core/common_runtime/bfc_allocator.cc:990] InUse at 1313d1dd00 of size 256 next 786
2020-07-29 08:44:45.691150: I tensorflow/core/common_runtime/bfc_allocator.cc:990] InUse at 1313d1de00 of size 256 next 787
2020-07-29 08:44:45.694017: I tensorflow/core/common_runtime/bfc_allocator.cc:990] InUse at 1313d1df00 of size 1024 next 788
2020-07-29 08:44:45.698121: I tensorflow/core/common_runtime/bfc_allocator.cc:990] InUse at 1313d1e300 of size 1024 next 789
2020-07-29 08:44:45.701037: I tensorflow/core/common_runtime/bfc_allocator.cc:990] InUse at 1313d1e700 of size 256 next 790
2020-07-29 08:44:45.703892: I tensorflow/core/common_runtime/bfc_allocator.cc:990] InUse at 1313d1e800 of size 256 next 791
2020-07-29 08:44:45.708029: I tensorflow/core/common_runtime/bfc_allocator.cc:990] InUse at 1313d1e900 of size 256 next 792
2020-07-29 08:44:45.710896: I tensorflow/core/common_runtime/bfc_allocator.cc:990] InUse at 1313d1ea00 of size 256 next 793
2020-07-29 08:44:45.713747: I tensorflow/core/common_runtime/bfc_allocator.cc:990] InUse at 1313d1eb00 of size 1024 next 794
2020-07-29 08:44:45.717877: I tensorflow/core/common_runtime/bfc_allocator.cc:990] InUse at 1313d1ef00 of size 1024 next 795
2020-07-29 08:44:45.723913: I tensorflow/core/common_runtime/bfc_allocator.cc:990] InUse at 1313d1f300 of size 2048 next 796
2020-07-29 08:44:45.727767: I tensorflow/core/common_runtime/bfc_allocator.cc:990] InUse at 1313d1fb00 of size 2048 next 797
2020-07-29 08:44:45.730658: I tensorflow/core/common_runtime/bfc_allocator.cc:990] InUse at 1313d20300 of size 512 next 798
2020-07-29 08:44:45.733927: I tensorflow/core/common_runtime/bfc_allocator.cc:990] InUse at 1313d20500 of size 512 next 799
2020-07-29 08:44:45.738011: I tensorflow/core/common_runtime/bfc_allocator.cc:990] InUse at 1313d20700 of size 512 next 800
2020-07-29 08:44:45.741015: I tensorflow/core/common_runtime/bfc_allocator.cc:990] InUse at 1313d20900 of size 512 next 801
2020-07-29 08:44:45.743867: I tensorflow/core/common_runtime/bfc_allocator.cc:990] InUse at 1313d20b00 of size 2048 next 802
2020-07-29 08:44:45.747972: I tensorflow/core/common_runtime/bfc_allocator.cc:990] InUse at 1313d21300 of size 2048 next 803
2020-07-29 08:44:45.750973: I tensorflow/core/common_runtime/bfc_allocator.cc:990] InUse at 1313d21b00 of size 512 next 804
2020-07-29 08:44:45.753832: I tensorflow/core/common_runtime/bfc_allocator.cc:990] InUse at 1313d21d00 of size 512 next 805
2020-07-29 08:44:45.757981: I tensorflow/core/common_runtime/bfc_allocator.cc:990] InUse at 1313d21f00 of size 512 next 806
2020-07-29 08:44:45.760841: I tensorflow/core/common_runtime/bfc_allocator.cc:990] InUse at 1313d22100 of size 512 next 807
2020-07-29 08:44:45.763726: I tensorflow/core/common_runtime/bfc_allocator.cc:990] InUse at 1313d22300 of size 2048 next 808
2020-07-29 08:44:45.767867: I tensorflow/core/common_runtime/bfc_allocator.cc:990] InUse at 1313d22b00 of size 2048 next 809
2020-07-29 08:44:45.770742: I tensorflow/core/common_runtime/bfc_allocator.cc:990] InUse at 1313d23300 of size 512 next 810
2020-07-29 08:44:45.773586: I tensorflow/core/common_runtime/bfc_allocator.cc:990] InUse at 1313d23500 of size 512 next 811
2020-07-29 08:44:45.777692: I tensorflow/core/common_runtime/bfc_allocator.cc:990] InUse at 1313d23700 of size 512 next 812
2020-07-29 08:44:45.780594: I tensorflow/core/common_runtime/bfc_allocator.cc:990] InUse at 1313d23900 of size 512 next 813
2020-07-29 08:44:45.783450: I tensorflow/core/common_runtime/bfc_allocator.cc:990] InUse at 1313d23b00 of size 2048 next 814
2020-07-29 08:44:45.787578: I tensorflow/core/common_runtime/bfc_allocator.cc:990] InUse at 1313d24300 of size 2048 next 815
2020-07-29 08:44:45.790457: I tensorflow/core/common_runtime/bfc_allocator.cc:990] InUse at 1313d24b00 of size 512 next 816
2020-07-29 08:44:45.793329: I tensorflow/core/common_runtime/bfc_allocator.cc:990] InUse at 1313d24d00 of size 512 next 817
2020-07-29 08:44:45.797451: I tensorflow/core/common_runtime/bfc_allocator.cc:990] InUse at 1313d24f00 of size 512 next 818
2020-07-29 08:44:45.800330: I tensorflow/core/common_runtime/bfc_allocator.cc:990] InUse at 1313d25100 of size 512 next 819
2020-07-29 08:44:45.803621: I tensorflow/core/common_runtime/bfc_allocator.cc:990] InUse at 1313d25300 of size 2048 next 820
2020-07-29 08:44:45.807746: I tensorflow/core/common_runtime/bfc_allocator.cc:990] InUse at 1313d25b00 of size 2048 next 821
2020-07-29 08:44:45.810659: I tensorflow/core/common_runtime/bfc_allocator.cc:990] InUse at 1313d26300 of size 4096 next 822
2020-07-29 08:44:45.813534: I tensorflow/core/common_runtime/bfc_allocator.cc:990] InUse at 1313d27300 of size 4096 next 823
2020-07-29 08:44:45.817676: I tensorflow/core/common_runtime/bfc_allocator.cc:990] InUse at 1313d28300 of size 1024 next 824
2020-07-29 08:44:45.823807: I tensorflow/core/common_runtime/bfc_allocator.cc:990] InUse at 1313d28700 of size 1024 next 825
2020-07-29 08:44:45.827674: I tensorflow/core/common_runtime/bfc_allocator.cc:990] InUse at 1313d28b00 of size 1024 next 826
2020-07-29 08:44:45.830591: I tensorflow/core/common_runtime/bfc_allocator.cc:990] InUse at 1313d28f00 of size 1024 next 827
2020-07-29 08:44:45.833482: I tensorflow/core/common_runtime/bfc_allocator.cc:990] InUse at 1313d29300 of size 4096 next 828
2020-07-29 08:44:45.837613: I tensorflow/core/common_runtime/bfc_allocator.cc:990] InUse at 1313d2a300 of size 4096 next 829
2020-07-29 08:44:45.840516: I tensorflow/core/common_runtime/bfc_allocator.cc:990] InUse at 1313d2b300 of size 1024 next 830
2020-07-29 08:44:45.843391: I tensorflow/core/common_runtime/bfc_allocator.cc:990] InUse at 1313d2b700 of size 1024 next 831
2020-07-29 08:44:45.847509: I tensorflow/core/common_runtime/bfc_allocator.cc:990] InUse at 1313d2bb00 of size 1024 next 832
2020-07-29 08:44:45.850383: I tensorflow/core/common_runtime/bfc_allocator.cc:990] InUse at 1313d2bf00 of size 1024 next 833
2020-07-29 08:44:45.853276: I tensorflow/core/common_runtime/bfc_allocator.cc:990] InUse at 1313d2c300 of size 4096 next 834
2020-07-29 08:44:45.857483: I tensorflow/core/common_runtime/bfc_allocator.cc:990] InUse at 1313d2d300 of size 4096 next 835
2020-07-29 08:44:45.860362: I tensorflow/core/common_runtime/bfc_allocator.cc:990] InUse at 1313d2e300 of size 1024 next 836
2020-07-29 08:44:45.863225: I tensorflow/core/common_runtime/bfc_allocator.cc:990] InUse at 1313d2e700 of size 1024 next 837
2020-07-29 08:44:45.867343: I tensorflow/core/common_runtime/bfc_allocator.cc:990] InUse at 1313d2eb00 of size 1024 next 838
2020-07-29 08:44:45.870230: I tensorflow/core/common_runtime/bfc_allocator.cc:990] InUse at 1313d2ef00 of size 1024 next 839
2020-07-29 08:44:45.873102: I tensorflow/core/common_runtime/bfc_allocator.cc:990] InUse at 1313d2f300 of size 4096 next 840
2020-07-29 08:44:45.877620: I tensorflow/core/common_runtime/bfc_allocator.cc:990] InUse at 1313d30300 of size 4096 next 841
2020-07-29 08:44:45.880523: I tensorflow/core/common_runtime/bfc_allocator.cc:990] InUse at 1313d31300 of size 1024 next 842
2020-07-29 08:44:45.883390: I tensorflow/core/common_runtime/bfc_allocator.cc:990] InUse at 1313d31700 of size 1024 next 843
2020-07-29 08:44:45.887489: I tensorflow/core/common_runtime/bfc_allocator.cc:990] InUse at 1313d31b00 of size 1024 next 844
2020-07-29 08:44:45.890390: I tensorflow/core/common_runtime/bfc_allocator.cc:990] InUse at 1313d31f00 of size 1024 next 845
2020-07-29 08:44:45.893255: I tensorflow/core/common_runtime/bfc_allocator.cc:990] InUse at 1313d32300 of size 4096 next 846
2020-07-29 08:44:45.897415: I tensorflow/core/common_runtime/bfc_allocator.cc:990] InUse at 1313d33300 of size 4096 next 847
2020-07-29 08:44:45.900324: I tensorflow/core/common_runtime/bfc_allocator.cc:990] InUse at 1313d34300 of size 1024 next 848
2020-07-29 08:44:45.903229: I tensorflow/core/common_runtime/bfc_allocator.cc:990] InUse at 1313d34700 of size 1024 next 849
2020-07-29 08:44:45.907327: I tensorflow/core/common_runtime/bfc_allocator.cc:990] InUse at 1313d34b00 of size 1024 next 850
2020-07-29 08:44:45.910195: I tensorflow/core/common_runtime/bfc_allocator.cc:990] InUse at 1313d34f00 of size 1024 next 851
2020-07-29 08:44:45.913067: I tensorflow/core/common_runtime/bfc_allocator.cc:990] InUse at 1313d35300 of size 4096 next 852
2020-07-29 08:44:45.917193: I tensorflow/core/common_runtime/bfc_allocator.cc:990] InUse at 1313d36300 of size 4096 next 853
2020-07-29 08:44:45.923887: I tensorflow/core/common_runtime/bfc_allocator.cc:990] InUse at 1313d37300 of size 1024 next 854
2020-07-29 08:44:45.927759: I tensorflow/core/common_runtime/bfc_allocator.cc:990] InUse at 1313d37700 of size 1024 next 855
2020-07-29 08:44:45.930653: I tensorflow/core/common_runtime/bfc_allocator.cc:990] InUse at 1313d37b00 of size 1024 next 856
2020-07-29 08:44:45.933536: I tensorflow/core/common_runtime/bfc_allocator.cc:990] InUse at 1313d37f00 of size 1024 next 857
2020-07-29 08:44:45.937684: I tensorflow/core/common_runtime/bfc_allocator.cc:990] InUse at 1313d38300 of size 4096 next 858
2020-07-29 08:44:45.940555: I tensorflow/core/common_runtime/bfc_allocator.cc:990] InUse at 1313d39300 of size 4096 next 859
2020-07-29 08:44:45.943429: I tensorflow/core/common_runtime/bfc_allocator.cc:990] InUse at 1313d3a300 of size 8192 next 860
2020-07-29 08:44:45.947580: I tensorflow/core/common_runtime/bfc_allocator.cc:990] InUse at 1313d3c300 of size 8192 next 861
2020-07-29 08:44:45.950893: I tensorflow/core/common_runtime/bfc_allocator.cc:990] InUse at 1313d3e300 of size 2048 next 862
2020-07-29 08:44:45.953791: I tensorflow/core/common_runtime/bfc_allocator.cc:990] InUse at 1313d3eb00 of size 2048 next 863
2020-07-29 08:44:45.957889: I tensorflow/core/common_runtime/bfc_allocator.cc:990] InUse at 1313d3f300 of size 2048 next 864
2020-07-29 08:44:45.960772: I tensorflow/core/common_runtime/bfc_allocator.cc:990] InUse at 1313d3fb00 of size 2048 next 865
2020-07-29 08:44:45.963664: I tensorflow/core/common_runtime/bfc_allocator.cc:990] InUse at 1313d40300 of size 8192 next 866
2020-07-29 08:44:45.967779: I tensorflow/core/common_runtime/bfc_allocator.cc:990] InUse at 1313d42300 of size 8192 next 867
2020-07-29 08:44:45.970673: I tensorflow/core/common_runtime/bfc_allocator.cc:990] InUse at 1313d44300 of size 2048 next 868
2020-07-29 08:44:45.973562: I tensorflow/core/common_runtime/bfc_allocator.cc:990] InUse at 1313d44b00 of size 2048 next 869
2020-07-29 08:44:45.977670: I tensorflow/core/common_runtime/bfc_allocator.cc:990] InUse at 1313d45300 of size 2048 next 870
2020-07-29 08:44:45.980547: I tensorflow/core/common_runtime/bfc_allocator.cc:990] InUse at 1313d45b00 of size 2048 next 871
2020-07-29 08:44:45.983421: I tensorflow/core/common_runtime/bfc_allocator.cc:990] InUse at 1313d46300 of size 8192 next 872
2020-07-29 08:44:45.987551: I tensorflow/core/common_runtime/bfc_allocator.cc:990] InUse at 1313d48300 of size 8192 next 873
2020-07-29 08:44:45.990442: I tensorflow/core/common_runtime/bfc_allocator.cc:990] InUse at 1313d4a300 of size 2048 next 874
2020-07-29 08:44:45.993313: I tensorflow/core/common_runtime/bfc_allocator.cc:990] InUse at 1313d4ab00 of size 2048 next 875
2020-07-29 08:44:45.997439: I tensorflow/core/common_runtime/bfc_allocator.cc:990] InUse at 1313d4b300 of size 2048 next 876
2020-07-29 08:44:46.000408: I tensorflow/core/common_runtime/bfc_allocator.cc:990] InUse at 1313d4bb00 of size 2048 next 877
2020-07-29 08:44:46.003296: I tensorflow/core/common_runtime/bfc_allocator.cc:990] InUse at 1313d4c300 of size 8192 next 878
2020-07-29 08:44:46.007422: I tensorflow/core/common_runtime/bfc_allocator.cc:990] InUse at 1313d4e300 of size 8192 next 879
2020-07-29 08:44:46.010327: I tensorflow/core/common_runtime/bfc_allocator.cc:990] InUse at 1313d50300 of size 1024 next 880
2020-07-29 08:44:46.013199: I tensorflow/core/common_runtime/bfc_allocator.cc:990] InUse at 1313d50700 of size 221184 next 881
2020-07-29 08:44:46.017392: I tensorflow/core/common_runtime/bfc_allocator.cc:990] InUse at 1313d86700 of size 16384 next 882
2020-07-29 08:44:46.023818: I tensorflow/core/common_runtime/bfc_allocator.cc:990] InUse at 1313d8a700 of size 65536 next 883
2020-07-29 08:44:46.027691: I tensorflow/core/common_runtime/bfc_allocator.cc:990] InUse at 1313d9a700 of size 147456 next 884
2020-07-29 08:44:46.030616: I tensorflow/core/common_runtime/bfc_allocator.cc:990] InUse at 1313dbe700 of size 65536 next 885
2020-07-29 08:44:46.033495: I tensorflow/core/common_runtime/bfc_allocator.cc:990] InUse at 1313dce700 of size 131072 next 886
2020-07-29 08:44:46.037702: I tensorflow/core/common_runtime/bfc_allocator.cc:990] InUse at 1313dee700 of size 524288 next 887
2020-07-29 08:44:46.040616: I tensorflow/core/common_runtime/bfc_allocator.cc:990] InUse at 1313e6e700 of size 262144 next 888
2020-07-29 08:44:46.043533: I tensorflow/core/common_runtime/bfc_allocator.cc:990] InUse at 1313eae700 of size 589824 next 889
2020-07-29 08:44:46.047690: I tensorflow/core/common_runtime/bfc_allocator.cc:990] InUse at 1313f3e700 of size 262144 next 890
2020-07-29 08:44:46.050620: I tensorflow/core/common_runtime/bfc_allocator.cc:990] InUse at 1313f7e700 of size 2097152 next 891
2020-07-29 08:44:46.053562: I tensorflow/core/common_runtime/bfc_allocator.cc:990] InUse at 131417e700 of size 110592 next 892
2020-07-29 08:44:46.057715: I tensorflow/core/common_runtime/bfc_allocator.cc:990] InUse at 1314199700 of size 1048576 next 893
2020-07-29 08:44:46.060645: I tensorflow/core/common_runtime/bfc_allocator.cc:990] InUse at 1314299700 of size 2097152 next 894
2020-07-29 08:44:46.063562: I tensorflow/core/common_runtime/bfc_allocator.cc:990] InUse at 1314499700 of size 8388608 next 895
2020-07-29 08:44:46.067749: I tensorflow/core/common_runtime/bfc_allocator.cc:990] InUse at 1314c99700 of size 4194304 next 896
2020-07-29 08:44:46.070677: I tensorflow/core/common_runtime/bfc_allocator.cc:990] InUse at 1315099700 of size 9437184 next 897
2020-07-29 08:44:46.073599: I tensorflow/core/common_runtime/bfc_allocator.cc:990] InUse at 1315999700 of size 4194304 next 898
2020-07-29 08:44:46.077778: I tensorflow/core/common_runtime/bfc_allocator.cc:990] InUse at 1315d99700 of size 2097152 next 899
2020-07-29 08:44:46.080735: I tensorflow/core/common_runtime/bfc_allocator.cc:990] InUse at 1315f99700 of size 1048576 next 900
2020-07-29 08:44:46.083683: I tensorflow/core/common_runtime/bfc_allocator.cc:990] InUse at 1316099700 of size 524288 next 901
2020-07-29 08:44:46.087884: I tensorflow/core/common_runtime/bfc_allocator.cc:990] InUse at 1316119700 of size 2359296 next 902
2020-07-29 08:44:46.090822: I tensorflow/core/common_runtime/bfc_allocator.cc:990] InUse at 1316359700 of size 37632 next 903
2020-07-29 08:44:46.093741: I tensorflow/core/common_runtime/bfc_allocator.cc:990] InUse at 1316362a00 of size 6547200 next 904
2020-07-29 08:44:46.097896: I tensorflow/core/common_runtime/bfc_allocator.cc:990] InUse at 13169a1100 of size 256 next 905
2020-07-29 08:44:46.100786: I tensorflow/core/common_runtime/bfc_allocator.cc:990] InUse at 13169a1200 of size 1024 next 906
2020-07-29 08:44:46.103680: I tensorflow/core/common_runtime/bfc_allocator.cc:990] InUse at 13169a1600 of size 1024 next 907
2020-07-29 08:44:46.107785: I tensorflow/core/common_runtime/bfc_allocator.cc:990] InUse at 13169a1a00 of size 1024 next 908
2020-07-29 08:44:46.110684: I tensorflow/core/common_runtime/bfc_allocator.cc:990] InUse at 13169a1e00 of size 1024 next 909
2020-07-29 08:44:46.113569: I tensorflow/core/common_runtime/bfc_allocator.cc:990] InUse at 13169a2200 of size 1024 next 910
2020-07-29 08:44:46.117677: I tensorflow/core/common_runtime/bfc_allocator.cc:990] InUse at 13169a2600 of size 1024 next 911
2020-07-29 08:44:46.124834: I tensorflow/core/common_runtime/bfc_allocator.cc:990] InUse at 13169a2a00 of size 1024 next 912
2020-07-29 08:44:46.127724: I tensorflow/core/common_runtime/bfc_allocator.cc:990] InUse at 13169a2e00 of size 1024 next 913
2020-07-29 08:44:46.130625: I tensorflow/core/common_runtime/bfc_allocator.cc:990] InUse at 13169a3200 of size 1024 next 914
2020-07-29 08:44:46.134637: I tensorflow/core/common_runtime/bfc_allocator.cc:990] InUse at 13169a3600 of size 1024 next 915
2020-07-29 08:44:46.139530: I tensorflow/core/common_runtime/bfc_allocator.cc:990] InUse at 13169a3a00 of size 1024 next 916
2020-07-29 08:44:46.142438: I tensorflow/core/common_runtime/bfc_allocator.cc:990] InUse at 13169a3e00 of size 1024 next 917
2020-07-29 08:44:46.146554: I tensorflow/core/common_runtime/bfc_allocator.cc:990] InUse at 13169a4200 of size 1024 next 918
2020-07-29 08:44:46.149428: I tensorflow/core/common_runtime/bfc_allocator.cc:990] InUse at 13169a4600 of size 1024 next 919
2020-07-29 08:44:46.152327: I tensorflow/core/common_runtime/bfc_allocator.cc:990] InUse at 13169a4a00 of size 1024 next 920
2020-07-29 08:44:46.156478: I tensorflow/core/common_runtime/bfc_allocator.cc:990] InUse at 13169a4e00 of size 1024 next 921
2020-07-29 08:44:46.159372: I tensorflow/core/common_runtime/bfc_allocator.cc:990] InUse at 13169a5200 of size 1024 next 922
2020-07-29 08:44:46.162678: I tensorflow/core/common_runtime/bfc_allocator.cc:990] InUse at 13169a5600 of size 1024 next 923
2020-07-29 08:44:46.166764: I tensorflow/core/common_runtime/bfc_allocator.cc:990] InUse at 13169a5a00 of size 1024 next 924
2020-07-29 08:44:46.169657: I tensorflow/core/common_runtime/bfc_allocator.cc:990] InUse at 13169a5e00 of size 1024 next 925
2020-07-29 08:44:46.172541: I tensorflow/core/common_runtime/bfc_allocator.cc:990] InUse at 13169a6200 of size 1024 next 926
2020-07-29 08:44:46.176645: I tensorflow/core/common_runtime/bfc_allocator.cc:990] InUse at 13169a6600 of size 1024 next 927
2020-07-29 08:44:46.179540: I tensorflow/core/common_runtime/bfc_allocator.cc:990] InUse at 13169a6a00 of size 1024 next 928
2020-07-29 08:44:46.182431: I tensorflow/core/common_runtime/bfc_allocator.cc:990] InUse at 13169a6e00 of size 1024 next 929
2020-07-29 08:44:46.186603: I tensorflow/core/common_runtime/bfc_allocator.cc:990] InUse at 13169a7200 of size 1024 next 930
2020-07-29 08:44:46.189480: I tensorflow/core/common_runtime/bfc_allocator.cc:990] InUse at 13169a7600 of size 1024 next 931
2020-07-29 08:44:46.192381: I tensorflow/core/common_runtime/bfc_allocator.cc:990] InUse at 13169a7a00 of size 1024 next 932
2020-07-29 08:44:46.196597: I tensorflow/core/common_runtime/bfc_allocator.cc:990] InUse at 13169a7e00 of size 1024 next 933
2020-07-29 08:44:46.199486: I tensorflow/core/common_runtime/bfc_allocator.cc:990] InUse at 13169a8200 of size 1024 next 934
2020-07-29 08:44:46.202442: I tensorflow/core/common_runtime/bfc_allocator.cc:990] InUse at 13169a8600 of size 1024 next 935
2020-07-29 08:44:46.206571: I tensorflow/core/common_runtime/bfc_allocator.cc:990] InUse at 13169a8a00 of size 1024 next 936
2020-07-29 08:44:46.209452: I tensorflow/core/common_runtime/bfc_allocator.cc:990] InUse at 13169a8e00 of size 1024 next 937
2020-07-29 08:44:46.212341: I tensorflow/core/common_runtime/bfc_allocator.cc:990] InUse at 13169a9200 of size 1024 next 938
2020-07-29 08:44:46.216519: I tensorflow/core/common_runtime/bfc_allocator.cc:990] InUse at 13169a9600 of size 1024 next 939
2020-07-29 08:44:46.219442: I tensorflow/core/common_runtime/bfc_allocator.cc:990] InUse at 13169a9a00 of size 1024 next 940
2020-07-29 08:44:46.222331: I tensorflow/core/common_runtime/bfc_allocator.cc:990] InUse at 13169a9e00 of size 1024 next 941
2020-07-29 08:44:46.226474: I tensorflow/core/common_runtime/bfc_allocator.cc:990] InUse at 13169aa200 of size 1024 next 942
2020-07-29 08:44:46.229346: I tensorflow/core/common_runtime/bfc_allocator.cc:990] InUse at 13169aa600 of size 1024 next 943
2020-07-29 08:44:46.232620: I tensorflow/core/common_runtime/bfc_allocator.cc:990] InUse at 13169aaa00 of size 1024 next 944
2020-07-29 08:44:46.236750: I tensorflow/core/common_runtime/bfc_allocator.cc:990] InUse at 13169aae00 of size 1024 next 945
2020-07-29 08:44:46.239680: I tensorflow/core/common_runtime/bfc_allocator.cc:990] InUse at 13169ab200 of size 1024 next 946
2020-07-29 08:44:46.242678: I tensorflow/core/common_runtime/bfc_allocator.cc:990] InUse at 13169ab600 of size 1024 next 947
2020-07-29 08:44:46.246797: I tensorflow/core/common_runtime/bfc_allocator.cc:990] InUse at 13169aba00 of size 1024 next 948
2020-07-29 08:44:46.249716: I tensorflow/core/common_runtime/bfc_allocator.cc:990] InUse at 13169abe00 of size 1024 next 949
2020-07-29 08:44:46.252601: I tensorflow/core/common_runtime/bfc_allocator.cc:990] InUse at 13169ac200 of size 1024 next 950
2020-07-29 08:44:46.256714: I tensorflow/core/common_runtime/bfc_allocator.cc:990] InUse at 13169ac600 of size 1024 next 951
2020-07-29 08:44:46.259605: I tensorflow/core/common_runtime/bfc_allocator.cc:990] InUse at 13169aca00 of size 1024 next 952
2020-07-29 08:44:46.262541: I tensorflow/core/common_runtime/bfc_allocator.cc:990] InUse at 13169ace00 of size 1024 next 953
2020-07-29 08:44:46.266657: I tensorflow/core/common_runtime/bfc_allocator.cc:990] InUse at 13169ad200 of size 1024 next 954
2020-07-29 08:44:46.269574: I tensorflow/core/common_runtime/bfc_allocator.cc:990] InUse at 13169ad600 of size 1024 next 955
2020-07-29 08:44:46.272475: I tensorflow/core/common_runtime/bfc_allocator.cc:990] InUse at 13169ada00 of size 1024 next 956
2020-07-29 08:44:46.276599: I tensorflow/core/common_runtime/bfc_allocator.cc:990] InUse at 13169ade00 of size 1024 next 957
2020-07-29 08:44:46.279483: I tensorflow/core/common_runtime/bfc_allocator.cc:990] InUse at 13169ae200 of size 1024 next 958
2020-07-29 08:44:46.282396: I tensorflow/core/common_runtime/bfc_allocator.cc:990] InUse at 13169ae600 of size 1024 next 959
2020-07-29 08:44:46.286517: I tensorflow/core/common_runtime/bfc_allocator.cc:990] InUse at 13169aea00 of size 1024 next 960
2020-07-29 08:44:46.289390: I tensorflow/core/common_runtime/bfc_allocator.cc:990] InUse at 13169aee00 of size 1024 next 961
2020-07-29 08:44:46.292254: I tensorflow/core/common_runtime/bfc_allocator.cc:990] InUse at 13169af200 of size 1024 next 962
2020-07-29 08:44:46.296268: I tensorflow/core/common_runtime/bfc_allocator.cc:990] InUse at 13169af600 of size 1024 next 963
2020-07-29 08:44:46.299170: I tensorflow/core/common_runtime/bfc_allocator.cc:990] InUse at 13169afa00 of size 1024 next 964
2020-07-29 08:44:46.302463: I tensorflow/core/common_runtime/bfc_allocator.cc:990] InUse at 13169afe00 of size 1024 next 965
2020-07-29 08:44:46.306556: I tensorflow/core/common_runtime/bfc_allocator.cc:990] InUse at 13169b0200 of size 1024 next 966
2020-07-29 08:44:46.309441: I tensorflow/core/common_runtime/bfc_allocator.cc:990] InUse at 13169b0600 of size 1024 next 967
2020-07-29 08:44:46.312315: I tensorflow/core/common_runtime/bfc_allocator.cc:990] InUse at 13169b0a00 of size 1024 next 968
2020-07-29 08:44:46.316471: I tensorflow/core/common_runtime/bfc_allocator.cc:990] InUse at 13169b0e00 of size 1024 next 969
2020-07-29 08:44:46.319393: I tensorflow/core/common_runtime/bfc_allocator.cc:990] InUse at 13169b1200 of size 1024 next 970
2020-07-29 08:44:46.322266: I tensorflow/core/common_runtime/bfc_allocator.cc:990] InUse at 13169b1600 of size 1024 next 971
2020-07-29 08:44:46.326392: I tensorflow/core/common_runtime/bfc_allocator.cc:990] InUse at 13169b1a00 of size 1024 next 972
2020-07-29 08:44:46.329273: I tensorflow/core/common_runtime/bfc_allocator.cc:990] InUse at 13169b1e00 of size 1024 next 973
2020-07-29 08:44:46.332171: I tensorflow/core/common_runtime/bfc_allocator.cc:990] InUse at 13169b2200 of size 1024 next 974
2020-07-29 08:44:46.336300: I tensorflow/core/common_runtime/bfc_allocator.cc:990] InUse at 13169b2600 of size 1024 next 975
2020-07-29 08:44:46.339178: I tensorflow/core/common_runtime/bfc_allocator.cc:990] InUse at 13169b2a00 of size 1024 next 976
2020-07-29 08:44:46.342053: I tensorflow/core/common_runtime/bfc_allocator.cc:990] InUse at 13169b2e00 of size 256 next 977
2020-07-29 08:44:46.346163: I tensorflow/core/common_runtime/bfc_allocator.cc:990] InUse at 13169b2f00 of size 1024 next 978
2020-07-29 08:44:46.349053: I tensorflow/core/common_runtime/bfc_allocator.cc:990] InUse at 13169b3300 of size 256 next 979
2020-07-29 08:44:46.351911: I tensorflow/core/common_runtime/bfc_allocator.cc:990] InUse at 13169b3400 of size 256 next 980
2020-07-29 08:44:46.355998: I tensorflow/core/common_runtime/bfc_allocator.cc:990] InUse at 13169b3500 of size 256 next 981
2020-07-29 08:44:46.358888: I tensorflow/core/common_runtime/bfc_allocator.cc:990] InUse at 13169b3600 of size 256 next 982
2020-07-29 08:44:46.361734: I tensorflow/core/common_runtime/bfc_allocator.cc:990] InUse at 13169b3700 of size 256 next 983
2020-07-29 08:44:46.365855: I tensorflow/core/common_runtime/bfc_allocator.cc:990] InUse at 13169b3800 of size 256 next 984
2020-07-29 08:44:46.368723: I tensorflow/core/common_runtime/bfc_allocator.cc:990] InUse at 13169b3900 of size 256 next 985
2020-07-29 08:44:46.371580: I tensorflow/core/common_runtime/bfc_allocator.cc:990] InUse at 13169b3a00 of size 256 next 986
2020-07-29 08:44:46.375652: I tensorflow/core/common_runtime/bfc_allocator.cc:990] InUse at 13169b3b00 of size 3273728 next 987
2020-07-29 08:44:46.378569: I tensorflow/core/common_runtime/bfc_allocator.cc:990] InUse at 1316cd2f00 of size 256 next 988
2020-07-29 08:44:46.381414: I tensorflow/core/common_runtime/bfc_allocator.cc:990] InUse at 1316cd3000 of size 256 next 989
2020-07-29 08:44:46.385506: I tensorflow/core/common_runtime/bfc_allocator.cc:990] InUse at 1316cd3100 of size 256 next 990
2020-07-29 08:44:46.388351: I tensorflow/core/common_runtime/bfc_allocator.cc:990] InUse at 1316cd3200 of size 256 next 991
2020-07-29 08:44:46.391215: I tensorflow/core/common_runtime/bfc_allocator.cc:990] InUse at 1316cd3300 of size 256 next 992
2020-07-29 08:44:46.395281: I tensorflow/core/common_runtime/bfc_allocator.cc:990] InUse at 1316cd3400 of size 256 next 993
2020-07-29 08:44:46.398136: I tensorflow/core/common_runtime/bfc_allocator.cc:990] InUse at 1316cd3500 of size 256 next 994
2020-07-29 08:44:46.401015: I tensorflow/core/common_runtime/bfc_allocator.cc:990] InUse at 1316cd3600 of size 818432 next 995
2020-07-29 08:44:46.405151: I tensorflow/core/common_runtime/bfc_allocator.cc:990] InUse at 1316d9b300 of size 20460032 next 996
2020-07-29 08:44:46.408093: I tensorflow/core/common_runtime/bfc_allocator.cc:990] InUse at 131811e500 of size 512 next 997
2020-07-29 08:44:46.410953: I tensorflow/core/common_runtime/bfc_allocator.cc:990] InUse at 131811e700 of size 256 next 998
2020-07-29 08:44:46.415066: I tensorflow/core/common_runtime/bfc_allocator.cc:990] InUse at 131811e800 of size 256 next 999
2020-07-29 08:44:46.417963: I tensorflow/core/common_runtime/bfc_allocator.cc:990] InUse at 131811e900 of size 256 next 1000
2020-07-29 08:44:46.420877: I tensorflow/core/common_runtime/bfc_allocator.cc:990] InUse at 131811ea00 of size 256 next 1001
2020-07-29 08:44:46.424907: I tensorflow/core/common_runtime/bfc_allocator.cc:990] InUse at 131811eb00 of size 256 next 1002
2020-07-29 08:44:46.427784: I tensorflow/core/common_runtime/bfc_allocator.cc:990] InUse at 131811ec00 of size 256 next 1003
2020-07-29 08:44:46.430648: I tensorflow/core/common_runtime/bfc_allocator.cc:990] InUse at 131811ed00 of size 256 next 1004
2020-07-29 08:44:46.434772: I tensorflow/core/common_runtime/bfc_allocator.cc:990] InUse at 131811ee00 of size 256 next 1005
2020-07-29 08:44:46.441068: I tensorflow/core/common_runtime/bfc_allocator.cc:990] InUse at 131811ef00 of size 256 next 1006
2020-07-29 08:44:46.445007: I tensorflow/core/common_runtime/bfc_allocator.cc:990] InUse at 131811f000 of size 256 next 1007
2020-07-29 08:44:46.447876: I tensorflow/core/common_runtime/bfc_allocator.cc:990] InUse at 131811f100 of size 256 next 1008
2020-07-29 08:44:46.450752: I tensorflow/core/common_runtime/bfc_allocator.cc:990] InUse at 131811f200 of size 256 next 1009
2020-07-29 08:44:46.454893: I tensorflow/core/common_runtime/bfc_allocator.cc:990] InUse at 131811f300 of size 256 next 1010
2020-07-29 08:44:46.457771: I tensorflow/core/common_runtime/bfc_allocator.cc:990] InUse at 131811f400 of size 256 next 1011
2020-07-29 08:44:46.460636: I tensorflow/core/common_runtime/bfc_allocator.cc:990] InUse at 131811f500 of size 256 next 1012
2020-07-29 08:44:46.464728: I tensorflow/core/common_runtime/bfc_allocator.cc:990] InUse at 131811f600 of size 256 next 1013
2020-07-29 08:44:46.467619: I tensorflow/core/common_runtime/bfc_allocator.cc:990] InUse at 131811f700 of size 256 next 1014
2020-07-29 08:44:46.470515: I tensorflow/core/common_runtime/bfc_allocator.cc:990] InUse at 131811f800 of size 6547200 next 1015
2020-07-29 08:44:46.474726: I tensorflow/core/common_runtime/bfc_allocator.cc:990] InUse at 131875df00 of size 256 next 1016
2020-07-29 08:44:46.477625: I tensorflow/core/common_runtime/bfc_allocator.cc:990] InUse at 131875e000 of size 256 next 1017
2020-07-29 08:44:46.480501: I tensorflow/core/common_runtime/bfc_allocator.cc:990] InUse at 131875e100 of size 256 next 1018
2020-07-29 08:44:46.484655: I tensorflow/core/common_runtime/bfc_allocator.cc:990] InUse at 131875e200 of size 256 next 1019
2020-07-29 08:44:46.487568: I tensorflow/core/common_runtime/bfc_allocator.cc:990] InUse at 131875e300 of size 256 next 1020
2020-07-29 08:44:46.490452: I tensorflow/core/common_runtime/bfc_allocator.cc:990] InUse at 131875e400 of size 256 next 1021
2020-07-29 08:44:46.494593: I tensorflow/core/common_runtime/bfc_allocator.cc:990] InUse at 131875e500 of size 110592 next 1022
2020-07-29 08:44:46.497523: I tensorflow/core/common_runtime/bfc_allocator.cc:990] InUse at 1318779500 of size 221184 next 1023
2020-07-29 08:44:46.500450: I tensorflow/core/common_runtime/bfc_allocator.cc:990] InUse at 13187af500 of size 2359296 next 1024
2020-07-29 08:44:46.504681: I tensorflow/core/common_runtime/bfc_allocator.cc:990] InUse at 13189ef500 of size 256 next 1025
2020-07-29 08:44:46.507563: I tensorflow/core/common_runtime/bfc_allocator.cc:990] InUse at 13189ef600 of size 256 next 1026
2020-07-29 08:44:46.510868: I tensorflow/core/common_runtime/bfc_allocator.cc:990] InUse at 13189ef700 of size 2359296 next 1027
2020-07-29 08:44:46.515062: I tensorflow/core/common_runtime/bfc_allocator.cc:990] InUse at 1318c2f700 of size 2359296 next 1028
2020-07-29 08:44:46.518060: I tensorflow/core/common_runtime/bfc_allocator.cc:990] InUse at 1318e6f700 of size 2359296 next 1029
2020-07-29 08:44:46.521009: I tensorflow/core/common_runtime/bfc_allocator.cc:990] InUse at 13190af700 of size 2359296 next 1030
2020-07-29 08:44:46.525171: I tensorflow/core/common_runtime/bfc_allocator.cc:990] InUse at 13192ef700 of size 256 next 1031
2020-07-29 08:44:46.528044: I tensorflow/core/common_runtime/bfc_allocator.cc:990] InUse at 13192ef800 of size 256 next 1032
2020-07-29 08:44:46.530919: I tensorflow/core/common_runtime/bfc_allocator.cc:990] InUse at 13192ef900 of size 2359296 next 1033
2020-07-29 08:44:46.535070: I tensorflow/core/common_runtime/bfc_allocator.cc:990] InUse at 131952f900 of size 2359296 next 1034
2020-07-29 08:44:46.540718: I tensorflow/core/common_runtime/bfc_allocator.cc:990] InUse at 131976f900 of size 2359296 next 1035
2020-07-29 08:44:46.544638: I tensorflow/core/common_runtime/bfc_allocator.cc:990] InUse at 13199af900 of size 256 next 1036
2020-07-29 08:44:46.547512: I tensorflow/core/common_runtime/bfc_allocator.cc:990] InUse at 13199afa00 of size 256 next 1037
2020-07-29 08:44:46.551527: I tensorflow/core/common_runtime/bfc_allocator.cc:990] InUse at 13199afb00 of size 256 next 1038
2020-07-29 08:44:46.554421: I tensorflow/core/common_runtime/bfc_allocator.cc:990] InUse at 13199afc00 of size 256 next 1039
2020-07-29 08:44:46.557302: I tensorflow/core/common_runtime/bfc_allocator.cc:990] InUse at 13199afd00 of size 256 next 1040
2020-07-29 08:44:46.560211: I tensorflow/core/common_runtime/bfc_allocator.cc:990] InUse at 13199afe00 of size 256 next 1041
2020-07-29 08:44:46.564458: I tensorflow/core/common_runtime/bfc_allocator.cc:990] InUse at 13199aff00 of size 256 next 1042
2020-07-29 08:44:46.567343: I tensorflow/core/common_runtime/bfc_allocator.cc:990] Free  at 13199b0000 of size 2560 next 1052
2020-07-29 08:44:46.570257: I tensorflow/core/common_runtime/bfc_allocator.cc:990] InUse at 13199b0a00 of size 589824 next 1053
2020-07-29 08:44:46.574439: I tensorflow/core/common_runtime/bfc_allocator.cc:990] Free  at 1319a40a00 of size 589824 next 1054
2020-07-29 08:44:46.577391: I tensorflow/core/common_runtime/bfc_allocator.cc:990] InUse at 1319ad0a00 of size 524288 next 1055
2020-07-29 08:44:46.581819: I tensorflow/core/common_runtime/bfc_allocator.cc:990] Free  at 1319b50a00 of size 524288 next 1056
2020-07-29 08:44:46.584762: I tensorflow/core/common_runtime/bfc_allocator.cc:990] InUse at 1319bd0a00 of size 589824 next 1057
2020-07-29 08:44:46.587691: I tensorflow/core/common_runtime/bfc_allocator.cc:990] Free  at 1319c60a00 of size 589824 next 1058
2020-07-29 08:44:46.591838: I tensorflow/core/common_runtime/bfc_allocator.cc:990] InUse at 1319cf0a00 of size 147456 next 1059
2020-07-29 08:44:46.594776: I tensorflow/core/common_runtime/bfc_allocator.cc:990] Free  at 1319d14a00 of size 147456 next 1060
2020-07-29 08:44:46.597719: I tensorflow/core/common_runtime/bfc_allocator.cc:990] InUse at 1319d38a00 of size 65536 next 1061
2020-07-29 08:44:46.601884: I tensorflow/core/common_runtime/bfc_allocator.cc:990] InUse at 1319d48a00 of size 1024 next 1266
2020-07-29 08:44:46.604778: I tensorflow/core/common_runtime/bfc_allocator.cc:990] InUse at 1319d48e00 of size 1024 next 1043
2020-07-29 08:44:46.607739: I tensorflow/core/common_runtime/bfc_allocator.cc:990] InUse at 1319d49200 of size 1024 next 1210
2020-07-29 08:44:46.611858: I tensorflow/core/common_runtime/bfc_allocator.cc:990] InUse at 1319d49600 of size 1024 next 1250
2020-07-29 08:44:46.614755: I tensorflow/core/common_runtime/bfc_allocator.cc:990] Free  at 1319d49a00 of size 61440 next 1062
2020-07-29 08:44:46.617743: I tensorflow/core/common_runtime/bfc_allocator.cc:990] InUse at 1319d58a00 of size 16384 next 1063
2020-07-29 08:44:46.621885: I tensorflow/core/common_runtime/bfc_allocator.cc:990] InUse at 1319d5ca00 of size 1024 next 1265
2020-07-29 08:44:46.624784: I tensorflow/core/common_runtime/bfc_allocator.cc:990] InUse at 1319d5ce00 of size 1024 next 1194
2020-07-29 08:44:46.627712: I tensorflow/core/common_runtime/bfc_allocator.cc:990] InUse at 1319d5d200 of size 256 next 1239
2020-07-29 08:44:46.631811: I tensorflow/core/common_runtime/bfc_allocator.cc:990] InUse at 1319d5d300 of size 256 next 1257
2020-07-29 08:44:46.637882: I tensorflow/core/common_runtime/bfc_allocator.cc:990] InUse at 1319d5d400 of size 256 next 1089
2020-07-29 08:44:46.641665: I tensorflow/core/common_runtime/bfc_allocator.cc:990] Free  at 1319d5d500 of size 512 next 1248
2020-07-29 08:44:46.644533: I tensorflow/core/common_runtime/bfc_allocator.cc:990] InUse at 1319d5d700 of size 13056 next 1064
2020-07-29 08:44:46.647469: I tensorflow/core/common_runtime/bfc_allocator.cc:990] InUse at 1319d60a00 of size 131072 next 1065
2020-07-29 08:44:46.651644: I tensorflow/core/common_runtime/bfc_allocator.cc:990] InUse at 1319d80a00 of size 3328 next 1232
2020-07-29 08:44:46.656986: I tensorflow/core/common_runtime/bfc_allocator.cc:990] InUse at 1319d81700 of size 3328 next 1233
2020-07-29 08:44:46.660851: I tensorflow/core/common_runtime/bfc_allocator.cc:990] InUse at 1319d82400 of size 3328 next 1229
2020-07-29 08:44:46.663731: I tensorflow/core/common_runtime/bfc_allocator.cc:990] InUse at 1319d83100 of size 3328 next 1228
2020-07-29 08:44:46.666638: I tensorflow/core/common_runtime/bfc_allocator.cc:990] Free  at 1319d83e00 of size 117760 next 1066
2020-07-29 08:44:46.670922: I tensorflow/core/common_runtime/bfc_allocator.cc:990] InUse at 1319da0a00 of size 262144 next 1067
2020-07-29 08:44:46.673853: I tensorflow/core/common_runtime/bfc_allocator.cc:990] Free  at 1319de0a00 of size 262144 next 1068
2020-07-29 08:44:46.676774: I tensorflow/core/common_runtime/bfc_allocator.cc:990] InUse at 1319e20a00 of size 65536 next 1069
2020-07-29 08:44:46.680883: I tensorflow/core/common_runtime/bfc_allocator.cc:990] Free  at 1319e30a00 of size 65536 next 1070
2020-07-29 08:44:46.683790: I tensorflow/core/common_runtime/bfc_allocator.cc:990] InUse at 1319e40a00 of size 65536 next 1071
2020-07-29 08:44:46.686696: I tensorflow/core/common_runtime/bfc_allocator.cc:990] Free  at 1319e50a00 of size 65536 next 1072
2020-07-29 08:44:46.690857: I tensorflow/core/common_runtime/bfc_allocator.cc:990] InUse at 1319e60a00 of size 262144 next 1073
2020-07-29 08:44:46.693793: I tensorflow/core/common_runtime/bfc_allocator.cc:990] Free  at 1319ea0a00 of size 262144 next 1074
2020-07-29 08:44:46.696747: I tensorflow/core/common_runtime/bfc_allocator.cc:990] InUse at 1319ee0a00 of size 147456 next 1075
2020-07-29 08:44:46.700915: I tensorflow/core/common_runtime/bfc_allocator.cc:990] Free  at 1319f04a00 of size 147456 next 1076
2020-07-29 08:44:46.703873: I tensorflow/core/common_runtime/bfc_allocator.cc:990] InUse at 1319f28a00 of size 37632 next 1077
2020-07-29 08:44:46.706778: I tensorflow/core/common_runtime/bfc_allocator.cc:990] Free  at 1319f31d00 of size 15104 next 1244
2020-07-29 08:44:46.710921: I tensorflow/core/common_runtime/bfc_allocator.cc:990] InUse at 1319f35800 of size 6144 next 1212
2020-07-29 08:44:46.713822: I tensorflow/core/common_runtime/bfc_allocator.cc:990] Free  at 1319f37000 of size 5632 next 1230
2020-07-29 08:44:46.716706: I tensorflow/core/common_runtime/bfc_allocator.cc:990] InUse at 1319f38600 of size 256 next 1047
2020-07-29 08:44:46.720843: I tensorflow/core/common_runtime/bfc_allocator.cc:990] InUse at 1319f38700 of size 256 next 1278
2020-07-29 08:44:46.724120: I tensorflow/core/common_runtime/bfc_allocator.cc:990] InUse at 1319f38800 of size 256 next 1246
2020-07-29 08:44:46.727000: I tensorflow/core/common_runtime/bfc_allocator.cc:990] Free  at 1319f38900 of size 256 next 1255
2020-07-29 08:44:46.730988: I tensorflow/core/common_runtime/bfc_allocator.cc:990] InUse at 1319f38a00 of size 256 next 1269
2020-07-29 08:44:46.733883: I tensorflow/core/common_runtime/bfc_allocator.cc:990] InUse at 1319f38b00 of size 256 next 1197
2020-07-29 08:44:46.736787: I tensorflow/core/common_runtime/bfc_allocator.cc:990] InUse at 1319f38c00 of size 256 next 1245
2020-07-29 08:44:46.740985: I tensorflow/core/common_runtime/bfc_allocator.cc:990] Free  at 1319f38d00 of size 4864 next 1046
2020-07-29 08:44:46.743928: I tensorflow/core/common_runtime/bfc_allocator.cc:990] InUse at 1319f3a000 of size 256 next 1048
2020-07-29 08:44:46.746803: I tensorflow/core/common_runtime/bfc_allocator.cc:990] InUse at 1319f3a100 of size 256 next 1243
2020-07-29 08:44:46.751044: I tensorflow/core/common_runtime/bfc_allocator.cc:990] InUse at 1319f3a200 of size 256 next 1216
2020-07-29 08:44:46.757439: I tensorflow/core/common_runtime/bfc_allocator.cc:990] InUse at 1319f3a300 of size 256 next 1258
2020-07-29 08:44:46.761330: I tensorflow/core/common_runtime/bfc_allocator.cc:990] InUse at 1319f3a400 of size 1024 next 1223
2020-07-29 08:44:46.764217: I tensorflow/core/common_runtime/bfc_allocator.cc:990] InUse at 1319f3a800 of size 1024 next 1045
2020-07-29 08:44:46.767147: I tensorflow/core/common_runtime/bfc_allocator.cc:990] InUse at 1319f3ac00 of size 256 next 1086
2020-07-29 08:44:46.771364: I tensorflow/core/common_runtime/bfc_allocator.cc:990] InUse at 1319f3ad00 of size 256 next 1259
2020-07-29 08:44:46.774236: I tensorflow/core/common_runtime/bfc_allocator.cc:990] InUse at 1319f3ae00 of size 256 next 1237
2020-07-29 08:44:46.777092: I tensorflow/core/common_runtime/bfc_allocator.cc:990] Free  at 1319f3af00 of size 256 next 1078
2020-07-29 08:44:46.781249: I tensorflow/core/common_runtime/bfc_allocator.cc:990] InUse at 1319f3b000 of size 262144 next 1079
2020-07-29 08:44:46.784201: I tensorflow/core/common_runtime/bfc_allocator.cc:990] Free  at 1319f7b000 of size 262144 next 1080
2020-07-29 08:44:46.787146: I tensorflow/core/common_runtime/bfc_allocator.cc:990] InUse at 1319fbb000 of size 2359296 next 1081
2020-07-29 08:44:46.791360: I tensorflow/core/common_runtime/bfc_allocator.cc:990] Free  at 131a1fb000 of size 2359296 next 1082
2020-07-29 08:44:46.794721: I tensorflow/core/common_runtime/bfc_allocator.cc:990] InUse at 131a43b000 of size 262144 next 1083
2020-07-29 08:44:46.797709: I tensorflow/core/common_runtime/bfc_allocator.cc:990] Free  at 131a47b000 of size 262144 next 1084
2020-07-29 08:44:46.801866: I tensorflow/core/common_runtime/bfc_allocator.cc:990] InUse at 131a4bb000 of size 221184 next 1085
2020-07-29 08:44:46.804788: I tensorflow/core/common_runtime/bfc_allocator.cc:990] Free  at 131a4f1000 of size 221440 next 1087
2020-07-29 08:44:46.807710: I tensorflow/core/common_runtime/bfc_allocator.cc:990] InUse at 131a527100 of size 256 next 1088
2020-07-29 08:44:46.811823: I tensorflow/core/common_runtime/bfc_allocator.cc:990] InUse at 131a527200 of size 256 next 1256
2020-07-29 08:44:46.814708: I tensorflow/core/common_runtime/bfc_allocator.cc:990] InUse at 131a527300 of size 256 next 1090
2020-07-29 08:44:46.817621: I tensorflow/core/common_runtime/bfc_allocator.cc:990] InUse at 131a527400 of size 256 next 1091
2020-07-29 08:44:46.821714: I tensorflow/core/common_runtime/bfc_allocator.cc:990] InUse at 131a527500 of size 256 next 1273
2020-07-29 08:44:46.824603: I tensorflow/core/common_runtime/bfc_allocator.cc:990] InUse at 131a527600 of size 256 next 1253
2020-07-29 08:44:46.827611: I tensorflow/core/common_runtime/bfc_allocator.cc:990] InUse at 131a527700 of size 256 next 1094
2020-07-29 08:44:46.831880: I tensorflow/core/common_runtime/bfc_allocator.cc:990] InUse at 131a527800 of size 65536 next 1095
2020-07-29 08:44:46.834840: I tensorflow/core/common_runtime/bfc_allocator.cc:990] Free  at 131a537800 of size 65536 next 1096
2020-07-29 08:44:46.837770: I tensorflow/core/common_runtime/bfc_allocator.cc:990] InUse at 131a547800 of size 65536 next 1097
2020-07-29 08:44:46.841927: I tensorflow/core/common_runtime/bfc_allocator.cc:990] Free  at 131a557800 of size 65536 next 1098
2020-07-29 08:44:46.844839: I tensorflow/core/common_runtime/bfc_allocator.cc:990] InUse at 131a567800 of size 147456 next 1099
2020-07-29 08:44:46.847788: I tensorflow/core/common_runtime/bfc_allocator.cc:990] Free  at 131a58b800 of size 147456 next 1100
2020-07-29 08:44:46.851959: I tensorflow/core/common_runtime/bfc_allocator.cc:990] InUse at 131a5af800 of size 65536 next 1101
2020-07-29 08:44:46.857355: I tensorflow/core/common_runtime/bfc_allocator.cc:990] Free  at 131a5bf800 of size 65536 next 1102
2020-07-29 08:44:46.861263: I tensorflow/core/common_runtime/bfc_allocator.cc:990] InUse at 131a5cf800 of size 2359296 next 1103
2020-07-29 08:44:46.864200: I tensorflow/core/common_runtime/bfc_allocator.cc:990] Free  at 131a80f800 of size 2359296 next 1104
2020-07-29 08:44:46.867575: I tensorflow/core/common_runtime/bfc_allocator.cc:990] InUse at 131aa4f800 of size 2359296 next 1105
2020-07-29 08:44:46.871762: I tensorflow/core/common_runtime/bfc_allocator.cc:990] Free  at 131ac8f800 of size 2359296 next 1106
2020-07-29 08:44:46.874711: I tensorflow/core/common_runtime/bfc_allocator.cc:990] InUse at 131aecf800 of size 2359296 next 1107
2020-07-29 08:44:46.877653: I tensorflow/core/common_runtime/bfc_allocator.cc:990] Free  at 131b10f800 of size 2359296 next 1108
2020-07-29 08:44:46.881812: I tensorflow/core/common_runtime/bfc_allocator.cc:990] InUse at 131b34f800 of size 1048576 next 1109
2020-07-29 08:44:46.884761: I tensorflow/core/common_runtime/bfc_allocator.cc:990] Free  at 131b44f800 of size 1048576 next 1110
2020-07-29 08:44:46.887705: I tensorflow/core/common_runtime/bfc_allocator.cc:990] InUse at 131b54f800 of size 4194304 next 1111
2020-07-29 08:44:46.891810: I tensorflow/core/common_runtime/bfc_allocator.cc:990] InUse at 131b94f800 of size 4194304 next 1112
2020-07-29 08:44:46.894751: I tensorflow/core/common_runtime/bfc_allocator.cc:990] InUse at 131bd4f800 of size 8388608 next 1113
2020-07-29 08:44:46.897703: I tensorflow/core/common_runtime/bfc_allocator.cc:990] InUse at 131c54f800 of size 3273728 next 1271
2020-07-29 08:44:46.901897: I tensorflow/core/common_runtime/bfc_allocator.cc:990] Free  at 131c86ec00 of size 5114880 next 1114
2020-07-29 08:44:46.904924: I tensorflow/core/common_runtime/bfc_allocator.cc:990] InUse at 131cd4f800 of size 2359296 next 1115
2020-07-29 08:44:46.907910: I tensorflow/core/common_runtime/bfc_allocator.cc:990] Free  at 131cf8f800 of size 2359296 next 1116
2020-07-29 08:44:46.912125: I tensorflow/core/common_runtime/bfc_allocator.cc:990] InUse at 131d1cf800 of size 4194304 next 1117
2020-07-29 08:44:46.915068: I tensorflow/core/common_runtime/bfc_allocator.cc:990] InUse at 131d5cf800 of size 4194304 next 1118
2020-07-29 08:44:46.918166: I tensorflow/core/common_runtime/bfc_allocator.cc:990] InUse at 131d9cf800 of size 2097152 next 1119
2020-07-29 08:44:46.922459: I tensorflow/core/common_runtime/bfc_allocator.cc:990] InUse at 131dbcf800 of size 2097152 next 1120
2020-07-29 08:44:46.925420: I tensorflow/core/common_runtime/bfc_allocator.cc:990] InUse at 131ddcf800 of size 9437184 next 1121
2020-07-29 08:44:46.928361: I tensorflow/core/common_runtime/bfc_allocator.cc:990] InUse at 131e6cf800 of size 9437184 next 1122
2020-07-29 08:44:46.932559: I tensorflow/core/common_runtime/bfc_allocator.cc:990] InUse at 131efcf800 of size 2359296 next 1123
2020-07-29 08:44:46.935918: I tensorflow/core/common_runtime/bfc_allocator.cc:990] Free  at 131f20f800 of size 2359296 next 1124
2020-07-29 08:44:46.938892: I tensorflow/core/common_runtime/bfc_allocator.cc:990] InUse at 131f44f800 of size 4194304 next 1125
2020-07-29 08:44:46.943056: I tensorflow/core/common_runtime/bfc_allocator.cc:990] InUse at 131f84f800 of size 4194304 next 1126
2020-07-29 08:44:46.945984: I tensorflow/core/common_runtime/bfc_allocator.cc:990] InUse at 131fc4f800 of size 2359296 next 1127
2020-07-29 08:44:46.948922: I tensorflow/core/common_runtime/bfc_allocator.cc:990] Free  at 131fe8f800 of size 2359296 next 1128
2020-07-29 08:44:46.953102: I tensorflow/core/common_runtime/bfc_allocator.cc:990] InUse at 13200cf800 of size 1048576 next 1129
2020-07-29 08:44:46.956037: I tensorflow/core/common_runtime/bfc_allocator.cc:990] Free  at 13201cf800 of size 1048576 next 1130
2020-07-29 08:44:46.960124: I tensorflow/core/common_runtime/bfc_allocator.cc:990] InUse at 13202cf800 of size 1048576 next 1131
2020-07-29 08:44:46.963061: I tensorflow/core/common_runtime/bfc_allocator.cc:990] Free  at 13203cf800 of size 1048576 next 1132
2020-07-29 08:44:46.965995: I tensorflow/core/common_runtime/bfc_allocator.cc:990] InUse at 13204cf800 of size 1048576 next 1133
2020-07-29 08:44:46.970174: I tensorflow/core/common_runtime/bfc_allocator.cc:990] Free  at 13205cf800 of size 1048576 next 1134
2020-07-29 08:44:46.973127: I tensorflow/core/common_runtime/bfc_allocator.cc:990] InUse at 13206cf800 of size 2359296 next 1135
2020-07-29 08:44:46.976060: I tensorflow/core/common_runtime/bfc_allocator.cc:990] Free  at 132090f800 of size 2359296 next 1136
2020-07-29 08:44:46.980236: I tensorflow/core/common_runtime/bfc_allocator.cc:990] InUse at 1320b4f800 of size 524288 next 1137
2020-07-29 08:44:46.983193: I tensorflow/core/common_runtime/bfc_allocator.cc:990] Free  at 1320bcf800 of size 524288 next 1138
2020-07-29 08:44:46.986130: I tensorflow/core/common_runtime/bfc_allocator.cc:990] InUse at 1320c4f800 of size 2359296 next 1139
2020-07-29 08:44:46.990196: I tensorflow/core/common_runtime/bfc_allocator.cc:990] Free  at 1320e8f800 of size 2359296 next 1140
2020-07-29 08:44:46.993142: I tensorflow/core/common_runtime/bfc_allocator.cc:990] InUse at 13210cf800 of size 4194304 next 1141
2020-07-29 08:44:46.996102: I tensorflow/core/common_runtime/bfc_allocator.cc:990] InUse at 13214cf800 of size 4194304 next 1142
2020-07-29 08:44:47.000272: I tensorflow/core/common_runtime/bfc_allocator.cc:990] InUse at 13218cf800 of size 4194304 next 1143
2020-07-29 08:44:47.003636: I tensorflow/core/common_runtime/bfc_allocator.cc:990] InUse at 1321ccf800 of size 4194304 next 1144
2020-07-29 08:44:47.006567: I tensorflow/core/common_runtime/bfc_allocator.cc:990] InUse at 13220cf800 of size 1048576 next 1145
2020-07-29 08:44:47.010662: I tensorflow/core/common_runtime/bfc_allocator.cc:990] Free  at 13221cf800 of size 1048576 next 1146
2020-07-29 08:44:47.013617: I tensorflow/core/common_runtime/bfc_allocator.cc:990] InUse at 13222cf800 of size 1048576 next 1147
2020-07-29 08:44:47.016575: I tensorflow/core/common_runtime/bfc_allocator.cc:990] Free  at 13223cf800 of size 1048576 next 1148
2020-07-29 08:44:47.020778: I tensorflow/core/common_runtime/bfc_allocator.cc:990] InUse at 13224cf800 of size 2097152 next 1149
2020-07-29 08:44:47.023729: I tensorflow/core/common_runtime/bfc_allocator.cc:990] InUse at 13226cf800 of size 2097152 next 1150
2020-07-29 08:44:47.026781: I tensorflow/core/common_runtime/bfc_allocator.cc:990] InUse at 13228cf800 of size 1048576 next 1151
2020-07-29 08:44:47.031040: I tensorflow/core/common_runtime/bfc_allocator.cc:990] Free  at 13229cf800 of size 1048576 next 1152
2020-07-29 08:44:47.034009: I tensorflow/core/common_runtime/bfc_allocator.cc:990] InUse at 1322acf800 of size 1048576 next 1153
2020-07-29 08:44:47.036971: I tensorflow/core/common_runtime/bfc_allocator.cc:990] Free  at 1322bcf800 of size 1048576 next 1154
2020-07-29 08:44:47.041160: I tensorflow/core/common_runtime/bfc_allocator.cc:990] InUse at 1322ccf800 of size 1048576 next 1155
2020-07-29 08:44:47.044108: I tensorflow/core/common_runtime/bfc_allocator.cc:990] Free  at 1322dcf800 of size 1048576 next 1156
2020-07-29 08:44:47.047088: I tensorflow/core/common_runtime/bfc_allocator.cc:990] InUse at 1322ecf800 of size 9437184 next 1157
2020-07-29 08:44:47.051296: I tensorflow/core/common_runtime/bfc_allocator.cc:990] InUse at 13237cf800 of size 9437184 next 1158
2020-07-29 08:44:47.057475: I tensorflow/core/common_runtime/bfc_allocator.cc:990] InUse at 13240cf800 of size 1048576 next 1159
2020-07-29 08:44:47.061427: I tensorflow/core/common_runtime/bfc_allocator.cc:990] Free  at 13241cf800 of size 1048576 next 1160
2020-07-29 08:44:47.064405: I tensorflow/core/common_runtime/bfc_allocator.cc:990] InUse at 13242cf800 of size 2359296 next 1161
2020-07-29 08:44:47.067406: I tensorflow/core/common_runtime/bfc_allocator.cc:990] Free  at 132450f800 of size 2359296 next 1162
2020-07-29 08:44:47.071597: I tensorflow/core/common_runtime/bfc_allocator.cc:990] InUse at 132474f800 of size 2359296 next 1163
2020-07-29 08:44:47.074552: I tensorflow/core/common_runtime/bfc_allocator.cc:990] Free  at 132498f800 of size 2359296 next 1164
2020-07-29 08:44:47.077505: I tensorflow/core/common_runtime/bfc_allocator.cc:990] InUse at 1324bcf800 of size 2359296 next 1165
2020-07-29 08:44:47.081699: I tensorflow/core/common_runtime/bfc_allocator.cc:990] Free  at 1324e0f800 of size 2359296 next 1166
2020-07-29 08:44:47.084646: I tensorflow/core/common_runtime/bfc_allocator.cc:990] InUse at 132504f800 of size 1048576 next 1167
2020-07-29 08:44:47.087575: I tensorflow/core/common_runtime/bfc_allocator.cc:990] Free  at 132514f800 of size 1048576 next 1168
2020-07-29 08:44:47.092022: I tensorflow/core/common_runtime/bfc_allocator.cc:990] InUse at 132524f800 of size 2097152 next 1169
2020-07-29 08:44:47.094969: I tensorflow/core/common_runtime/bfc_allocator.cc:990] Free  at 132544f800 of size 2097152 next 1170
2020-07-29 08:44:47.097915: I tensorflow/core/common_runtime/bfc_allocator.cc:990] InUse at 132564f800 of size 9437184 next 1171
2020-07-29 08:44:47.102124: I tensorflow/core/common_runtime/bfc_allocator.cc:990] InUse at 1325f4f800 of size 9437184 next 1172
2020-07-29 08:44:47.105066: I tensorflow/core/common_runtime/bfc_allocator.cc:990] InUse at 132684f800 of size 524288 next 1173
2020-07-29 08:44:47.108014: I tensorflow/core/common_runtime/bfc_allocator.cc:990] Free  at 13268cf800 of size 524288 next 1174
2020-07-29 08:44:47.112256: I tensorflow/core/common_runtime/bfc_allocator.cc:990] InUse at 132694f800 of size 2359296 next 1175
2020-07-29 08:44:47.115215: I tensorflow/core/common_runtime/bfc_allocator.cc:990] Free  at 1326b8f800 of size 2359296 next 1176
2020-07-29 08:44:47.118167: I tensorflow/core/common_runtime/bfc_allocator.cc:990] InUse at 1326dcf800 of size 2359296 next 1177
2020-07-29 08:44:47.122335: I tensorflow/core/common_runtime/bfc_allocator.cc:990] Free  at 132700f800 of size 2359296 next 1178
2020-07-29 08:44:47.125304: I tensorflow/core/common_runtime/bfc_allocator.cc:990] InUse at 132724f800 of size 1048576 next 1179
2020-07-29 08:44:47.128259: I tensorflow/core/common_runtime/bfc_allocator.cc:990] Free  at 132734f800 of size 1048576 next 1180
2020-07-29 08:44:47.132437: I tensorflow/core/common_runtime/bfc_allocator.cc:990] InUse at 132744f800 of size 262144 next 1181
2020-07-29 08:44:47.135398: I tensorflow/core/common_runtime/bfc_allocator.cc:990] Free  at 132748f800 of size 262144 next 1182
2020-07-29 08:44:47.138318: I tensorflow/core/common_runtime/bfc_allocator.cc:990] InUse at 13274cf800 of size 589824 next 1183
2020-07-29 08:44:47.142493: I tensorflow/core/common_runtime/bfc_allocator.cc:990] Free  at 132755f800 of size 589824 next 1184
2020-07-29 08:44:47.145412: I tensorflow/core/common_runtime/bfc_allocator.cc:990] InUse at 13275ef800 of size 589824 next 1185
2020-07-29 08:44:47.148337: I tensorflow/core/common_runtime/bfc_allocator.cc:990] Free  at 132767f800 of size 589824 next 1186
2020-07-29 08:44:47.152528: I tensorflow/core/common_runtime/bfc_allocator.cc:990] InUse at 132770f800 of size 262144 next 1187
2020-07-29 08:44:47.157427: I tensorflow/core/common_runtime/bfc_allocator.cc:990] Free  at 132774f800 of size 262144 next 1188
2020-07-29 08:44:47.161750: I tensorflow/core/common_runtime/bfc_allocator.cc:990] InUse at 132778f800 of size 2359296 next 1189
2020-07-29 08:44:47.164698: I tensorflow/core/common_runtime/bfc_allocator.cc:990] Free  at 13279cf800 of size 2359296 next 1190
2020-07-29 08:44:47.167657: I tensorflow/core/common_runtime/bfc_allocator.cc:990] InUse at 1327c0f800 of size 2359296 next 1191
2020-07-29 08:44:47.171852: I tensorflow/core/common_runtime/bfc_allocator.cc:990] Free  at 1327e4f800 of size 2361088 next 1199
2020-07-29 08:44:47.174800: I tensorflow/core/common_runtime/bfc_allocator.cc:990] InUse at 132808ff00 of size 110592 next 1200
2020-07-29 08:44:47.177724: I tensorflow/core/common_runtime/bfc_allocator.cc:990] Free  at 13280aaf00 of size 110592 next 1201
2020-07-29 08:44:47.181897: I tensorflow/core/common_runtime/bfc_allocator.cc:990] InUse at 13280c5f00 of size 262144 next 1202
2020-07-29 08:44:47.184837: I tensorflow/core/common_runtime/bfc_allocator.cc:990] Free  at 1328105f00 of size 262144 next 1203
2020-07-29 08:44:47.187810: I tensorflow/core/common_runtime/bfc_allocator.cc:990] InUse at 1328145f00 of size 2359296 next 1204
2020-07-29 08:44:47.191991: I tensorflow/core/common_runtime/bfc_allocator.cc:990] Free  at 1328385f00 of size 2359808 next 1207
2020-07-29 08:44:47.194980: I tensorflow/core/common_runtime/bfc_allocator.cc:990] InUse at 13285c6100 of size 2359296 next 1208
2020-07-29 08:44:47.197931: I tensorflow/core/common_runtime/bfc_allocator.cc:990] Free  at 1328806100 of size 2366976 next 1241
2020-07-29 08:44:47.202170: I tensorflow/core/common_runtime/bfc_allocator.cc:990] InUse at 1328a47f00 of size 256 next 1267
2020-07-29 08:44:47.205051: I tensorflow/core/common_runtime/bfc_allocator.cc:990] InUse at 1328a48000 of size 39321600 next 1238
2020-07-29 08:44:47.208026: I tensorflow/core/common_runtime/bfc_allocator.cc:990] InUse at 132afc8000 of size 40062464 next 1092
2020-07-29 08:44:47.212292: I tensorflow/core/common_runtime/bfc_allocator.cc:990] InUse at 132d5fce00 of size 40062464 next 1093
2020-07-29 08:44:47.215246: I tensorflow/core/common_runtime/bfc_allocator.cc:990] InUse at 132fc31c00 of size 209715200 next 1270
2020-07-29 08:44:47.218267: I tensorflow/core/common_runtime/bfc_allocator.cc:990] InUse at 133c431c00 of size 209715200 next 1268
2020-07-29 08:44:47.222491: I tensorflow/core/common_runtime/bfc_allocator.cc:990] InUse at 1348c31c00 of size 52428800 next 1219
2020-07-29 08:44:47.225443: I tensorflow/core/common_runtime/bfc_allocator.cc:990] InUse at 134be31c00 of size 52428800 next 1274
2020-07-29 08:44:47.228399: I tensorflow/core/common_runtime/bfc_allocator.cc:990] InUse at 134f031c00 of size 209715200 next 1051
2020-07-29 08:44:47.232572: I tensorflow/core/common_runtime/bfc_allocator.cc:990] InUse at 135b831c00 of size 52428800 next 1050
2020-07-29 08:44:47.235578: I tensorflow/core/common_runtime/bfc_allocator.cc:990] InUse at 135ea31c00 of size 52428800 next 1240
2020-07-29 08:44:47.238537: I tensorflow/core/common_runtime/bfc_allocator.cc:990] InUse at 1361c31c00 of size 52428800 next 1213
2020-07-29 08:44:47.242828: I tensorflow/core/common_runtime/bfc_allocator.cc:990] InUse at 1364e31c00 of size 209715200 next 1235
2020-07-29 08:44:47.245794: I tensorflow/core/common_runtime/bfc_allocator.cc:990] InUse at 1371631c00 of size 209715200 next 1211
2020-07-29 08:44:47.249882: I tensorflow/core/common_runtime/bfc_allocator.cc:990] InUse at 137de31c00 of size 52428800 next 1247
2020-07-29 08:44:47.254473: I tensorflow/core/common_runtime/bfc_allocator.cc:990] Free  at 1381031c00 of size 96579584 next 18446744073709551615
2020-07-29 08:44:47.257689: I tensorflow/core/common_runtime/bfc_allocator.cc:995]      Summary of in-use Chunks by size:
2020-07-29 08:44:47.261537: I tensorflow/core/common_runtime/bfc_allocator.cc:998] 160 Chunks of size 256 totalling 40.0KiB
2020-07-29 08:44:47.264472: I tensorflow/core/common_runtime/bfc_allocator.cc:998] 65 Chunks of size 512 totalling 32.5KiB
2020-07-29 08:44:47.267323: I tensorflow/core/common_runtime/bfc_allocator.cc:998] 489 Chunks of size 1024 totalling 489.0KiB
2020-07-29 08:44:47.271467: I tensorflow/core/common_runtime/bfc_allocator.cc:998] 4 Chunks of size 1280 totalling 5.0KiB
2020-07-29 08:44:47.274281: I tensorflow/core/common_runtime/bfc_allocator.cc:998] 1 Chunks of size 1536 totalling 1.5KiB
2020-07-29 08:44:47.277113: I tensorflow/core/common_runtime/bfc_allocator.cc:998] 1 Chunks of size 1792 totalling 1.8KiB
2020-07-29 08:44:47.281192: I tensorflow/core/common_runtime/bfc_allocator.cc:998] 80 Chunks of size 2048 totalling 160.0KiB
2020-07-29 08:44:47.284104: I tensorflow/core/common_runtime/bfc_allocator.cc:998] 3 Chunks of size 2560 totalling 7.5KiB
2020-07-29 08:44:47.286952: I tensorflow/core/common_runtime/bfc_allocator.cc:998] 1 Chunks of size 2816 totalling 2.8KiB
2020-07-29 08:44:47.291063: I tensorflow/core/common_runtime/bfc_allocator.cc:998] 3 Chunks of size 3072 totalling 9.0KiB
2020-07-29 08:44:47.293904: I tensorflow/core/common_runtime/bfc_allocator.cc:998] 5 Chunks of size 3328 totalling 16.3KiB
2020-07-29 08:44:47.296734: I tensorflow/core/common_runtime/bfc_allocator.cc:998] 46 Chunks of size 4096 totalling 184.0KiB
2020-07-29 08:44:47.301288: I tensorflow/core/common_runtime/bfc_allocator.cc:998] 6 Chunks of size 5120 totalling 30.0KiB
2020-07-29 08:44:47.304138: I tensorflow/core/common_runtime/bfc_allocator.cc:998] 4 Chunks of size 6144 totalling 24.0KiB
2020-07-29 08:44:47.307006: I tensorflow/core/common_runtime/bfc_allocator.cc:998] 1 Chunks of size 6912 totalling 6.8KiB
2020-07-29 08:44:47.311065: I tensorflow/core/common_runtime/bfc_allocator.cc:998] 28 Chunks of size 8192 totalling 224.0KiB
2020-07-29 08:44:47.313963: I tensorflow/core/common_runtime/bfc_allocator.cc:998] 2 Chunks of size 10240 totalling 20.0KiB
2020-07-29 08:44:47.316830: I tensorflow/core/common_runtime/bfc_allocator.cc:998] 2 Chunks of size 12288 totalling 24.0KiB
2020-07-29 08:44:47.321004: I tensorflow/core/common_runtime/bfc_allocator.cc:998] 1 Chunks of size 13056 totalling 12.8KiB
2020-07-29 08:44:47.323936: I tensorflow/core/common_runtime/bfc_allocator.cc:998] 3 Chunks of size 16384 totalling 48.0KiB
2020-07-29 08:44:47.326848: I tensorflow/core/common_runtime/bfc_allocator.cc:998] 1 Chunks of size 18176 totalling 17.8KiB
2020-07-29 08:44:47.330975: I tensorflow/core/common_runtime/bfc_allocator.cc:998] 4 Chunks of size 37632 totalling 147.0KiB
2020-07-29 08:44:47.333852: I tensorflow/core/common_runtime/bfc_allocator.cc:998] 18 Chunks of size 65536 totalling 1.13MiB
2020-07-29 08:44:47.336722: I tensorflow/core/common_runtime/bfc_allocator.cc:998] 1 Chunks of size 66816 totalling 65.3KiB
2020-07-29 08:44:47.340865: I tensorflow/core/common_runtime/bfc_allocator.cc:998] 1 Chunks of size 98304 totalling 96.0KiB
2020-07-29 08:44:47.343720: I tensorflow/core/common_runtime/bfc_allocator.cc:998] 4 Chunks of size 110592 totalling 432.0KiB
2020-07-29 08:44:47.346606: I tensorflow/core/common_runtime/bfc_allocator.cc:998] 1 Chunks of size 126976 totalling 124.0KiB
2020-07-29 08:44:47.350761: I tensorflow/core/common_runtime/bfc_allocator.cc:998] 3 Chunks of size 131072 totalling 384.0KiB
2020-07-29 08:44:47.357283: I tensorflow/core/common_runtime/bfc_allocator.cc:998] 9 Chunks of size 147456 totalling 1.27MiB
2020-07-29 08:44:47.361191: I tensorflow/core/common_runtime/bfc_allocator.cc:998] 3 Chunks of size 221184 totalling 648.0KiB
2020-07-29 08:44:47.364094: I tensorflow/core/common_runtime/bfc_allocator.cc:998] 24 Chunks of size 262144 totalling 6.00MiB
2020-07-29 08:44:47.366987: I tensorflow/core/common_runtime/bfc_allocator.cc:998] 2 Chunks of size 327680 totalling 640.0KiB
2020-07-29 08:44:47.371122: I tensorflow/core/common_runtime/bfc_allocator.cc:998] 1 Chunks of size 393216 totalling 384.0KiB
2020-07-29 08:44:47.374438: I tensorflow/core/common_runtime/bfc_allocator.cc:998] 9 Chunks of size 524288 totalling 4.50MiB
2020-07-29 08:44:47.377302: I tensorflow/core/common_runtime/bfc_allocator.cc:998] 1 Chunks of size 573440 totalling 560.0KiB
2020-07-29 08:44:47.381422: I tensorflow/core/common_runtime/bfc_allocator.cc:998] 12 Chunks of size 589824 totalling 6.75MiB
2020-07-29 08:44:47.384334: I tensorflow/core/common_runtime/bfc_allocator.cc:998] 1 Chunks of size 720896 totalling 704.0KiB
2020-07-29 08:44:47.387228: I tensorflow/core/common_runtime/bfc_allocator.cc:998] 1 Chunks of size 818432 totalling 799.3KiB
2020-07-29 08:44:47.391375: I tensorflow/core/common_runtime/bfc_allocator.cc:998] 36 Chunks of size 1048576 totalling 36.00MiB
2020-07-29 08:44:47.394292: I tensorflow/core/common_runtime/bfc_allocator.cc:998] 2 Chunks of size 1310720 totalling 2.50MiB
2020-07-29 08:44:47.397186: I tensorflow/core/common_runtime/bfc_allocator.cc:998] 1 Chunks of size 1572864 totalling 1.50MiB
2020-07-29 08:44:47.401330: I tensorflow/core/common_runtime/bfc_allocator.cc:998] 12 Chunks of size 2097152 totalling 24.00MiB
2020-07-29 08:44:47.404245: I tensorflow/core/common_runtime/bfc_allocator.cc:998] 55 Chunks of size 2359296 totalling 123.75MiB
2020-07-29 08:44:47.407200: I tensorflow/core/common_runtime/bfc_allocator.cc:998] 3 Chunks of size 2883584 totalling 8.25MiB
2020-07-29 08:44:47.411323: I tensorflow/core/common_runtime/bfc_allocator.cc:998] 1 Chunks of size 3239424 totalling 3.09MiB
2020-07-29 08:44:47.414209: I tensorflow/core/common_runtime/bfc_allocator.cc:998] 2 Chunks of size 3273728 totalling 6.24MiB
2020-07-29 08:44:47.417100: I tensorflow/core/common_runtime/bfc_allocator.cc:998] 3 Chunks of size 3670016 totalling 10.50MiB
2020-07-29 08:44:47.421271: I tensorflow/core/common_runtime/bfc_allocator.cc:998] 1 Chunks of size 3932160 totalling 3.75MiB
2020-07-29 08:44:47.424162: I tensorflow/core/common_runtime/bfc_allocator.cc:998] 24 Chunks of size 4194304 totalling 96.00MiB
2020-07-29 08:44:47.427083: I tensorflow/core/common_runtime/bfc_allocator.cc:998] 2 Chunks of size 6547200 totalling 12.49MiB
2020-07-29 08:44:47.431261: I tensorflow/core/common_runtime/bfc_allocator.cc:998] 2 Chunks of size 8388608 totalling 16.00MiB
2020-07-29 08:44:47.434172: I tensorflow/core/common_runtime/bfc_allocator.cc:998] 14 Chunks of size 9437184 totalling 126.00MiB
2020-07-29 08:44:47.437147: I tensorflow/core/common_runtime/bfc_allocator.cc:998] 1 Chunks of size 13346816 totalling 12.73MiB
2020-07-29 08:44:47.441307: I tensorflow/core/common_runtime/bfc_allocator.cc:998] 1 Chunks of size 20460032 totalling 19.51MiB
2020-07-29 08:44:47.444647: I tensorflow/core/common_runtime/bfc_allocator.cc:998] 1 Chunks of size 39321600 totalling 37.50MiB
2020-07-29 08:44:47.447559: I tensorflow/core/common_runtime/bfc_allocator.cc:998] 2 Chunks of size 40062464 totalling 76.41MiB
2020-07-29 08:44:47.451734: I tensorflow/core/common_runtime/bfc_allocator.cc:998] 6 Chunks of size 52428800 totalling 300.00MiB
2020-07-29 08:44:47.457452: I tensorflow/core/common_runtime/bfc_allocator.cc:998] 5 Chunks of size 209715200 totalling 1000.00MiB
2020-07-29 08:44:47.461422: I tensorflow/core/common_runtime/bfc_allocator.cc:1002] Sum Total of in-use chunks: 1.90GiB
2020-07-29 08:44:47.463861: I tensorflow/core/common_runtime/bfc_allocator.cc:1004] total_region_allocated_bytes_: 2202323968 memory_limit_: 2202324172 available bytes: 204 curr_region_allocation_bytes_: 4404648448
2020-07-29 08:44:47.469295: I tensorflow/core/common_runtime/bfc_allocator.cc:1010] Stats:
Limit:                  2202324172
InUse:                  2036394496
MaxInUse:               2037065728
NumAllocs:                    5863
MaxAllocSize:           1193304064

2020-07-29 08:44:47.476538: W tensorflow/core/common_runtime/bfc_allocator.cc:439] ************************************************************************************************____
2020-07-29 08:44:47.481841: W tensorflow/core/framework/op_kernel.cc:1753] OP_REQUIRES failed at conv_ops.cc:538 : Resource exhausted: OOM when allocating tensor with shape[8,256,160,160] and type float on /job:localhost/replica:0/task:0/device:GPU:0 by allocator GPU_0_bfc
Traceback (most recent call last):
  File "model_main_tf2.py", line 113, in <module>
    tf.compat.v1.app.run()
  File "C:\Users\CAE\Anaconda3\envs\tensorflow\lib\site-packages\tensorflow\python\platform\app.py", line 40, in run
    _run(main=main, argv=argv, flags_parser=_parse_flags_tolerate_undef)
  File "C:\Users\CAE\Anaconda3\envs\tensorflow\lib\site-packages\absl\app.py", line 299, in run
    _run_main(main, args)
  File "C:\Users\CAE\Anaconda3\envs\tensorflow\lib\site-packages\absl\app.py", line 250, in _run_main
    sys.exit(main(argv))
  File "model_main_tf2.py", line 104, in main
    model_lib_v2.train_loop(
  File "C:\Users\CAE\Anaconda3\envs\tensorflow\lib\site-packages\object_detection\model_lib_v2.py", line 631, in train_loop
    loss = _dist_train_step(train_input_iter)
  File "C:\Users\CAE\Anaconda3\envs\tensorflow\lib\site-packages\tensorflow\python\eager\def_function.py", line 580, in __call__
    result = self._call(*args, **kwds)
  File "C:\Users\CAE\Anaconda3\envs\tensorflow\lib\site-packages\tensorflow\python\eager\def_function.py", line 644, in _call
    return self._stateless_fn(*args, **kwds)
  File "C:\Users\CAE\Anaconda3\envs\tensorflow\lib\site-packages\tensorflow\python\eager\function.py", line 2420, in __call__
    return graph_function._filtered_call(args, kwargs)  # pylint: disable=protected-access
  File "C:\Users\CAE\Anaconda3\envs\tensorflow\lib\site-packages\tensorflow\python\eager\function.py", line 1661, in _filtered_call
    return self._call_flat(
  File "C:\Users\CAE\Anaconda3\envs\tensorflow\lib\site-packages\tensorflow\python\eager\function.py", line 1745, in _call_flat
    return self._build_call_outputs(self._inference_function.call(
  File "C:\Users\CAE\Anaconda3\envs\tensorflow\lib\site-packages\tensorflow\python\eager\function.py", line 593, in call
    outputs = execute.execute(
  File "C:\Users\CAE\Anaconda3\envs\tensorflow\lib\site-packages\tensorflow\python\eager\execute.py", line 59, in quick_execute
    tensors = pywrap_tfe.TFE_Py_Execute(ctx._handle, device_name, op_name,
tensorflow.python.framework.errors_impl.ResourceExhaustedError: 2 root error(s) found.
  (0) Resource exhausted:  OOM when allocating tensor with shape[8,256,160,160] and type float on /job:localhost/replica:0/task:0/device:GPU:0 by allocator GPU_0_bfc
         [[node ResNet50V1_FPN/model/conv2_block3_3_conv/Conv2D (defined at \site-packages\object_detection\models\ssd_resnet_v1_fpn_keras_feature_extractor.py:224) ]]
Hint: If you want to see a list of allocated tensors when OOM happens, add report_tensor_allocations_upon_oom to RunOptions for current allocation info.

         [[Identity_1/_306]]
Hint: If you want to see a list of allocated tensors when OOM happens, add report_tensor_allocations_upon_oom to RunOptions for current allocation info.

  (1) Resource exhausted:  OOM when allocating tensor with shape[8,256,160,160] and type float on /job:localhost/replica:0/task:0/device:GPU:0 by allocator GPU_0_bfc
         [[node ResNet50V1_FPN/model/conv2_block3_3_conv/Conv2D (defined at \site-packages\object_detection\models\ssd_resnet_v1_fpn_keras_feature_extractor.py:224) ]]
Hint: If you want to see a list of allocated tensors when OOM happens, add report_tensor_allocations_upon_oom to RunOptions for current allocation info.

0 successful operations.
0 derived errors ignored. [Op:__inference__dist_train_step_50566]

Function call stack:
_dist_train_step -> _dist_train_step
